[transformers] PyTorch was not found. Models won't be available and only tokenizers, configuration and file/data utilities can be used.
2026-09-18 15:08:53,844 INFO ubc_evict: evicted 5090.2 MB from UBC for ~/mlx-models/Muse-Glimmer-30B-mlx-4bit/model-00001-of-00004.safetensors
2026-09-18 15:08:53,866 INFO ubc_evict: evicted 5117.7 MB from UBC for ~/mlx-models/Muse-Glimmer-30B-mlx-4bit/model-00002-of-00004.safetensors
2026-09-18 15:08:53,891 INFO ubc_evict: evicted 5111.0 MB from UBC for ~/mlx-models/Muse-Glimmer-30B-mlx-4bit/model-00003-of-00004.safetensors
2026-09-18 15:08:53,903 INFO ubc_evict: evicted 5040.1 MB from UBC for ~/mlx-models/Muse-Glimmer-30B-mlx-4bit/model-00004-of-00004.safetensors
2026-09-18 15:08:53,903 INFO ubc_evict: pass complete total_mb=20359.0 elapsed_s=0.08
[transformers] You are using a model of type `muse_glimmer` to instantiate a model of type ``. This may be expected if you are loading a checkpoint that shares a subset of the architecture (e.g., loading a `sam2_video` checkpoint into `Sam2Model`), but is otherwise not supported and can yield errors. Please verify that the checkpoint is compatible with the model you are instantiating.
2026-09-18 15:08:54,770 INFO "GET /health HTTP/1.1" 503 -
2026-09-18 15:08:57,775 INFO "GET /health HTTP/1.1" 200 -
2026-09-18 15:08:57,777 INFO "GET /health HTTP/1.1" 200 -
2026-09-18 15:08:57,840 INFO "GET /v1/status HTTP/1.1" 200 -
2026-09-18 15:08:59,117 INFO "POST /v1/chat/completions HTTP/1.1" 200 -
2026-09-18 15:08:59,347 INFO "POST /v1/chat/completions HTTP/1.1" 200 -
2026-09-18 15:09:00,776 INFO "POST /v1/chat/completions HTTP/1.1" 200 -
2026-09-18 15:09:03,058 INFO "POST /v1/chat/completions HTTP/1.1" 200 -
2026-09-18 15:09:03,391 INFO "POST /v1/chat/completions HTTP/1.1" 200 -
2026-09-18 15:09:04,419 INFO "POST /v1/chat/completions HTTP/1.1" 200 -
2026-09-18 15:09:04,998 INFO "POST /v1/chat/completions HTTP/1.1" 200 -
2026-09-18 15:09:06,506 INFO "POST /v1/chat/completions HTTP/1.1" 200 -
2026-09-18 15:09:06,722 INFO "POST /v1/chat/completions HTTP/1.1" 200 -
2026-09-18 15:09:07,823 INFO "POST /v1/chat/completions HTTP/1.1" 200 -
2026-09-18 15:09:08,610 INFO "POST /v1/chat/completions HTTP/1.1" 200 -
2026-09-18 15:09:10,238 INFO "POST /v1/chat/completions HTTP/1.1" 200 -
2026-09-18 15:09:10,598 INFO "POST /v1/chat/completions HTTP/1.1" 200 -
2026-09-18 15:09:10,670 INFO "POST /v1/chat/completions HTTP/1.1" 200 -
2026-09-18 15:09:11,054 INFO "POST /v1/chat/completions HTTP/1.1" 200 -
2026-09-18 15:09:12,168 INFO "POST /v1/chat/completions HTTP/1.1" 200 -
2026-09-18 15:09:14,067 INFO "POST /v1/chat/completions HTTP/1.1" 200 -
2026-09-18 15:09:14,238 INFO "POST /v1/chat/completions HTTP/1.1" 200 -
2026-09-18 15:09:14,431 INFO "POST /v1/chat/completions HTTP/1.1" 200 -
2026-09-18 15:09:15,033 INFO "POST /v1/chat/completions HTTP/1.1" 200 -
2026-09-18 15:09:17,266 INFO "POST /v1/chat/completions HTTP/1.1" 200 -
2026-09-18 15:09:17,543 INFO "POST /v1/chat/completions HTTP/1.1" 200 -
2026-09-18 15:09:19,597 INFO "POST /v1/chat/completions HTTP/1.1" 200 -
2026-09-18 15:09:20,294 INFO "POST /v1/chat/completions HTTP/1.1" 200 -
2026-09-18 15:09:21,602 INFO "POST /v1/chat/completions HTTP/1.1" 200 -
2026-09-18 15:09:21,938 INFO "POST /v1/chat/completions HTTP/1.1" 200 -
2026-09-18 15:09:22,261 INFO "POST /v1/chat/completions HTTP/1.1" 200 -
2026-09-18 15:09:22,585 INFO "POST /v1/chat/completions HTTP/1.1" 200 -
2026-09-18 15:09:22,586 INFO "POST /v1/chat/completions HTTP/1.1" 200 -
2026-09-18 15:09:22,586 INFO "POST /v1/chat/completions HTTP/1.1" 200 -
2026-09-18 15:09:22,910 INFO "POST /v1/chat/completions HTTP/1.1" 200 -
2026-09-18 15:09:25,898 INFO "POST /v1/chat/completions HTTP/1.1" 200 -
2026-09-18 15:09:26,824 INFO "POST /v1/chat/completions HTTP/1.1" 200 -
2026-09-18 15:09:28,675 INFO "POST /v1/chat/completions HTTP/1.1" 200 -
2026-09-18 15:09:29,657 INFO "POST /v1/chat/completions HTTP/1.1" 200 -
2026-09-18 15:09:31,179 INFO "POST /v1/chat/completions HTTP/1.1" 200 -
2026-09-18 15:09:31,366 INFO "POST /v1/chat/completions HTTP/1.1" 200 -
2026-09-18 15:09:31,639 INFO "POST /v1/chat/completions HTTP/1.1" 200 -
2026-09-18 15:09:32,525 INFO "POST /v1/chat/completions HTTP/1.1" 200 -
2026-09-18 15:09:32,877 INFO "POST /v1/chat/completions HTTP/1.1" 200 -
2026-09-18 15:09:33,381 INFO "POST /v1/chat/completions HTTP/1.1" 200 -
2026-09-18 15:09:34,146 INFO "POST /v1/chat/completions HTTP/1.1" 200 -
2026-09-18 15:09:34,437 INFO "POST /v1/chat/completions HTTP/1.1" 200 -
2026-09-18 15:09:35,367 INFO "POST /v1/chat/completions HTTP/1.1" 200 -
2026-09-18 15:09:37,428 INFO "POST /v1/chat/completions HTTP/1.1" 200 -
2026-09-18 15:09:38,071 INFO "POST /v1/chat/completions HTTP/1.1" 200 -
2026-09-18 15:09:40,949 INFO "POST /v1/chat/completions HTTP/1.1" 200 -
2026-09-18 15:09:41,670 INFO "POST /v1/chat/completions HTTP/1.1" 200 -
2026-09-18 15:09:41,747 INFO "POST /v1/chat/completions HTTP/1.1" 200 -
2026-09-18 15:09:42,060 INFO "POST /v1/chat/completions HTTP/1.1" 200 -
2026-09-18 15:09:42,716 INFO "POST /v1/chat/completions HTTP/1.1" 200 -
2026-09-18 15:09:44,121 INFO "POST /v1/chat/completions HTTP/1.1" 200 -
2026-09-18 15:09:45,747 INFO "POST /v1/chat/completions HTTP/1.1" 200 -
2026-09-18 15:09:48,124 INFO "POST /v1/chat/completions HTTP/1.1" 200 -
2026-09-18 15:09:49,531 INFO "POST /v1/chat/completions HTTP/1.1" 200 -
2026-09-18 15:09:50,339 INFO "POST /v1/chat/completions HTTP/1.1" 200 -
2026-09-18 15:09:50,638 INFO "POST /v1/chat/completions HTTP/1.1" 200 -
2026-09-18 15:09:51,314 INFO "POST /v1/chat/completions HTTP/1.1" 200 -
2026-09-18 15:09:51,934 INFO "POST /v1/chat/completions HTTP/1.1" 200 -
2026-09-18 15:09:52,222 INFO "POST /v1/chat/completions HTTP/1.1" 200 -
2026-09-18 15:09:52,753 INFO "POST /v1/chat/completions HTTP/1.1" 200 -
2026-09-18 15:09:53,444 INFO "POST /v1/chat/completions HTTP/1.1" 200 -
2026-09-18 15:09:54,078 INFO "POST /v1/chat/completions HTTP/1.1" 200 -
2026-09-18 15:09:54,321 INFO "POST /v1/chat/completions HTTP/1.1" 200 -
2026-09-18 15:09:54,321 INFO "POST /v1/chat/completions HTTP/1.1" 200 -
2026-09-18 15:09:57,293 INFO "POST /v1/chat/completions HTTP/1.1" 200 -
2026-09-18 15:09:57,992 INFO "POST /v1/chat/completions HTTP/1.1" 200 -
2026-09-18 15:09:58,291 INFO "POST /v1/chat/completions HTTP/1.1" 200 -
2026-09-18 15:10:01,365 INFO "POST /v1/chat/completions HTTP/1.1" 200 -
2026-09-18 15:10:02,743 INFO "POST /v1/chat/completions HTTP/1.1" 200 -
2026-09-18 15:10:03,157 INFO "POST /v1/chat/completions HTTP/1.1" 200 -
2026-09-18 15:10:03,161 INFO "POST /v1/chat/completions HTTP/1.1" 200 -
2026-09-18 15:10:06,526 INFO "POST /v1/chat/completions HTTP/1.1" 200 -
2026-09-18 15:10:06,526 INFO "POST /v1/chat/completions HTTP/1.1" 200 -
2026-09-18 15:10:10,212 INFO "POST /v1/chat/completions HTTP/1.1" 200 -
2026-09-18 15:10:10,212 INFO "POST /v1/chat/completions HTTP/1.1" 200 -
2026-09-18 15:10:10,369 INFO "POST /v1/chat/completions HTTP/1.1" 200 -
2026-09-18 15:10:10,777 INFO "POST /v1/chat/completions HTTP/1.1" 200 -
2026-09-18 15:10:11,617 INFO "POST /v1/chat/completions HTTP/1.1" 200 -
2026-09-18 15:10:11,758 INFO "POST /v1/chat/completions HTTP/1.1" 200 -
2026-09-18 15:10:12,821 INFO "POST /v1/chat/completions HTTP/1.1" 200 -
2026-09-18 15:10:12,821 INFO "POST /v1/chat/completions HTTP/1.1" 200 -
2026-09-18 15:10:13,074 INFO "POST /v1/chat/completions HTTP/1.1" 200 -
2026-09-18 15:10:13,767 INFO "POST /v1/chat/completions HTTP/1.1" 200 -
2026-09-18 15:10:18,809 INFO "POST /v1/chat/completions HTTP/1.1" 200 -
2026-09-18 15:10:20,223 INFO "POST /v1/chat/completions HTTP/1.1" 200 -
2026-09-18 15:10:20,223 INFO "POST /v1/chat/completions HTTP/1.1" 200 -
2026-09-18 15:10:20,422 INFO "POST /v1/chat/completions HTTP/1.1" 200 -
2026-09-18 15:10:20,422 INFO "POST /v1/chat/completions HTTP/1.1" 200 -
2026-09-18 15:10:21,532 INFO "POST /v1/chat/completions HTTP/1.1" 200 -
2026-09-18 15:10:22,989 INFO "POST /v1/chat/completions HTTP/1.1" 200 -
2026-09-18 15:10:23,072 INFO "POST /v1/chat/completions HTTP/1.1" 200 -
2026-09-18 15:10:24,340 INFO "POST /v1/chat/completions HTTP/1.1" 200 -
2026-09-18 15:10:24,556 INFO "POST /v1/chat/completions HTTP/1.1" 200 -
2026-09-18 15:10:26,130 INFO "POST /v1/chat/completions HTTP/1.1" 200 -
2026-09-18 15:10:29,133 INFO "POST /v1/chat/completions HTTP/1.1" 200 -
2026-09-18 15:10:29,416 INFO "POST /v1/chat/completions HTTP/1.1" 200 -
2026-09-18 15:10:29,540 INFO "POST /v1/chat/completions HTTP/1.1" 200 -
2026-09-18 15:10:30,190 INFO "POST /v1/chat/completions HTTP/1.1" 200 -
2026-09-18 15:10:30,338 INFO "POST /v1/chat/completions HTTP/1.1" 200 -
2026-09-18 15:10:30,857 INFO "POST /v1/chat/completions HTTP/1.1" 200 -
2026-09-18 15:10:30,857 INFO "POST /v1/chat/completions HTTP/1.1" 200 -
2026-09-18 15:10:33,549 INFO "POST /v1/chat/completions HTTP/1.1" 200 -
2026-09-18 15:10:35,867 INFO "POST /v1/chat/completions HTTP/1.1" 200 -
2026-09-18 15:10:35,867 INFO "POST /v1/chat/completions HTTP/1.1" 200 -
2026-09-18 15:10:36,267 INFO "POST /v1/chat/completions HTTP/1.1" 200 -
2026-09-18 15:10:37,412 INFO "POST /v1/chat/completions HTTP/1.1" 200 -
2026-09-18 15:10:38,664 INFO "POST /v1/chat/completions HTTP/1.1" 200 -
2026-09-18 15:10:39,238 INFO "POST /v1/chat/completions HTTP/1.1" 200 -
2026-09-18 15:10:40,055 INFO "POST /v1/chat/completions HTTP/1.1" 200 -
2026-09-18 15:10:41,539 INFO "POST /v1/chat/completions HTTP/1.1" 200 -
2026-09-18 15:10:41,956 INFO "POST /v1/chat/completions HTTP/1.1" 200 -
2026-09-18 15:10:44,985 INFO "POST /v1/chat/completions HTTP/1.1" 200 -
2026-09-18 15:10:44,985 INFO "POST /v1/chat/completions HTTP/1.1" 200 -
2026-09-18 15:10:47,048 INFO "POST /v1/chat/completions HTTP/1.1" 200 -
2026-09-18 15:10:47,802 INFO "POST /v1/chat/completions HTTP/1.1" 200 -
2026-09-18 15:10:49,201 INFO "POST /v1/chat/completions HTTP/1.1" 200 -
2026-09-18 15:10:49,204 INFO "POST /v1/chat/completions HTTP/1.1" 200 -
2026-09-18 15:10:49,438 INFO "POST /v1/chat/completions HTTP/1.1" 200 -
2026-09-18 15:10:50,405 INFO "POST /v1/chat/completions HTTP/1.1" 200 -
2026-09-18 15:10:51,753 INFO "POST /v1/chat/completions HTTP/1.1" 200 -
2026-09-18 15:10:53,125 INFO "POST /v1/chat/completions HTTP/1.1" 200 -
2026-09-18 15:10:53,765 INFO "POST /v1/chat/completions HTTP/1.1" 200 -
2026-09-18 15:10:54,030 INFO "POST /v1/chat/completions HTTP/1.1" 200 -
2026-09-18 15:10:56,341 INFO "POST /v1/chat/completions HTTP/1.1" 200 -
2026-09-18 15:10:58,342 INFO "POST /v1/chat/completions HTTP/1.1" 200 -
2026-09-18 15:10:58,343 INFO "POST /v1/chat/completions HTTP/1.1" 200 -
2026-09-18 15:10:59,527 INFO "POST /v1/chat/completions HTTP/1.1" 200 -
2026-09-18 15:10:59,527 INFO "POST /v1/chat/completions HTTP/1.1" 200 -
2026-09-18 15:11:00,253 INFO "POST /v1/chat/completions HTTP/1.1" 200 -
2026-09-18 15:11:00,963 INFO "POST /v1/chat/completions HTTP/1.1" 200 -
2026-09-18 15:11:02,697 INFO "POST /v1/chat/completions HTTP/1.1" 200 -
2026-09-18 15:11:04,351 INFO "POST /v1/chat/completions HTTP/1.1" 200 -
2026-09-18 15:11:04,487 INFO "POST /v1/chat/completions HTTP/1.1" 200 -
2026-09-18 15:11:08,324 INFO "POST /v1/chat/completions HTTP/1.1" 200 -
2026-09-18 15:11:09,462 INFO "POST /v1/chat/completions HTTP/1.1" 200 -
2026-09-18 15:11:09,675 INFO "POST /v1/chat/completions HTTP/1.1" 200 -
2026-09-18 15:11:10,140 INFO "POST /v1/chat/completions HTTP/1.1" 200 -
2026-09-18 15:11:11,162 INFO "POST /v1/chat/completions HTTP/1.1" 200 -
2026-09-18 15:11:11,257 INFO "POST /v1/chat/completions HTTP/1.1" 200 -
2026-09-18 15:11:14,351 INFO "POST /v1/chat/completions HTTP/1.1" 200 -
2026-09-18 15:11:14,874 INFO "POST /v1/chat/completions HTTP/1.1" 200 -
2026-09-18 15:11:15,493 INFO "POST /v1/chat/completions HTTP/1.1" 200 -
2026-09-18 15:11:16,215 INFO "POST /v1/chat/completions HTTP/1.1" 200 -
2026-09-18 15:11:16,215 INFO "POST /v1/chat/completions HTTP/1.1" 200 -
2026-09-18 15:11:17,891 INFO "POST /v1/chat/completions HTTP/1.1" 200 -
2026-09-18 15:11:19,723 INFO "POST /v1/chat/completions HTTP/1.1" 200 -
2026-09-18 15:11:20,562 INFO "POST /v1/chat/completions HTTP/1.1" 200 -
2026-09-18 15:11:20,797 INFO "POST /v1/chat/completions HTTP/1.1" 200 -
2026-09-18 15:11:22,575 INFO "POST /v1/chat/completions HTTP/1.1" 200 -
2026-09-18 15:11:23,140 INFO "POST /v1/chat/completions HTTP/1.1" 200 -
2026-09-18 15:11:24,609 INFO "POST /v1/chat/completions HTTP/1.1" 200 -
2026-09-18 15:11:26,496 INFO "POST /v1/chat/completions HTTP/1.1" 200 -
2026-09-18 15:11:26,653 INFO "POST /v1/chat/completions HTTP/1.1" 200 -
2026-09-18 15:11:28,047 INFO "POST /v1/chat/completions HTTP/1.1" 200 -
2026-09-18 15:11:30,629 INFO "POST /v1/chat/completions HTTP/1.1" 200 -
2026-09-18 15:11:31,194 INFO "POST /v1/chat/completions HTTP/1.1" 200 -
2026-09-18 15:11:31,618 INFO "POST /v1/chat/completions HTTP/1.1" 200 -
2026-09-18 15:11:31,773 INFO "POST /v1/chat/completions HTTP/1.1" 200 -
2026-09-18 15:11:32,297 INFO "POST /v1/chat/completions HTTP/1.1" 200 -
2026-09-18 15:11:33,139 INFO "POST /v1/chat/completions HTTP/1.1" 200 -
2026-09-18 15:11:33,461 INFO "POST /v1/chat/completions HTTP/1.1" 200 -
2026-09-18 15:11:34,694 INFO "POST /v1/chat/completions HTTP/1.1" 200 -
2026-09-18 15:11:34,694 INFO "POST /v1/chat/completions HTTP/1.1" 200 -
2026-09-18 15:11:38,035 INFO "POST /v1/chat/completions HTTP/1.1" 200 -
2026-09-18 15:11:39,402 INFO "POST /v1/chat/completions HTTP/1.1" 200 -
2026-09-18 15:11:40,164 INFO "POST /v1/chat/completions HTTP/1.1" 200 -
2026-09-18 15:11:40,570 INFO "POST /v1/chat/completions HTTP/1.1" 200 -
2026-09-18 15:11:41,084 INFO "POST /v1/chat/completions HTTP/1.1" 200 -
2026-09-18 15:11:41,275 INFO "POST /v1/chat/completions HTTP/1.1" 200 -
2026-09-18 15:11:43,901 INFO "POST /v1/chat/completions HTTP/1.1" 200 -
2026-09-18 15:11:45,945 INFO "POST /v1/chat/completions HTTP/1.1" 200 -
2026-09-18 15:11:46,148 INFO "POST /v1/chat/completions HTTP/1.1" 200 -
2026-09-18 15:11:46,494 INFO "POST /v1/chat/completions HTTP/1.1" 200 -
2026-09-18 15:11:48,975 INFO "POST /v1/chat/completions HTTP/1.1" 200 -
2026-09-18 15:11:50,844 INFO "POST /v1/chat/completions HTTP/1.1" 200 -
2026-09-18 15:11:51,274 INFO "POST /v1/chat/completions HTTP/1.1" 200 -
2026-09-18 15:11:52,576 INFO "POST /v1/chat/completions HTTP/1.1" 200 -
2026-09-18 15:11:52,655 INFO "POST /v1/chat/completions HTTP/1.1" 200 -
2026-09-18 15:11:53,107 INFO "POST /v1/chat/completions HTTP/1.1" 200 -
2026-09-18 15:11:54,000 INFO "POST /v1/chat/completions HTTP/1.1" 200 -
2026-09-18 15:11:54,357 INFO "POST /v1/chat/completions HTTP/1.1" 200 -
2026-09-18 15:11:54,624 INFO "POST /v1/chat/completions HTTP/1.1" 200 -
2026-09-18 15:11:54,943 INFO "POST /v1/chat/completions HTTP/1.1" 200 -
2026-09-18 15:11:55,205 INFO "POST /v1/chat/completions HTTP/1.1" 200 -
2026-09-18 15:11:58,706 INFO "POST /v1/chat/completions HTTP/1.1" 200 -
2026-09-18 15:11:59,805 INFO "POST /v1/chat/completions HTTP/1.1" 200 -
2026-09-18 15:12:01,968 INFO "POST /v1/chat/completions HTTP/1.1" 200 -
2026-09-18 15:12:01,990 INFO "POST /v1/chat/completions HTTP/1.1" 200 -
2026-09-18 15:12:03,599 INFO "POST /v1/chat/completions HTTP/1.1" 200 -
2026-09-18 15:12:04,924 INFO "POST /v1/chat/completions HTTP/1.1" 200 -
2026-09-18 15:12:06,072 INFO "POST /v1/chat/completions HTTP/1.1" 200 -
2026-09-18 15:12:10,393 INFO "POST /v1/chat/completions HTTP/1.1" 200 -
2026-09-18 15:12:10,717 INFO "POST /v1/chat/completions HTTP/1.1" 200 -
2026-09-18 15:12:13,726 INFO "POST /v1/chat/completions HTTP/1.1" 200 -
2026-09-18 15:12:13,924 INFO "POST /v1/chat/completions HTTP/1.1" 200 -
2026-09-18 15:12:14,053 INFO "POST /v1/chat/completions HTTP/1.1" 200 -
2026-09-18 15:12:14,055 INFO "POST /v1/chat/completions HTTP/1.1" 200 -
2026-09-18 15:12:15,673 INFO "POST /v1/chat/completions HTTP/1.1" 200 -
2026-09-18 15:12:16,121 INFO "POST /v1/chat/completions HTTP/1.1" 200 -
2026-09-18 15:12:16,496 INFO "POST /v1/chat/completions HTTP/1.1" 200 -
2026-09-18 15:12:20,457 INFO "POST /v1/chat/completions HTTP/1.1" 200 -
2026-09-18 15:12:20,457 INFO "POST /v1/chat/completions HTTP/1.1" 200 -
2026-09-18 15:12:21,661 INFO "POST /v1/chat/completions HTTP/1.1" 200 -
2026-09-18 15:12:22,171 INFO "POST /v1/chat/completions HTTP/1.1" 200 -
2026-09-18 15:12:22,174 INFO "POST /v1/chat/completions HTTP/1.1" 200 -
2026-09-18 15:12:23,709 INFO "POST /v1/chat/completions HTTP/1.1" 200 -
2026-09-18 15:12:24,105 INFO "POST /v1/chat/completions HTTP/1.1" 200 -
2026-09-18 15:12:24,105 INFO "POST /v1/chat/completions HTTP/1.1" 200 -
2026-09-18 15:12:24,105 INFO "POST /v1/chat/completions HTTP/1.1" 200 -
2026-09-18 15:12:26,160 INFO "POST /v1/chat/completions HTTP/1.1" 200 -
2026-09-18 15:12:26,568 INFO "POST /v1/chat/completions HTTP/1.1" 200 -
2026-09-18 15:12:31,240 INFO "POST /v1/chat/completions HTTP/1.1" 200 -
2026-09-18 15:12:32,506 INFO "POST /v1/chat/completions HTTP/1.1" 200 -
2026-09-18 15:12:35,568 INFO "POST /v1/chat/completions HTTP/1.1" 200 -
2026-09-18 15:12:36,620 INFO "POST /v1/chat/completions HTTP/1.1" 200 -
2026-09-18 15:12:37,218 INFO "POST /v1/chat/completions HTTP/1.1" 200 -
2026-09-18 15:12:37,218 INFO "POST /v1/chat/completions HTTP/1.1" 200 -
2026-09-18 15:12:38,867 INFO "POST /v1/chat/completions HTTP/1.1" 200 -
2026-09-18 15:12:38,867 INFO "POST /v1/chat/completions HTTP/1.1" 200 -
2026-09-18 15:12:39,424 INFO "POST /v1/chat/completions HTTP/1.1" 200 -
2026-09-18 15:12:42,923 INFO "POST /v1/chat/completions HTTP/1.1" 200 -
2026-09-18 15:12:43,943 INFO "POST /v1/chat/completions HTTP/1.1" 200 -
2026-09-18 15:12:44,690 INFO "POST /v1/chat/completions HTTP/1.1" 200 -
2026-09-18 15:12:44,691 INFO "POST /v1/chat/completions HTTP/1.1" 200 -
2026-09-18 15:12:45,450 INFO "POST /v1/chat/completions HTTP/1.1" 200 -
2026-09-18 15:12:45,450 INFO "POST /v1/chat/completions HTTP/1.1" 200 -
2026-09-18 15:12:46,520 INFO "POST /v1/chat/completions HTTP/1.1" 200 -
2026-09-18 15:12:47,330 INFO "POST /v1/chat/completions HTTP/1.1" 200 -
2026-09-18 15:12:49,714 INFO "POST /v1/chat/completions HTTP/1.1" 200 -
2026-09-18 15:12:50,350 INFO "POST /v1/chat/completions HTTP/1.1" 200 -
2026-09-18 15:12:52,507 INFO "POST /v1/chat/completions HTTP/1.1" 200 -
2026-09-18 15:12:52,507 INFO "POST /v1/chat/completions HTTP/1.1" 200 -
2026-09-18 15:12:52,886 INFO "POST /v1/chat/completions HTTP/1.1" 200 -
2026-09-18 15:12:53,022 INFO "POST /v1/chat/completions HTTP/1.1" 200 -
2026-09-18 15:12:54,106 INFO "POST /v1/chat/completions HTTP/1.1" 200 -
2026-09-18 15:12:56,704 INFO "POST /v1/chat/completions HTTP/1.1" 200 -
2026-09-18 15:12:56,983 INFO "POST /v1/chat/completions HTTP/1.1" 200 -
2026-09-18 15:12:58,409 INFO "POST /v1/chat/completions HTTP/1.1" 200 -
2026-09-18 15:12:58,487 INFO "POST /v1/chat/completions HTTP/1.1" 200 -
2026-09-18 15:13:00,641 INFO "POST /v1/chat/completions HTTP/1.1" 200 -
2026-09-18 15:13:02,053 INFO "POST /v1/chat/completions HTTP/1.1" 200 -
2026-09-18 15:13:02,836 INFO "POST /v1/chat/completions HTTP/1.1" 200 -
2026-09-18 15:13:03,190 INFO "POST /v1/chat/completions HTTP/1.1" 200 -
2026-09-18 15:13:03,537 INFO "POST /v1/chat/completions HTTP/1.1" 200 -
2026-09-18 15:13:05,155 INFO "POST /v1/chat/completions HTTP/1.1" 200 -
2026-09-18 15:13:06,443 INFO "POST /v1/chat/completions HTTP/1.1" 200 -
2026-09-18 15:13:06,444 INFO "POST /v1/chat/completions HTTP/1.1" 200 -
2026-09-18 15:13:07,369 INFO "POST /v1/chat/completions HTTP/1.1" 200 -
2026-09-18 15:13:07,372 INFO "POST /v1/chat/completions HTTP/1.1" 200 -
2026-09-18 15:13:09,652 INFO "POST /v1/chat/completions HTTP/1.1" 200 -
2026-09-18 15:13:10,159 INFO "POST /v1/chat/completions HTTP/1.1" 200 -
2026-09-18 15:13:12,884 INFO "POST /v1/chat/completions HTTP/1.1" 200 -
2026-09-18 15:13:15,367 INFO "POST /v1/chat/completions HTTP/1.1" 200 -
2026-09-18 15:13:17,039 INFO "POST /v1/chat/completions HTTP/1.1" 200 -
2026-09-18 15:13:17,377 INFO "POST /v1/chat/completions HTTP/1.1" 200 -
2026-09-18 15:13:17,970 INFO "POST /v1/chat/completions HTTP/1.1" 200 -
2026-09-18 15:13:18,195 INFO "POST /v1/chat/completions HTTP/1.1" 200 -
2026-09-18 15:13:19,199 INFO "POST /v1/chat/completions HTTP/1.1" 200 -
2026-09-18 15:13:19,715 INFO "POST /v1/chat/completions HTTP/1.1" 200 -
2026-09-18 15:13:21,774 INFO "POST /v1/chat/completions HTTP/1.1" 200 -
2026-09-18 15:13:22,775 INFO "POST /v1/chat/completions HTTP/1.1" 200 -
2026-09-18 15:13:23,143 INFO "POST /v1/chat/completions HTTP/1.1" 200 -
2026-09-18 15:13:23,143 INFO "POST /v1/chat/completions HTTP/1.1" 200 -
2026-09-18 15:13:23,143 INFO "POST /v1/chat/completions HTTP/1.1" 200 -
2026-09-18 15:13:23,383 INFO "POST /v1/chat/completions HTTP/1.1" 200 -
2026-09-18 15:13:28,638 INFO "POST /v1/chat/completions HTTP/1.1" 200 -
2026-09-18 15:13:28,828 INFO "POST /v1/chat/completions HTTP/1.1" 200 -
2026-09-18 15:13:29,087 INFO "POST /v1/chat/completions HTTP/1.1" 200 -
2026-09-18 15:13:29,270 INFO "POST /v1/chat/completions HTTP/1.1" 200 -
2026-09-18 15:13:31,396 INFO "POST /v1/chat/completions HTTP/1.1" 200 -
2026-09-18 15:13:31,525 INFO "POST /v1/chat/completions HTTP/1.1" 200 -
2026-09-18 15:13:34,563 INFO "POST /v1/chat/completions HTTP/1.1" 200 -
2026-09-18 15:13:34,830 INFO "POST /v1/chat/completions HTTP/1.1" 200 -
2026-09-18 15:13:38,644 INFO "POST /v1/chat/completions HTTP/1.1" 200 -
2026-09-18 15:13:40,044 INFO "POST /v1/chat/completions HTTP/1.1" 200 -
2026-09-18 15:13:40,614 INFO "POST /v1/chat/completions HTTP/1.1" 200 -
2026-09-18 15:13:40,974 INFO "POST /v1/chat/completions HTTP/1.1" 200 -
2026-09-18 15:13:42,427 INFO "POST /v1/chat/completions HTTP/1.1" 200 -
2026-09-18 15:13:42,506 INFO "POST /v1/chat/completions HTTP/1.1" 200 -
2026-09-18 15:13:43,075 INFO "POST /v1/chat/completions HTTP/1.1" 200 -
2026-09-18 15:13:45,366 INFO "POST /v1/chat/completions HTTP/1.1" 200 -
2026-09-18 15:13:45,681 INFO "POST /v1/chat/completions HTTP/1.1" 200 -
2026-09-18 15:13:48,458 INFO "POST /v1/chat/completions HTTP/1.1" 200 -
2026-09-18 15:13:49,815 INFO "POST /v1/chat/completions HTTP/1.1" 200 -
2026-09-18 15:13:50,251 INFO "POST /v1/chat/completions HTTP/1.1" 200 -
2026-09-18 15:13:50,555 INFO "POST /v1/chat/completions HTTP/1.1" 200 -
2026-09-18 15:13:51,236 INFO "POST /v1/chat/completions HTTP/1.1" 200 -
2026-09-18 15:13:51,237 INFO "POST /v1/chat/completions HTTP/1.1" 200 -
2026-09-18 15:13:51,766 INFO "POST /v1/chat/completions HTTP/1.1" 200 -
2026-09-18 15:13:53,448 INFO "POST /v1/chat/completions HTTP/1.1" 200 -
2026-09-18 15:13:54,588 INFO "POST /v1/chat/completions HTTP/1.1" 200 -
2026-09-18 15:13:56,436 INFO "POST /v1/chat/completions HTTP/1.1" 200 -
2026-09-18 15:13:58,427 INFO "POST /v1/chat/completions HTTP/1.1" 200 -
2026-09-18 15:14:01,510 INFO "POST /v1/chat/completions HTTP/1.1" 200 -
2026-09-18 15:14:03,648 INFO "POST /v1/chat/completions HTTP/1.1" 200 -
2026-09-18 15:14:05,729 INFO "POST /v1/chat/completions HTTP/1.1" 200 -
2026-09-18 15:14:06,011 INFO "POST /v1/chat/completions HTTP/1.1" 200 -
2026-09-18 15:14:06,660 INFO "POST /v1/chat/completions HTTP/1.1" 200 -
2026-09-18 15:14:07,797 INFO "POST /v1/chat/completions HTTP/1.1" 200 -
2026-09-18 15:14:08,372 INFO "POST /v1/chat/completions HTTP/1.1" 200 -
2026-09-18 15:14:08,636 INFO "POST /v1/chat/completions HTTP/1.1" 200 -
2026-09-18 15:14:09,189 INFO "POST /v1/chat/completions HTTP/1.1" 200 -
2026-09-18 15:14:10,785 INFO "POST /v1/chat/completions HTTP/1.1" 200 -
2026-09-18 15:14:10,787 INFO "POST /v1/chat/completions HTTP/1.1" 200 -
2026-09-18 15:14:13,970 INFO "POST /v1/chat/completions HTTP/1.1" 200 -
2026-09-18 15:14:13,970 INFO "POST /v1/chat/completions HTTP/1.1" 200 -
2026-09-18 15:14:16,724 INFO "POST /v1/chat/completions HTTP/1.1" 200 -
2026-09-18 15:14:16,725 INFO "POST /v1/chat/completions HTTP/1.1" 200 -
2026-09-18 15:14:16,954 INFO "POST /v1/chat/completions HTTP/1.1" 200 -
2026-09-18 15:14:17,478 INFO "POST /v1/chat/completions HTTP/1.1" 200 -
2026-09-18 15:14:19,162 INFO "POST /v1/chat/completions HTTP/1.1" 200 -
2026-09-18 15:14:22,359 INFO "POST /v1/chat/completions HTTP/1.1" 200 -
2026-09-18 15:14:24,325 INFO "POST /v1/chat/completions HTTP/1.1" 200 -
2026-09-18 15:14:24,848 INFO "POST /v1/chat/completions HTTP/1.1" 200 -
2026-09-18 15:14:26,081 INFO "POST /v1/chat/completions HTTP/1.1" 200 -
2026-09-18 15:14:27,001 INFO "POST /v1/chat/completions HTTP/1.1" 200 -
2026-09-18 15:14:27,346 INFO "POST /v1/chat/completions HTTP/1.1" 200 -
2026-09-18 15:14:28,089 INFO "POST /v1/chat/completions HTTP/1.1" 200 -
2026-09-18 15:14:28,556 INFO "POST /v1/chat/completions HTTP/1.1" 200 -
2026-09-18 15:14:28,930 INFO "POST /v1/chat/completions HTTP/1.1" 200 -
2026-09-18 15:14:32,356 INFO "POST /v1/chat/completions HTTP/1.1" 200 -
2026-09-18 15:14:34,164 INFO "POST /v1/chat/completions HTTP/1.1" 200 -
2026-09-18 15:14:35,284 INFO "POST /v1/chat/completions HTTP/1.1" 200 -
2026-09-18 15:14:37,459 INFO "POST /v1/chat/completions HTTP/1.1" 200 -
2026-09-18 15:14:37,459 INFO "POST /v1/chat/completions HTTP/1.1" 200 -
2026-09-18 15:14:37,460 INFO "POST /v1/chat/completions HTTP/1.1" 200 -
2026-09-18 15:14:37,829 INFO "POST /v1/chat/completions HTTP/1.1" 200 -
2026-09-18 15:14:38,027 INFO "POST /v1/chat/completions HTTP/1.1" 200 -
2026-09-18 15:14:38,776 INFO "POST /v1/chat/completions HTTP/1.1" 200 -
2026-09-18 15:14:39,185 INFO "POST /v1/chat/completions HTTP/1.1" 200 -
2026-09-18 15:14:40,859 INFO "POST /v1/chat/completions HTTP/1.1" 200 -
2026-09-18 15:14:44,007 INFO "POST /v1/chat/completions HTTP/1.1" 200 -
2026-09-18 15:14:45,371 INFO "POST /v1/chat/completions HTTP/1.1" 200 -
2026-09-18 15:14:48,221 INFO "POST /v1/chat/completions HTTP/1.1" 200 -
2026-09-18 15:14:48,225 INFO "POST /v1/chat/completions HTTP/1.1" 200 -
2026-09-18 15:14:48,583 INFO "POST /v1/chat/completions HTTP/1.1" 200 -
2026-09-18 15:14:49,681 INFO "POST /v1/chat/completions HTTP/1.1" 200 -
2026-09-18 15:14:50,806 INFO "POST /v1/chat/completions HTTP/1.1" 200 -
2026-09-18 15:14:50,894 INFO "POST /v1/chat/completions HTTP/1.1" 200 -
2026-09-18 15:14:51,896 INFO "POST /v1/chat/completions HTTP/1.1" 200 -
2026-09-18 15:14:56,810 INFO "POST /v1/chat/completions HTTP/1.1" 200 -
2026-09-18 15:14:57,291 INFO "POST /v1/chat/completions HTTP/1.1" 200 -
2026-09-18 15:14:57,671 INFO "POST /v1/chat/completions HTTP/1.1" 200 -
2026-09-18 15:14:58,042 INFO "POST /v1/chat/completions HTTP/1.1" 200 -
2026-09-18 15:14:58,354 INFO "POST /v1/chat/completions HTTP/1.1" 200 -
2026-09-18 15:14:58,753 INFO "POST /v1/chat/completions HTTP/1.1" 200 -
2026-09-18 15:14:58,753 INFO "POST /v1/chat/completions HTTP/1.1" 200 -
2026-09-18 15:14:59,916 INFO "POST /v1/chat/completions HTTP/1.1" 200 -
2026-09-18 15:14:59,920 INFO "POST /v1/chat/completions HTTP/1.1" 200 -
2026-09-18 15:15:01,236 INFO "POST /v1/chat/completions HTTP/1.1" 200 -
2026-09-18 15:15:03,285 INFO "POST /v1/chat/completions HTTP/1.1" 200 -
2026-09-18 15:15:06,457 INFO "POST /v1/chat/completions HTTP/1.1" 200 -
2026-09-18 15:15:07,260 INFO "POST /v1/chat/completions HTTP/1.1" 200 -
2026-09-18 15:15:09,857 INFO "POST /v1/chat/completions HTTP/1.1" 200 -
2026-09-18 15:15:10,539 INFO "POST /v1/chat/completions HTTP/1.1" 200 -
2026-09-18 15:15:11,241 INFO "POST /v1/chat/completions HTTP/1.1" 200 -
2026-09-18 15:15:11,454 INFO "POST /v1/chat/completions HTTP/1.1" 200 -
2026-09-18 15:15:11,676 INFO "POST /v1/chat/completions HTTP/1.1" 200 -
2026-09-18 15:15:12,345 INFO "POST /v1/chat/completions HTTP/1.1" 200 -
2026-09-18 15:15:13,992 INFO "POST /v1/chat/completions HTTP/1.1" 200 -
2026-09-18 15:15:15,771 INFO "POST /v1/chat/completions HTTP/1.1" 200 -
2026-09-18 15:15:18,272 INFO "POST /v1/chat/completions HTTP/1.1" 200 -
2026-09-18 15:15:19,027 INFO "POST /v1/chat/completions HTTP/1.1" 200 -
2026-09-18 15:15:20,292 INFO "POST /v1/chat/completions HTTP/1.1" 200 -
2026-09-18 15:15:20,660 INFO "POST /v1/chat/completions HTTP/1.1" 200 -
2026-09-18 15:15:20,660 INFO "POST /v1/chat/completions HTTP/1.1" 200 -
2026-09-18 15:15:21,402 INFO "POST /v1/chat/completions HTTP/1.1" 200 -
2026-09-18 15:15:21,610 INFO "POST /v1/chat/completions HTTP/1.1" 200 -
2026-09-18 15:15:22,257 INFO "POST /v1/chat/completions HTTP/1.1" 200 -
2026-09-18 15:15:23,433 INFO "POST /v1/chat/completions HTTP/1.1" 200 -
2026-09-18 15:15:24,410 INFO "POST /v1/chat/completions HTTP/1.1" 200 -
2026-09-18 15:15:24,723 INFO "POST /v1/chat/completions HTTP/1.1" 200 -
2026-09-18 15:15:27,208 INFO "POST /v1/chat/completions HTTP/1.1" 200 -
2026-09-18 15:15:30,583 INFO "POST /v1/chat/completions HTTP/1.1" 200 -
2026-09-18 15:15:31,836 INFO "POST /v1/chat/completions HTTP/1.1" 200 -
2026-09-18 15:15:31,839 INFO "POST /v1/chat/completions HTTP/1.1" 200 -
2026-09-18 15:15:33,186 INFO "POST /v1/chat/completions HTTP/1.1" 200 -
2026-09-18 15:15:33,713 INFO "POST /v1/chat/completions HTTP/1.1" 200 -
2026-09-18 15:15:34,353 INFO "POST /v1/chat/completions HTTP/1.1" 200 -
2026-09-18 15:15:35,792 INFO "POST /v1/chat/completions HTTP/1.1" 200 -
2026-09-18 15:15:39,008 INFO "POST /v1/chat/completions HTTP/1.1" 200 -
2026-09-18 15:15:40,312 INFO "POST /v1/chat/completions HTTP/1.1" 200 -
2026-09-18 15:15:41,083 INFO "POST /v1/chat/completions HTTP/1.1" 200 -
2026-09-18 15:15:41,493 INFO "POST /v1/chat/completions HTTP/1.1" 200 -
2026-09-18 15:15:42,551 INFO "POST /v1/chat/completions HTTP/1.1" 200 -
2026-09-18 15:15:43,360 INFO "POST /v1/chat/completions HTTP/1.1" 200 -
2026-09-18 15:15:43,729 INFO "POST /v1/chat/completions HTTP/1.1" 200 -
2026-09-18 15:15:43,920 INFO "POST /v1/chat/completions HTTP/1.1" 200 -
2026-09-18 15:15:43,996 INFO "POST /v1/chat/completions HTTP/1.1" 200 -
2026-09-18 15:15:44,438 INFO "POST /v1/chat/completions HTTP/1.1" 200 -
2026-09-18 15:15:45,967 INFO "POST /v1/chat/completions HTTP/1.1" 200 -
2026-09-18 15:15:50,052 INFO "POST /v1/chat/completions HTTP/1.1" 200 -
2026-09-18 15:15:50,410 INFO "POST /v1/chat/completions HTTP/1.1" 200 -
2026-09-18 15:15:53,514 INFO "POST /v1/chat/completions HTTP/1.1" 200 -
2026-09-18 15:15:55,291 INFO "POST /v1/chat/completions HTTP/1.1" 200 -
2026-09-18 15:15:55,780 INFO "POST /v1/chat/completions HTTP/1.1" 200 -
2026-09-18 15:15:56,202 INFO "POST /v1/chat/completions HTTP/1.1" 200 -
2026-09-18 15:15:56,357 INFO "POST /v1/chat/completions HTTP/1.1" 200 -
2026-09-18 15:15:56,655 INFO "POST /v1/chat/completions HTTP/1.1" 200 -
2026-09-18 15:15:56,657 INFO "GET /v1/status HTTP/1.1" 200 -
2026-09-18 15:15:56,697 INFO "GET /health HTTP/1.1" 200 -
