[transformers] PyTorch was not found. Models won't be available and only tokenizers, configuration and file/data utilities can be used.
2026-09-18 14:20:13,705 INFO ubc_evict: evicted 5090.2 MB from UBC for ~/mlx-models/Muse-Glimmer-30B-mlx-4bit/model-00001-of-00004.safetensors
2026-09-18 14:20:13,747 INFO ubc_evict: evicted 5117.7 MB from UBC for ~/mlx-models/Muse-Glimmer-30B-mlx-4bit/model-00002-of-00004.safetensors
2026-09-18 14:20:13,789 INFO ubc_evict: evicted 5111.0 MB from UBC for ~/mlx-models/Muse-Glimmer-30B-mlx-4bit/model-00003-of-00004.safetensors
2026-09-18 14:20:13,804 INFO ubc_evict: evicted 5040.1 MB from UBC for ~/mlx-models/Muse-Glimmer-30B-mlx-4bit/model-00004-of-00004.safetensors
2026-09-18 14:20:13,804 INFO ubc_evict: pass complete total_mb=20359.0 elapsed_s=0.14
[transformers] You are using a model of type `muse_glimmer` to instantiate a model of type ``. This may be expected if you are loading a checkpoint that shares a subset of the architecture (e.g., loading a `sam2_video` checkpoint into `Sam2Model`), but is otherwise not supported and can yield errors. Please verify that the checkpoint is compatible with the model you are instantiating.
2026-09-18 14:20:14,569 INFO "GET /health HTTP/1.1" 503 -
2026-09-18 14:20:17,580 INFO "GET /health HTTP/1.1" 200 -
2026-09-18 14:20:17,581 INFO "GET /health HTTP/1.1" 200 -
2026-09-18 14:20:17,623 INFO "GET /v1/status HTTP/1.1" 200 -
2026-09-18 14:20:19,020 INFO "POST /v1/chat/completions HTTP/1.1" 200 -
2026-09-18 14:20:19,604 INFO "POST /v1/chat/completions HTTP/1.1" 200 -
2026-09-18 14:20:19,604 INFO "POST /v1/chat/completions HTTP/1.1" 200 -
2026-09-18 14:20:19,966 INFO "POST /v1/chat/completions HTTP/1.1" 200 -
2026-09-18 14:20:20,104 INFO "POST /v1/chat/completions HTTP/1.1" 200 -
2026-09-18 14:20:20,351 INFO "POST /v1/chat/completions HTTP/1.1" 200 -
2026-09-18 14:20:22,910 INFO "POST /v1/chat/completions HTTP/1.1" 200 -
2026-09-18 14:20:24,689 INFO "POST /v1/chat/completions HTTP/1.1" 200 -
2026-09-18 14:20:27,101 INFO "POST /v1/chat/completions HTTP/1.1" 200 -
2026-09-18 14:20:27,856 INFO "POST /v1/chat/completions HTTP/1.1" 200 -
2026-09-18 14:20:28,632 INFO "POST /v1/chat/completions HTTP/1.1" 200 -
2026-09-18 14:20:28,746 INFO "POST /v1/chat/completions HTTP/1.1" 200 -
2026-09-18 14:20:28,929 INFO "POST /v1/chat/completions HTTP/1.1" 200 -
2026-09-18 14:20:29,784 INFO "POST /v1/chat/completions HTTP/1.1" 200 -
2026-09-18 14:20:31,505 INFO "POST /v1/chat/completions HTTP/1.1" 200 -
2026-09-18 14:20:31,944 INFO "POST /v1/chat/completions HTTP/1.1" 200 -
2026-09-18 14:20:32,055 INFO "POST /v1/chat/completions HTTP/1.1" 200 -
2026-09-18 14:20:33,071 INFO "POST /v1/chat/completions HTTP/1.1" 200 -
2026-09-18 14:20:34,456 INFO "POST /v1/chat/completions HTTP/1.1" 200 -
2026-09-18 14:20:34,503 INFO "POST /v1/chat/completions HTTP/1.1" 200 -
2026-09-18 14:20:35,011 INFO "POST /v1/chat/completions HTTP/1.1" 200 -
2026-09-18 14:20:35,011 INFO "POST /v1/chat/completions HTTP/1.1" 200 -
2026-09-18 14:20:35,308 INFO "POST /v1/chat/completions HTTP/1.1" 200 -
2026-09-18 14:20:35,596 INFO "POST /v1/chat/completions HTTP/1.1" 200 -
2026-09-18 14:20:36,098 INFO "POST /v1/chat/completions HTTP/1.1" 200 -
2026-09-18 14:20:36,962 INFO "POST /v1/chat/completions HTTP/1.1" 200 -
2026-09-18 14:20:37,541 INFO "POST /v1/chat/completions HTTP/1.1" 200 -
2026-09-18 14:20:39,295 INFO "POST /v1/chat/completions HTTP/1.1" 200 -
2026-09-18 14:20:41,289 INFO "POST /v1/chat/completions HTTP/1.1" 200 -
2026-09-18 14:20:41,758 INFO "POST /v1/chat/completions HTTP/1.1" 200 -
2026-09-18 14:20:41,855 INFO "POST /v1/chat/completions HTTP/1.1" 200 -
2026-09-18 14:20:42,059 INFO "POST /v1/chat/completions HTTP/1.1" 200 -
2026-09-18 14:20:42,243 INFO "POST /v1/chat/completions HTTP/1.1" 200 -
2026-09-18 14:20:44,904 INFO "POST /v1/chat/completions HTTP/1.1" 200 -
2026-09-18 14:20:45,889 INFO "POST /v1/chat/completions HTTP/1.1" 200 -
2026-09-18 14:20:46,018 INFO "POST /v1/chat/completions HTTP/1.1" 200 -
2026-09-18 14:20:46,639 INFO "POST /v1/chat/completions HTTP/1.1" 200 -
2026-09-18 14:20:47,010 INFO "POST /v1/chat/completions HTTP/1.1" 200 -
2026-09-18 14:20:47,271 INFO "POST /v1/chat/completions HTTP/1.1" 200 -
2026-09-18 14:20:47,631 INFO "POST /v1/chat/completions HTTP/1.1" 200 -
2026-09-18 14:20:48,106 INFO "POST /v1/chat/completions HTTP/1.1" 200 -
2026-09-18 14:20:48,109 INFO "POST /v1/chat/completions HTTP/1.1" 200 -
2026-09-18 14:20:48,382 INFO "POST /v1/chat/completions HTTP/1.1" 200 -
2026-09-18 14:20:48,835 INFO "POST /v1/chat/completions HTTP/1.1" 200 -
2026-09-18 14:20:48,978 INFO "POST /v1/chat/completions HTTP/1.1" 200 -
2026-09-18 14:20:52,481 INFO "POST /v1/chat/completions HTTP/1.1" 200 -
2026-09-18 14:20:55,287 INFO "POST /v1/chat/completions HTTP/1.1" 200 -
2026-09-18 14:20:55,762 INFO "POST /v1/chat/completions HTTP/1.1" 200 -
2026-09-18 14:20:57,096 INFO "POST /v1/chat/completions HTTP/1.1" 200 -
2026-09-18 14:20:57,324 INFO "POST /v1/chat/completions HTTP/1.1" 200 -
2026-09-18 14:20:57,549 INFO "POST /v1/chat/completions HTTP/1.1" 200 -
2026-09-18 14:20:58,441 INFO "POST /v1/chat/completions HTTP/1.1" 200 -
2026-09-18 14:20:58,541 INFO "POST /v1/chat/completions HTTP/1.1" 200 -
2026-09-18 14:20:58,799 INFO "POST /v1/chat/completions HTTP/1.1" 200 -
2026-09-18 14:20:58,955 INFO "POST /v1/chat/completions HTTP/1.1" 200 -
2026-09-18 14:20:59,819 INFO "POST /v1/chat/completions HTTP/1.1" 200 -
2026-09-18 14:21:00,209 INFO "POST /v1/chat/completions HTTP/1.1" 200 -
2026-09-18 14:21:01,290 INFO "POST /v1/chat/completions HTTP/1.1" 200 -
2026-09-18 14:21:01,590 INFO "POST /v1/chat/completions HTTP/1.1" 200 -
2026-09-18 14:21:02,226 INFO "POST /v1/chat/completions HTTP/1.1" 200 -
2026-09-18 14:21:02,713 INFO "POST /v1/chat/completions HTTP/1.1" 200 -
2026-09-18 14:21:03,081 INFO "POST /v1/chat/completions HTTP/1.1" 200 -
2026-09-18 14:21:03,081 INFO "POST /v1/chat/completions HTTP/1.1" 200 -
2026-09-18 14:21:03,764 INFO "POST /v1/chat/completions HTTP/1.1" 200 -
2026-09-18 14:21:03,764 INFO "POST /v1/chat/completions HTTP/1.1" 200 -
2026-09-18 14:21:04,185 INFO "POST /v1/chat/completions HTTP/1.1" 200 -
2026-09-18 14:21:04,650 INFO "POST /v1/chat/completions HTTP/1.1" 200 -
2026-09-18 14:21:07,120 INFO "POST /v1/chat/completions HTTP/1.1" 200 -
2026-09-18 14:21:08,626 INFO "POST /v1/chat/completions HTTP/1.1" 200 -
2026-09-18 14:21:09,515 INFO "POST /v1/chat/completions HTTP/1.1" 200 -
2026-09-18 14:21:09,630 INFO "POST /v1/chat/completions HTTP/1.1" 200 -
2026-09-18 14:21:09,830 INFO "POST /v1/chat/completions HTTP/1.1" 200 -
2026-09-18 14:21:10,488 INFO "POST /v1/chat/completions HTTP/1.1" 200 -
2026-09-18 14:21:11,991 INFO "POST /v1/chat/completions HTTP/1.1" 200 -
2026-09-18 14:21:13,229 INFO "POST /v1/chat/completions HTTP/1.1" 200 -
2026-09-18 14:21:13,630 INFO "POST /v1/chat/completions HTTP/1.1" 200 -
2026-09-18 14:21:14,363 INFO "POST /v1/chat/completions HTTP/1.1" 200 -
2026-09-18 14:21:14,467 INFO "POST /v1/chat/completions HTTP/1.1" 200 -
2026-09-18 14:21:14,798 INFO "POST /v1/chat/completions HTTP/1.1" 200 -
2026-09-18 14:21:15,340 INFO "POST /v1/chat/completions HTTP/1.1" 200 -
2026-09-18 14:21:15,833 INFO "POST /v1/chat/completions HTTP/1.1" 200 -
2026-09-18 14:21:16,132 INFO "POST /v1/chat/completions HTTP/1.1" 200 -
2026-09-18 14:21:16,349 INFO "POST /v1/chat/completions HTTP/1.1" 200 -
2026-09-18 14:21:16,460 INFO "POST /v1/chat/completions HTTP/1.1" 200 -
2026-09-18 14:21:16,775 INFO "POST /v1/chat/completions HTTP/1.1" 200 -
2026-09-18 14:21:17,151 INFO "POST /v1/chat/completions HTTP/1.1" 200 -
2026-09-18 14:21:17,833 INFO "POST /v1/chat/completions HTTP/1.1" 200 -
2026-09-18 14:21:23,321 INFO "POST /v1/chat/completions HTTP/1.1" 200 -
2026-09-18 14:21:23,458 INFO "POST /v1/chat/completions HTTP/1.1" 200 -
2026-09-18 14:21:24,319 INFO "POST /v1/chat/completions HTTP/1.1" 200 -
2026-09-18 14:21:24,319 INFO "POST /v1/chat/completions HTTP/1.1" 200 -
2026-09-18 14:21:24,406 INFO "POST /v1/chat/completions HTTP/1.1" 200 -
2026-09-18 14:21:24,594 INFO "POST /v1/chat/completions HTTP/1.1" 200 -
2026-09-18 14:21:24,692 INFO "POST /v1/chat/completions HTTP/1.1" 200 -
2026-09-18 14:21:26,055 INFO "POST /v1/chat/completions HTTP/1.1" 200 -
2026-09-18 14:21:27,489 INFO "POST /v1/chat/completions HTTP/1.1" 200 -
2026-09-18 14:21:28,041 INFO "POST /v1/chat/completions HTTP/1.1" 200 -
2026-09-18 14:21:28,506 INFO "POST /v1/chat/completions HTTP/1.1" 200 -
2026-09-18 14:21:28,560 INFO "POST /v1/chat/completions HTTP/1.1" 200 -
2026-09-18 14:21:28,734 INFO "POST /v1/chat/completions HTTP/1.1" 200 -
2026-09-18 14:21:29,245 INFO "POST /v1/chat/completions HTTP/1.1" 200 -
2026-09-18 14:21:29,245 INFO "POST /v1/chat/completions HTTP/1.1" 200 -
2026-09-18 14:21:30,110 INFO "POST /v1/chat/completions HTTP/1.1" 200 -
2026-09-18 14:21:30,194 INFO "POST /v1/chat/completions HTTP/1.1" 200 -
2026-09-18 14:21:31,310 INFO "POST /v1/chat/completions HTTP/1.1" 200 -
2026-09-18 14:21:33,666 INFO "POST /v1/chat/completions HTTP/1.1" 200 -
2026-09-18 14:21:35,077 INFO "POST /v1/chat/completions HTTP/1.1" 200 -
2026-09-18 14:21:35,309 INFO "POST /v1/chat/completions HTTP/1.1" 200 -
2026-09-18 14:21:35,932 INFO "POST /v1/chat/completions HTTP/1.1" 200 -
2026-09-18 14:21:37,289 INFO "POST /v1/chat/completions HTTP/1.1" 200 -
2026-09-18 14:21:37,610 INFO "POST /v1/chat/completions HTTP/1.1" 200 -
2026-09-18 14:21:37,994 INFO "POST /v1/chat/completions HTTP/1.1" 200 -
2026-09-18 14:21:38,282 INFO "POST /v1/chat/completions HTTP/1.1" 200 -
2026-09-18 14:21:38,890 INFO "POST /v1/chat/completions HTTP/1.1" 200 -
2026-09-18 14:21:39,980 INFO "POST /v1/chat/completions HTTP/1.1" 200 -
2026-09-18 14:21:40,367 INFO "POST /v1/chat/completions HTTP/1.1" 200 -
2026-09-18 14:21:41,918 INFO "POST /v1/chat/completions HTTP/1.1" 200 -
2026-09-18 14:21:42,097 INFO "POST /v1/chat/completions HTTP/1.1" 200 -
2026-09-18 14:21:42,150 INFO "POST /v1/chat/completions HTTP/1.1" 200 -
2026-09-18 14:21:43,661 INFO "POST /v1/chat/completions HTTP/1.1" 200 -
2026-09-18 14:21:44,168 INFO "POST /v1/chat/completions HTTP/1.1" 200 -
2026-09-18 14:21:44,168 INFO "POST /v1/chat/completions HTTP/1.1" 200 -
2026-09-18 14:21:44,473 INFO "POST /v1/chat/completions HTTP/1.1" 200 -
2026-09-18 14:21:46,016 INFO "POST /v1/chat/completions HTTP/1.1" 200 -
2026-09-18 14:21:47,193 INFO "POST /v1/chat/completions HTTP/1.1" 200 -
2026-09-18 14:21:47,885 INFO "POST /v1/chat/completions HTTP/1.1" 200 -
2026-09-18 14:21:48,819 INFO "POST /v1/chat/completions HTTP/1.1" 200 -
2026-09-18 14:21:51,990 INFO "POST /v1/chat/completions HTTP/1.1" 200 -
2026-09-18 14:21:52,416 INFO "POST /v1/chat/completions HTTP/1.1" 200 -
2026-09-18 14:21:52,423 INFO "POST /v1/chat/completions HTTP/1.1" 200 -
2026-09-18 14:21:52,567 INFO "POST /v1/chat/completions HTTP/1.1" 200 -
2026-09-18 14:21:53,035 INFO "POST /v1/chat/completions HTTP/1.1" 200 -
2026-09-18 14:21:55,287 INFO "POST /v1/chat/completions HTTP/1.1" 200 -
2026-09-18 14:21:55,550 INFO "POST /v1/chat/completions HTTP/1.1" 200 -
2026-09-18 14:21:56,418 INFO "POST /v1/chat/completions HTTP/1.1" 200 -
2026-09-18 14:21:56,946 INFO "POST /v1/chat/completions HTTP/1.1" 200 -
2026-09-18 14:21:57,335 INFO "POST /v1/chat/completions HTTP/1.1" 200 -
2026-09-18 14:21:57,335 INFO "POST /v1/chat/completions HTTP/1.1" 200 -
2026-09-18 14:21:58,057 INFO "POST /v1/chat/completions HTTP/1.1" 200 -
2026-09-18 14:21:58,418 INFO "POST /v1/chat/completions HTTP/1.1" 200 -
2026-09-18 14:21:58,927 INFO "POST /v1/chat/completions HTTP/1.1" 200 -
2026-09-18 14:21:58,927 INFO "POST /v1/chat/completions HTTP/1.1" 200 -
2026-09-18 14:21:59,201 INFO "POST /v1/chat/completions HTTP/1.1" 200 -
2026-09-18 14:21:59,520 INFO "POST /v1/chat/completions HTTP/1.1" 200 -
2026-09-18 14:21:59,702 INFO "POST /v1/chat/completions HTTP/1.1" 200 -
2026-09-18 14:22:00,131 INFO "POST /v1/chat/completions HTTP/1.1" 200 -
2026-09-18 14:22:03,862 INFO "POST /v1/chat/completions HTTP/1.1" 200 -
2026-09-18 14:22:05,865 INFO "POST /v1/chat/completions HTTP/1.1" 200 -
2026-09-18 14:22:06,822 INFO "POST /v1/chat/completions HTTP/1.1" 200 -
2026-09-18 14:22:07,189 INFO "POST /v1/chat/completions HTTP/1.1" 200 -
2026-09-18 14:22:07,997 INFO "POST /v1/chat/completions HTTP/1.1" 200 -
2026-09-18 14:22:08,304 INFO "POST /v1/chat/completions HTTP/1.1" 200 -
2026-09-18 14:22:09,384 INFO "POST /v1/chat/completions HTTP/1.1" 200 -
2026-09-18 14:22:09,593 INFO "POST /v1/chat/completions HTTP/1.1" 200 -
2026-09-18 14:22:10,483 INFO "POST /v1/chat/completions HTTP/1.1" 200 -
2026-09-18 14:22:10,699 INFO "POST /v1/chat/completions HTTP/1.1" 200 -
2026-09-18 14:22:10,890 INFO "POST /v1/chat/completions HTTP/1.1" 200 -
2026-09-18 14:22:11,722 INFO "POST /v1/chat/completions HTTP/1.1" 200 -
2026-09-18 14:22:12,091 INFO "POST /v1/chat/completions HTTP/1.1" 200 -
2026-09-18 14:22:13,491 INFO "POST /v1/chat/completions HTTP/1.1" 200 -
2026-09-18 14:22:13,994 INFO "POST /v1/chat/completions HTTP/1.1" 200 -
2026-09-18 14:22:13,994 INFO "POST /v1/chat/completions HTTP/1.1" 200 -
2026-09-18 14:22:14,495 INFO "POST /v1/chat/completions HTTP/1.1" 200 -
2026-09-18 14:22:14,612 INFO "POST /v1/chat/completions HTTP/1.1" 200 -
2026-09-18 14:22:15,857 INFO "POST /v1/chat/completions HTTP/1.1" 200 -
2026-09-18 14:22:15,933 INFO "POST /v1/chat/completions HTTP/1.1" 200 -
2026-09-18 14:22:17,115 INFO "POST /v1/chat/completions HTTP/1.1" 200 -
2026-09-18 14:22:21,192 INFO "POST /v1/chat/completions HTTP/1.1" 200 -
2026-09-18 14:22:21,443 INFO "POST /v1/chat/completions HTTP/1.1" 200 -
2026-09-18 14:22:21,449 INFO "POST /v1/chat/completions HTTP/1.1" 200 -
2026-09-18 14:22:22,031 INFO "POST /v1/chat/completions HTTP/1.1" 200 -
2026-09-18 14:22:22,263 INFO "POST /v1/chat/completions HTTP/1.1" 200 -
2026-09-18 14:22:22,679 INFO "POST /v1/chat/completions HTTP/1.1" 200 -
2026-09-18 14:22:22,780 INFO "POST /v1/chat/completions HTTP/1.1" 200 -
2026-09-18 14:22:24,314 INFO "POST /v1/chat/completions HTTP/1.1" 200 -
2026-09-18 14:22:24,720 INFO "POST /v1/chat/completions HTTP/1.1" 200 -
2026-09-18 14:22:25,307 INFO "POST /v1/chat/completions HTTP/1.1" 200 -
2026-09-18 14:22:25,516 INFO "POST /v1/chat/completions HTTP/1.1" 200 -
2026-09-18 14:22:26,054 INFO "POST /v1/chat/completions HTTP/1.1" 200 -
2026-09-18 14:22:26,653 INFO "POST /v1/chat/completions HTTP/1.1" 200 -
2026-09-18 14:22:27,155 INFO "POST /v1/chat/completions HTTP/1.1" 200 -
2026-09-18 14:22:27,449 INFO "POST /v1/chat/completions HTTP/1.1" 200 -
2026-09-18 14:22:27,671 INFO "POST /v1/chat/completions HTTP/1.1" 200 -
2026-09-18 14:22:27,777 INFO "POST /v1/chat/completions HTTP/1.1" 200 -
2026-09-18 14:22:28,489 INFO "POST /v1/chat/completions HTTP/1.1" 200 -
2026-09-18 14:22:28,621 INFO "POST /v1/chat/completions HTTP/1.1" 200 -
2026-09-18 14:22:31,269 INFO "POST /v1/chat/completions HTTP/1.1" 200 -
2026-09-18 14:22:32,185 INFO "POST /v1/chat/completions HTTP/1.1" 200 -
2026-09-18 14:22:34,238 INFO "POST /v1/chat/completions HTTP/1.1" 200 -
2026-09-18 14:22:34,494 INFO "POST /v1/chat/completions HTTP/1.1" 200 -
2026-09-18 14:22:35,285 INFO "POST /v1/chat/completions HTTP/1.1" 200 -
2026-09-18 14:22:35,929 INFO "POST /v1/chat/completions HTTP/1.1" 200 -
2026-09-18 14:22:36,110 INFO "POST /v1/chat/completions HTTP/1.1" 200 -
2026-09-18 14:22:36,235 INFO "POST /v1/chat/completions HTTP/1.1" 200 -
2026-09-18 14:22:37,265 INFO "POST /v1/chat/completions HTTP/1.1" 200 -
2026-09-18 14:22:39,256 INFO "POST /v1/chat/completions HTTP/1.1" 200 -
2026-09-18 14:22:39,590 INFO "POST /v1/chat/completions HTTP/1.1" 200 -
2026-09-18 14:22:39,960 INFO "POST /v1/chat/completions HTTP/1.1" 200 -
2026-09-18 14:22:40,259 INFO "POST /v1/chat/completions HTTP/1.1" 200 -
2026-09-18 14:22:40,343 INFO "POST /v1/chat/completions HTTP/1.1" 200 -
2026-09-18 14:22:40,865 INFO "POST /v1/chat/completions HTTP/1.1" 200 -
2026-09-18 14:22:40,865 INFO "POST /v1/chat/completions HTTP/1.1" 200 -
2026-09-18 14:22:41,336 INFO "POST /v1/chat/completions HTTP/1.1" 200 -
2026-09-18 14:22:41,451 INFO "POST /v1/chat/completions HTTP/1.1" 200 -
2026-09-18 14:22:42,384 INFO "POST /v1/chat/completions HTTP/1.1" 200 -
2026-09-18 14:22:44,757 INFO "POST /v1/chat/completions HTTP/1.1" 200 -
2026-09-18 14:22:45,791 INFO "POST /v1/chat/completions HTTP/1.1" 200 -
2026-09-18 14:22:46,763 INFO "POST /v1/chat/completions HTTP/1.1" 200 -
2026-09-18 14:22:48,344 INFO "POST /v1/chat/completions HTTP/1.1" 200 -
2026-09-18 14:22:48,481 INFO "POST /v1/chat/completions HTTP/1.1" 200 -
2026-09-18 14:22:49,503 INFO "POST /v1/chat/completions HTTP/1.1" 200 -
2026-09-18 14:22:49,592 INFO "POST /v1/chat/completions HTTP/1.1" 200 -
2026-09-18 14:22:49,698 INFO "POST /v1/chat/completions HTTP/1.1" 200 -
2026-09-18 14:22:49,879 INFO "POST /v1/chat/completions HTTP/1.1" 200 -
2026-09-18 14:22:51,883 INFO "POST /v1/chat/completions HTTP/1.1" 200 -
2026-09-18 14:22:52,147 INFO "POST /v1/chat/completions HTTP/1.1" 200 -
2026-09-18 14:22:52,464 INFO "POST /v1/chat/completions HTTP/1.1" 200 -
2026-09-18 14:22:53,370 INFO "POST /v1/chat/completions HTTP/1.1" 200 -
2026-09-18 14:22:53,704 INFO "POST /v1/chat/completions HTTP/1.1" 200 -
2026-09-18 14:22:54,894 INFO "POST /v1/chat/completions HTTP/1.1" 200 -
2026-09-18 14:22:55,394 INFO "POST /v1/chat/completions HTTP/1.1" 200 -
2026-09-18 14:22:55,394 INFO "POST /v1/chat/completions HTTP/1.1" 200 -
2026-09-18 14:22:55,799 INFO "POST /v1/chat/completions HTTP/1.1" 200 -
2026-09-18 14:22:56,006 INFO "POST /v1/chat/completions HTTP/1.1" 200 -
2026-09-18 14:22:57,058 INFO "POST /v1/chat/completions HTTP/1.1" 200 -
2026-09-18 14:22:58,199 INFO "POST /v1/chat/completions HTTP/1.1" 200 -
2026-09-18 14:22:59,063 INFO "POST /v1/chat/completions HTTP/1.1" 200 -
2026-09-18 14:23:00,163 INFO "POST /v1/chat/completions HTTP/1.1" 200 -
2026-09-18 14:23:02,885 INFO "POST /v1/chat/completions HTTP/1.1" 200 -
2026-09-18 14:23:02,885 INFO "POST /v1/chat/completions HTTP/1.1" 200 -
2026-09-18 14:23:03,089 INFO "POST /v1/chat/completions HTTP/1.1" 200 -
2026-09-18 14:23:03,204 INFO "POST /v1/chat/completions HTTP/1.1" 200 -
2026-09-18 14:23:04,404 INFO "POST /v1/chat/completions HTTP/1.1" 200 -
2026-09-18 14:23:04,821 INFO "POST /v1/chat/completions HTTP/1.1" 200 -
2026-09-18 14:23:06,418 INFO "POST /v1/chat/completions HTTP/1.1" 200 -
2026-09-18 14:23:06,835 INFO "POST /v1/chat/completions HTTP/1.1" 200 -
2026-09-18 14:23:07,036 INFO "POST /v1/chat/completions HTTP/1.1" 200 -
2026-09-18 14:23:07,545 INFO "POST /v1/chat/completions HTTP/1.1" 200 -
2026-09-18 14:23:07,777 INFO "POST /v1/chat/completions HTTP/1.1" 200 -
2026-09-18 14:23:08,879 INFO "POST /v1/chat/completions HTTP/1.1" 200 -
2026-09-18 14:23:09,378 INFO "POST /v1/chat/completions HTTP/1.1" 200 -
2026-09-18 14:23:09,378 INFO "POST /v1/chat/completions HTTP/1.1" 200 -
2026-09-18 14:23:09,904 INFO "POST /v1/chat/completions HTTP/1.1" 200 -
2026-09-18 14:23:10,108 INFO "POST /v1/chat/completions HTTP/1.1" 200 -
2026-09-18 14:23:11,917 INFO "POST /v1/chat/completions HTTP/1.1" 200 -
2026-09-18 14:23:12,594 INFO "POST /v1/chat/completions HTTP/1.1" 200 -
2026-09-18 14:23:13,493 INFO "POST /v1/chat/completions HTTP/1.1" 200 -
2026-09-18 14:23:16,407 INFO "POST /v1/chat/completions HTTP/1.1" 200 -
2026-09-18 14:23:17,012 INFO "POST /v1/chat/completions HTTP/1.1" 200 -
2026-09-18 14:23:17,147 INFO "POST /v1/chat/completions HTTP/1.1" 200 -
2026-09-18 14:23:17,455 INFO "POST /v1/chat/completions HTTP/1.1" 200 -
2026-09-18 14:23:17,576 INFO "POST /v1/chat/completions HTTP/1.1" 200 -
2026-09-18 14:23:18,140 INFO "POST /v1/chat/completions HTTP/1.1" 200 -
2026-09-18 14:23:19,383 INFO "POST /v1/chat/completions HTTP/1.1" 200 -
2026-09-18 14:23:21,048 INFO "POST /v1/chat/completions HTTP/1.1" 200 -
2026-09-18 14:23:21,121 INFO "POST /v1/chat/completions HTTP/1.1" 200 -
2026-09-18 14:23:21,617 INFO "POST /v1/chat/completions HTTP/1.1" 200 -
2026-09-18 14:23:22,036 INFO "POST /v1/chat/completions HTTP/1.1" 200 -
2026-09-18 14:23:22,365 INFO "POST /v1/chat/completions HTTP/1.1" 200 -
2026-09-18 14:23:22,414 INFO "POST /v1/chat/completions HTTP/1.1" 200 -
2026-09-18 14:23:22,918 INFO "POST /v1/chat/completions HTTP/1.1" 200 -
2026-09-18 14:23:22,918 INFO "POST /v1/chat/completions HTTP/1.1" 200 -
2026-09-18 14:23:23,393 INFO "POST /v1/chat/completions HTTP/1.1" 200 -
2026-09-18 14:23:23,509 INFO "POST /v1/chat/completions HTTP/1.1" 200 -
2026-09-18 14:23:25,192 INFO "POST /v1/chat/completions HTTP/1.1" 200 -
2026-09-18 14:23:25,773 INFO "POST /v1/chat/completions HTTP/1.1" 200 -
2026-09-18 14:23:25,773 INFO "POST /v1/chat/completions HTTP/1.1" 200 -
2026-09-18 14:23:29,768 INFO "POST /v1/chat/completions HTTP/1.1" 200 -
2026-09-18 14:23:30,167 INFO "POST /v1/chat/completions HTTP/1.1" 200 -
2026-09-18 14:23:30,310 INFO "POST /v1/chat/completions HTTP/1.1" 200 -
2026-09-18 14:23:30,924 INFO "POST /v1/chat/completions HTTP/1.1" 200 -
2026-09-18 14:23:31,129 INFO "POST /v1/chat/completions HTTP/1.1" 200 -
2026-09-18 14:23:31,530 INFO "POST /v1/chat/completions HTTP/1.1" 200 -
2026-09-18 14:23:31,971 INFO "POST /v1/chat/completions HTTP/1.1" 200 -
2026-09-18 14:23:32,877 INFO "POST /v1/chat/completions HTTP/1.1" 200 -
2026-09-18 14:23:33,538 INFO "POST /v1/chat/completions HTTP/1.1" 200 -
2026-09-18 14:23:34,568 INFO "POST /v1/chat/completions HTTP/1.1" 200 -
2026-09-18 14:23:34,970 INFO "POST /v1/chat/completions HTTP/1.1" 200 -
2026-09-18 14:23:35,026 INFO "POST /v1/chat/completions HTTP/1.1" 200 -
2026-09-18 14:23:35,829 INFO "POST /v1/chat/completions HTTP/1.1" 200 -
2026-09-18 14:23:36,328 INFO "POST /v1/chat/completions HTTP/1.1" 200 -
2026-09-18 14:23:36,328 INFO "POST /v1/chat/completions HTTP/1.1" 200 -
2026-09-18 14:23:36,806 INFO "POST /v1/chat/completions HTTP/1.1" 200 -
2026-09-18 14:23:36,919 INFO "POST /v1/chat/completions HTTP/1.1" 200 -
2026-09-18 14:23:37,092 INFO "POST /v1/chat/completions HTTP/1.1" 200 -
2026-09-18 14:23:38,188 INFO "POST /v1/chat/completions HTTP/1.1" 200 -
2026-09-18 14:23:39,306 INFO "POST /v1/chat/completions HTTP/1.1" 200 -
2026-09-18 14:23:41,003 INFO "POST /v1/chat/completions HTTP/1.1" 200 -
2026-09-18 14:23:43,303 INFO "POST /v1/chat/completions HTTP/1.1" 200 -
2026-09-18 14:23:43,653 INFO "POST /v1/chat/completions HTTP/1.1" 200 -
2026-09-18 14:23:43,657 INFO "POST /v1/chat/completions HTTP/1.1" 200 -
2026-09-18 14:23:44,372 INFO "POST /v1/chat/completions HTTP/1.1" 200 -
2026-09-18 14:23:44,782 INFO "POST /v1/chat/completions HTTP/1.1" 200 -
2026-09-18 14:23:47,104 INFO "POST /v1/chat/completions HTTP/1.1" 200 -
2026-09-18 14:23:47,942 INFO "POST /v1/chat/completions HTTP/1.1" 200 -
2026-09-18 14:23:48,509 INFO "POST /v1/chat/completions HTTP/1.1" 200 -
2026-09-18 14:23:48,963 INFO "POST /v1/chat/completions HTTP/1.1" 200 -
2026-09-18 14:23:49,253 INFO "POST /v1/chat/completions HTTP/1.1" 200 -
2026-09-18 14:23:49,310 INFO "POST /v1/chat/completions HTTP/1.1" 200 -
2026-09-18 14:23:50,620 INFO "POST /v1/chat/completions HTTP/1.1" 200 -
2026-09-18 14:23:51,149 INFO "POST /v1/chat/completions HTTP/1.1" 200 -
2026-09-18 14:23:51,149 INFO "POST /v1/chat/completions HTTP/1.1" 200 -
2026-09-18 14:23:51,444 INFO "POST /v1/chat/completions HTTP/1.1" 200 -
2026-09-18 14:23:51,682 INFO "POST /v1/chat/completions HTTP/1.1" 200 -
2026-09-18 14:23:53,012 INFO "POST /v1/chat/completions HTTP/1.1" 200 -
2026-09-18 14:23:54,112 INFO "POST /v1/chat/completions HTTP/1.1" 200 -
2026-09-18 14:23:55,985 INFO "POST /v1/chat/completions HTTP/1.1" 200 -
2026-09-18 14:23:58,260 INFO "POST /v1/chat/completions HTTP/1.1" 200 -
2026-09-18 14:23:58,510 INFO "POST /v1/chat/completions HTTP/1.1" 200 -
2026-09-18 14:23:59,584 INFO "POST /v1/chat/completions HTTP/1.1" 200 -
2026-09-18 14:23:59,794 INFO "POST /v1/chat/completions HTTP/1.1" 200 -
2026-09-18 14:23:59,907 INFO "POST /v1/chat/completions HTTP/1.1" 200 -
2026-09-18 14:24:00,022 INFO "POST /v1/chat/completions HTTP/1.1" 200 -
2026-09-18 14:24:01,467 INFO "POST /v1/chat/completions HTTP/1.1" 200 -
2026-09-18 14:24:01,467 INFO "POST /v1/chat/completions HTTP/1.1" 200 -
2026-09-18 14:24:02,682 INFO "POST /v1/chat/completions HTTP/1.1" 200 -
2026-09-18 14:24:03,512 INFO "POST /v1/chat/completions HTTP/1.1" 200 -
2026-09-18 14:24:03,660 INFO "POST /v1/chat/completions HTTP/1.1" 200 -
2026-09-18 14:24:03,891 INFO "POST /v1/chat/completions HTTP/1.1" 200 -
2026-09-18 14:24:04,525 INFO "POST /v1/chat/completions HTTP/1.1" 200 -
2026-09-18 14:24:05,039 INFO "POST /v1/chat/completions HTTP/1.1" 200 -
2026-09-18 14:24:05,469 INFO "POST /v1/chat/completions HTTP/1.1" 200 -
2026-09-18 14:24:05,674 INFO "POST /v1/chat/completions HTTP/1.1" 200 -
2026-09-18 14:24:07,840 INFO "POST /v1/chat/completions HTTP/1.1" 200 -
2026-09-18 14:24:09,332 INFO "POST /v1/chat/completions HTTP/1.1" 200 -
2026-09-18 14:24:09,579 INFO "POST /v1/chat/completions HTTP/1.1" 200 -
2026-09-18 14:24:10,267 INFO "POST /v1/chat/completions HTTP/1.1" 200 -
2026-09-18 14:24:11,402 INFO "POST /v1/chat/completions HTTP/1.1" 200 -
2026-09-18 14:24:11,556 INFO "POST /v1/chat/completions HTTP/1.1" 200 -
2026-09-18 14:24:12,404 INFO "POST /v1/chat/completions HTTP/1.1" 200 -
2026-09-18 14:24:12,614 INFO "POST /v1/chat/completions HTTP/1.1" 200 -
2026-09-18 14:24:12,912 INFO "POST /v1/chat/completions HTTP/1.1" 200 -
2026-09-18 14:24:13,950 INFO "POST /v1/chat/completions HTTP/1.1" 200 -
2026-09-18 14:24:14,756 INFO "POST /v1/chat/completions HTTP/1.1" 200 -
2026-09-18 14:24:16,880 INFO "POST /v1/chat/completions HTTP/1.1" 200 -
2026-09-18 14:24:17,066 INFO "POST /v1/chat/completions HTTP/1.1" 200 -
2026-09-18 14:24:17,351 INFO "POST /v1/chat/completions HTTP/1.1" 200 -
2026-09-18 14:24:18,297 INFO "POST /v1/chat/completions HTTP/1.1" 200 -
2026-09-18 14:24:18,940 INFO "POST /v1/chat/completions HTTP/1.1" 200 -
2026-09-18 14:24:20,055 INFO "POST /v1/chat/completions HTTP/1.1" 200 -
2026-09-18 14:24:20,567 INFO "POST /v1/chat/completions HTTP/1.1" 200 -
2026-09-18 14:24:20,567 INFO "POST /v1/chat/completions HTTP/1.1" 200 -
2026-09-18 14:24:21,166 INFO "POST /v1/chat/completions HTTP/1.1" 200 -
2026-09-18 14:24:21,166 INFO "POST /v1/chat/completions HTTP/1.1" 200 -
2026-09-18 14:24:22,977 INFO "POST /v1/chat/completions HTTP/1.1" 200 -
2026-09-18 14:24:23,851 INFO "POST /v1/chat/completions HTTP/1.1" 200 -
2026-09-18 14:24:24,562 INFO "POST /v1/chat/completions HTTP/1.1" 200 -
2026-09-18 14:24:28,137 INFO "POST /v1/chat/completions HTTP/1.1" 200 -
2026-09-18 14:24:28,629 INFO "POST /v1/chat/completions HTTP/1.1" 200 -
2026-09-18 14:24:28,773 INFO "POST /v1/chat/completions HTTP/1.1" 200 -
2026-09-18 14:24:28,860 INFO "POST /v1/chat/completions HTTP/1.1" 200 -
2026-09-18 14:24:29,575 INFO "POST /v1/chat/completions HTTP/1.1" 200 -
2026-09-18 14:24:29,677 INFO "POST /v1/chat/completions HTTP/1.1" 200 -
2026-09-18 14:24:30,007 INFO "POST /v1/chat/completions HTTP/1.1" 200 -
2026-09-18 14:24:32,591 INFO "POST /v1/chat/completions HTTP/1.1" 200 -
2026-09-18 14:24:33,248 INFO "POST /v1/chat/completions HTTP/1.1" 200 -
2026-09-18 14:24:33,796 INFO "POST /v1/chat/completions HTTP/1.1" 200 -
2026-09-18 14:24:34,391 INFO "POST /v1/chat/completions HTTP/1.1" 200 -
2026-09-18 14:24:34,524 INFO "POST /v1/chat/completions HTTP/1.1" 200 -
2026-09-18 14:24:34,780 INFO "POST /v1/chat/completions HTTP/1.1" 200 -
2026-09-18 14:24:35,298 INFO "POST /v1/chat/completions HTTP/1.1" 200 -
2026-09-18 14:24:35,503 INFO "POST /v1/chat/completions HTTP/1.1" 200 -
2026-09-18 14:24:35,608 INFO "POST /v1/chat/completions HTTP/1.1" 200 -
2026-09-18 14:24:36,022 INFO "POST /v1/chat/completions HTTP/1.1" 200 -
2026-09-18 14:24:36,646 INFO "POST /v1/chat/completions HTTP/1.1" 200 -
2026-09-18 14:24:38,785 INFO "POST /v1/chat/completions HTTP/1.1" 200 -
2026-09-18 14:24:39,116 INFO "POST /v1/chat/completions HTTP/1.1" 200 -
2026-09-18 14:24:40,581 INFO "POST /v1/chat/completions HTTP/1.1" 200 -
2026-09-18 14:24:40,744 INFO "POST /v1/chat/completions HTTP/1.1" 200 -
2026-09-18 14:24:42,156 INFO "POST /v1/chat/completions HTTP/1.1" 200 -
2026-09-18 14:24:42,161 INFO "POST /v1/chat/completions HTTP/1.1" 200 -
2026-09-18 14:24:42,787 INFO "POST /v1/chat/completions HTTP/1.1" 200 -
2026-09-18 14:24:43,288 INFO "POST /v1/chat/completions HTTP/1.1" 200 -
2026-09-18 14:24:44,989 INFO "POST /v1/chat/completions HTTP/1.1" 200 -
2026-09-18 14:24:47,203 INFO "POST /v1/chat/completions HTTP/1.1" 200 -
2026-09-18 14:24:47,348 INFO "POST /v1/chat/completions HTTP/1.1" 200 -
2026-09-18 14:24:47,475 INFO "POST /v1/chat/completions HTTP/1.1" 200 -
2026-09-18 14:24:47,475 INFO "POST /v1/chat/completions HTTP/1.1" 200 -
2026-09-18 14:24:47,662 INFO "POST /v1/chat/completions HTTP/1.1" 200 -
2026-09-18 14:24:49,158 INFO "POST /v1/chat/completions HTTP/1.1" 200 -
2026-09-18 14:24:49,650 INFO "POST /v1/chat/completions HTTP/1.1" 200 -
2026-09-18 14:24:49,654 INFO "POST /v1/chat/completions HTTP/1.1" 200 -
2026-09-18 14:24:50,134 INFO "POST /v1/chat/completions HTTP/1.1" 200 -
2026-09-18 14:24:50,249 INFO "POST /v1/chat/completions HTTP/1.1" 200 -
2026-09-18 14:24:51,229 INFO "POST /v1/chat/completions HTTP/1.1" 200 -
2026-09-18 14:24:52,428 INFO "POST /v1/chat/completions HTTP/1.1" 200 -
2026-09-18 14:24:52,510 INFO "POST /v1/chat/completions HTTP/1.1" 200 -
2026-09-18 14:24:54,724 INFO "POST /v1/chat/completions HTTP/1.1" 200 -
2026-09-18 14:24:55,346 INFO "POST /v1/chat/completions HTTP/1.1" 200 -
2026-09-18 14:24:56,400 INFO "POST /v1/chat/completions HTTP/1.1" 200 -
2026-09-18 14:24:56,400 INFO "POST /v1/chat/completions HTTP/1.1" 200 -
2026-09-18 14:24:56,754 INFO "POST /v1/chat/completions HTTP/1.1" 200 -
2026-09-18 14:24:57,709 INFO "POST /v1/chat/completions HTTP/1.1" 200 -
2026-09-18 14:24:57,809 INFO "POST /v1/chat/completions HTTP/1.1" 200 -
2026-09-18 14:25:00,877 INFO "POST /v1/chat/completions HTTP/1.1" 200 -
2026-09-18 14:25:01,155 INFO "POST /v1/chat/completions HTTP/1.1" 200 -
2026-09-18 14:25:01,523 INFO "POST /v1/chat/completions HTTP/1.1" 200 -
2026-09-18 14:25:01,778 INFO "POST /v1/chat/completions HTTP/1.1" 200 -
2026-09-18 14:25:02,066 INFO "POST /v1/chat/completions HTTP/1.1" 200 -
2026-09-18 14:25:03,037 INFO "POST /v1/chat/completions HTTP/1.1" 200 -
2026-09-18 14:25:03,039 INFO "GET /v1/status HTTP/1.1" 200 -
2026-09-18 14:25:03,105 INFO "GET /health HTTP/1.1" 200 -
