[transformers] PyTorch was not found. Models won't be available and only tokenizers, configuration and file/data utilities can be used.
2026-09-18 13:37:45,662 INFO ubc_evict: evicted 5090.2 MB from UBC for ~/mlx-models/Muse-Glimmer-30B-mlx-4bit/model-00001-of-00004.safetensors
2026-09-18 13:37:45,700 INFO ubc_evict: evicted 5117.7 MB from UBC for ~/mlx-models/Muse-Glimmer-30B-mlx-4bit/model-00002-of-00004.safetensors
2026-09-18 13:37:45,741 INFO ubc_evict: evicted 5111.0 MB from UBC for ~/mlx-models/Muse-Glimmer-30B-mlx-4bit/model-00003-of-00004.safetensors
2026-09-18 13:37:45,756 INFO ubc_evict: evicted 5040.1 MB from UBC for ~/mlx-models/Muse-Glimmer-30B-mlx-4bit/model-00004-of-00004.safetensors
2026-09-18 13:37:45,756 INFO ubc_evict: pass complete total_mb=20359.0 elapsed_s=0.11
[transformers] You are using a model of type `muse_glimmer` to instantiate a model of type ``. This may be expected if you are loading a checkpoint that shares a subset of the architecture (e.g., loading a `sam2_video` checkpoint into `Sam2Model`), but is otherwise not supported and can yield errors. Please verify that the checkpoint is compatible with the model you are instantiating.
2026-09-18 13:37:46,573 INFO "GET /health HTTP/1.1" 503 -
2026-09-18 13:37:49,582 INFO "GET /health HTTP/1.1" 200 -
2026-09-18 13:37:49,584 INFO "GET /health HTTP/1.1" 200 -
2026-09-18 13:37:49,642 INFO "GET /v1/status HTTP/1.1" 200 -
2026-09-18 13:37:55,239 INFO "POST /v1/chat/completions HTTP/1.1" 200 -
2026-09-18 13:37:55,904 INFO "POST /v1/chat/completions HTTP/1.1" 200 -
2026-09-18 13:37:55,904 INFO "POST /v1/chat/completions HTTP/1.1" 200 -
2026-09-18 13:37:55,905 INFO "POST /v1/chat/completions HTTP/1.1" 200 -
2026-09-18 13:37:55,905 INFO "POST /v1/chat/completions HTTP/1.1" 200 -
2026-09-18 13:37:55,912 INFO "POST /v1/chat/completions HTTP/1.1" 200 -
2026-09-18 13:37:55,912 INFO "POST /v1/chat/completions HTTP/1.1" 200 -
2026-09-18 13:37:58,377 INFO "POST /v1/chat/completions HTTP/1.1" 200 -
2026-09-18 13:37:59,079 INFO "POST /v1/chat/completions HTTP/1.1" 200 -
2026-09-18 13:38:01,949 INFO "POST /v1/chat/completions HTTP/1.1" 200 -
2026-09-18 13:38:02,680 INFO "POST /v1/chat/completions HTTP/1.1" 200 -
2026-09-18 13:38:06,826 INFO "POST /v1/chat/completions HTTP/1.1" 200 -
2026-09-18 13:38:08,932 INFO "POST /v1/chat/completions HTTP/1.1" 200 -
2026-09-18 13:38:09,932 INFO "POST /v1/chat/completions HTTP/1.1" 200 -
2026-09-18 13:38:16,302 INFO "POST /v1/chat/completions HTTP/1.1" 200 -
2026-09-18 13:38:17,203 INFO "POST /v1/chat/completions HTTP/1.1" 200 -
2026-09-18 13:38:17,344 INFO "POST /v1/chat/completions HTTP/1.1" 200 -
2026-09-18 13:38:17,451 INFO "POST /v1/chat/completions HTTP/1.1" 200 -
2026-09-18 13:38:19,114 INFO "POST /v1/chat/completions HTTP/1.1" 200 -
2026-09-18 13:38:19,184 INFO "POST /v1/chat/completions HTTP/1.1" 200 -
2026-09-18 13:38:22,976 INFO "POST /v1/chat/completions HTTP/1.1" 200 -
2026-09-18 13:38:23,648 INFO "POST /v1/chat/completions HTTP/1.1" 200 -
2026-09-18 13:38:23,648 INFO "POST /v1/chat/completions HTTP/1.1" 200 -
2026-09-18 13:38:23,648 INFO "POST /v1/chat/completions HTTP/1.1" 200 -
2026-09-18 13:38:23,648 INFO "POST /v1/chat/completions HTTP/1.1" 200 -
2026-09-18 13:38:23,652 INFO "POST /v1/chat/completions HTTP/1.1" 200 -
2026-09-18 13:38:24,148 INFO "POST /v1/chat/completions HTTP/1.1" 200 -
2026-09-18 13:38:26,199 INFO "POST /v1/chat/completions HTTP/1.1" 200 -
2026-09-18 13:38:26,570 INFO "POST /v1/chat/completions HTTP/1.1" 200 -
2026-09-18 13:38:29,682 INFO "POST /v1/chat/completions HTTP/1.1" 200 -
2026-09-18 13:38:30,498 INFO "POST /v1/chat/completions HTTP/1.1" 200 -
2026-09-18 13:38:33,590 INFO "POST /v1/chat/completions HTTP/1.1" 200 -
2026-09-18 13:38:35,967 INFO "POST /v1/chat/completions HTTP/1.1" 200 -
2026-09-18 13:38:38,834 INFO "POST /v1/chat/completions HTTP/1.1" 200 -
2026-09-18 13:38:44,144 INFO "POST /v1/chat/completions HTTP/1.1" 200 -
2026-09-18 13:38:44,787 INFO "POST /v1/chat/completions HTTP/1.1" 200 -
2026-09-18 13:38:45,058 INFO "POST /v1/chat/completions HTTP/1.1" 200 -
2026-09-18 13:38:45,308 INFO "POST /v1/chat/completions HTTP/1.1" 200 -
2026-09-18 13:38:45,680 INFO "POST /v1/chat/completions HTTP/1.1" 200 -
2026-09-18 13:38:46,287 INFO "POST /v1/chat/completions HTTP/1.1" 200 -
2026-09-18 13:38:50,411 INFO "POST /v1/chat/completions HTTP/1.1" 200 -
2026-09-18 13:38:51,075 INFO "POST /v1/chat/completions HTTP/1.1" 200 -
2026-09-18 13:38:51,075 INFO "POST /v1/chat/completions HTTP/1.1" 200 -
2026-09-18 13:38:51,079 INFO "POST /v1/chat/completions HTTP/1.1" 200 -
2026-09-18 13:38:51,079 INFO "POST /v1/chat/completions HTTP/1.1" 200 -
2026-09-18 13:38:51,080 INFO "POST /v1/chat/completions HTTP/1.1" 200 -
2026-09-18 13:38:51,589 INFO "POST /v1/chat/completions HTTP/1.1" 200 -
2026-09-18 13:38:53,703 INFO "POST /v1/chat/completions HTTP/1.1" 200 -
2026-09-18 13:38:57,656 INFO "POST /v1/chat/completions HTTP/1.1" 200 -
2026-09-18 13:38:58,381 INFO "POST /v1/chat/completions HTTP/1.1" 200 -
2026-09-18 13:39:00,942 INFO "POST /v1/chat/completions HTTP/1.1" 200 -
2026-09-18 13:39:02,170 INFO "POST /v1/chat/completions HTTP/1.1" 200 -
2026-09-18 13:39:06,059 INFO "POST /v1/chat/completions HTTP/1.1" 200 -
2026-09-18 13:39:11,420 INFO "POST /v1/chat/completions HTTP/1.1" 200 -
2026-09-18 13:39:11,625 INFO "POST /v1/chat/completions HTTP/1.1" 200 -
2026-09-18 13:39:12,454 INFO "POST /v1/chat/completions HTTP/1.1" 200 -
2026-09-18 13:39:13,631 INFO "POST /v1/chat/completions HTTP/1.1" 200 -
2026-09-18 13:39:13,836 INFO "POST /v1/chat/completions HTTP/1.1" 200 -
2026-09-18 13:39:15,236 INFO "POST /v1/chat/completions HTTP/1.1" 200 -
2026-09-18 13:39:15,440 INFO "POST /v1/chat/completions HTTP/1.1" 200 -
2026-09-18 13:39:19,295 INFO "POST /v1/chat/completions HTTP/1.1" 200 -
2026-09-18 13:39:19,962 INFO "POST /v1/chat/completions HTTP/1.1" 200 -
2026-09-18 13:39:19,962 INFO "POST /v1/chat/completions HTTP/1.1" 200 -
2026-09-18 13:39:19,962 INFO "POST /v1/chat/completions HTTP/1.1" 200 -
2026-09-18 13:39:19,968 INFO "POST /v1/chat/completions HTTP/1.1" 200 -
2026-09-18 13:39:19,968 INFO "POST /v1/chat/completions HTTP/1.1" 200 -
2026-09-18 13:39:20,489 INFO "POST /v1/chat/completions HTTP/1.1" 200 -
2026-09-18 13:39:22,653 INFO "POST /v1/chat/completions HTTP/1.1" 200 -
2026-09-18 13:39:26,987 INFO "POST /v1/chat/completions HTTP/1.1" 200 -
2026-09-18 13:39:27,479 INFO "POST /v1/chat/completions HTTP/1.1" 200 -
2026-09-18 13:39:29,234 INFO "POST /v1/chat/completions HTTP/1.1" 200 -
2026-09-18 13:39:30,418 INFO "POST /v1/chat/completions HTTP/1.1" 200 -
2026-09-18 13:39:33,766 INFO "POST /v1/chat/completions HTTP/1.1" 200 -
2026-09-18 13:39:35,024 INFO "POST /v1/chat/completions HTTP/1.1" 200 -
2026-09-18 13:39:37,124 INFO "POST /v1/chat/completions HTTP/1.1" 200 -
2026-09-18 13:39:39,875 INFO "POST /v1/chat/completions HTTP/1.1" 200 -
2026-09-18 13:39:41,411 INFO "POST /v1/chat/completions HTTP/1.1" 200 -
2026-09-18 13:39:41,412 INFO "POST /v1/chat/completions HTTP/1.1" 200 -
2026-09-18 13:39:42,372 INFO "POST /v1/chat/completions HTTP/1.1" 200 -
2026-09-18 13:39:42,770 INFO "POST /v1/chat/completions HTTP/1.1" 200 -
2026-09-18 13:39:46,541 INFO "POST /v1/chat/completions HTTP/1.1" 200 -
2026-09-18 13:39:47,203 INFO "POST /v1/chat/completions HTTP/1.1" 200 -
2026-09-18 13:39:47,203 INFO "POST /v1/chat/completions HTTP/1.1" 200 -
2026-09-18 13:39:47,204 INFO "POST /v1/chat/completions HTTP/1.1" 200 -
2026-09-18 13:39:47,210 INFO "POST /v1/chat/completions HTTP/1.1" 200 -
2026-09-18 13:39:47,771 INFO "POST /v1/chat/completions HTTP/1.1" 200 -
2026-09-18 13:39:47,771 INFO "POST /v1/chat/completions HTTP/1.1" 200 -
2026-09-18 13:39:49,302 INFO "POST /v1/chat/completions HTTP/1.1" 200 -
2026-09-18 13:39:49,710 INFO "POST /v1/chat/completions HTTP/1.1" 200 -
2026-09-18 13:39:53,799 INFO "POST /v1/chat/completions HTTP/1.1" 200 -
2026-09-18 13:39:54,127 INFO "POST /v1/chat/completions HTTP/1.1" 200 -
2026-09-18 13:39:57,110 INFO "POST /v1/chat/completions HTTP/1.1" 200 -
2026-09-18 13:40:01,472 INFO "POST /v1/chat/completions HTTP/1.1" 200 -
2026-09-18 13:40:02,183 INFO "POST /v1/chat/completions HTTP/1.1" 200 -
2026-09-18 13:40:03,601 INFO "POST /v1/chat/completions HTTP/1.1" 200 -
2026-09-18 13:40:06,858 INFO "POST /v1/chat/completions HTTP/1.1" 200 -
2026-09-18 13:40:07,740 INFO "POST /v1/chat/completions HTTP/1.1" 200 -
2026-09-18 13:40:07,957 INFO "POST /v1/chat/completions HTTP/1.1" 200 -
2026-09-18 13:40:09,560 INFO "POST /v1/chat/completions HTTP/1.1" 200 -
2026-09-18 13:40:09,763 INFO "POST /v1/chat/completions HTTP/1.1" 200 -
2026-09-18 13:40:13,733 INFO "POST /v1/chat/completions HTTP/1.1" 200 -
2026-09-18 13:40:14,414 INFO "POST /v1/chat/completions HTTP/1.1" 200 -
2026-09-18 13:40:14,415 INFO "POST /v1/chat/completions HTTP/1.1" 200 -
2026-09-18 13:40:14,419 INFO "POST /v1/chat/completions HTTP/1.1" 200 -
2026-09-18 13:40:14,419 INFO "POST /v1/chat/completions HTTP/1.1" 200 -
2026-09-18 13:40:14,425 INFO "POST /v1/chat/completions HTTP/1.1" 200 -
2026-09-18 13:40:14,929 INFO "POST /v1/chat/completions HTTP/1.1" 200 -
2026-09-18 13:40:16,956 INFO "POST /v1/chat/completions HTTP/1.1" 200 -
2026-09-18 13:40:16,959 INFO "POST /v1/chat/completions HTTP/1.1" 200 -
2026-09-18 13:40:20,661 INFO "POST /v1/chat/completions HTTP/1.1" 200 -
2026-09-18 13:40:21,390 INFO "POST /v1/chat/completions HTTP/1.1" 200 -
2026-09-18 13:40:23,800 INFO "POST /v1/chat/completions HTTP/1.1" 200 -
2026-09-18 13:40:28,162 INFO "POST /v1/chat/completions HTTP/1.1" 200 -
2026-09-18 13:40:28,400 INFO "POST /v1/chat/completions HTTP/1.1" 200 -
2026-09-18 13:40:28,605 INFO "POST /v1/chat/completions HTTP/1.1" 200 -
2026-09-18 13:40:30,091 INFO "POST /v1/chat/completions HTTP/1.1" 200 -
2026-09-18 13:40:33,587 INFO "POST /v1/chat/completions HTTP/1.1" 200 -
2026-09-18 13:40:33,793 INFO "POST /v1/chat/completions HTTP/1.1" 200 -
2026-09-18 13:40:34,121 INFO "POST /v1/chat/completions HTTP/1.1" 200 -
2026-09-18 13:40:35,465 INFO "POST /v1/chat/completions HTTP/1.1" 200 -
2026-09-18 13:40:39,651 INFO "POST /v1/chat/completions HTTP/1.1" 200 -
2026-09-18 13:40:40,317 INFO "POST /v1/chat/completions HTTP/1.1" 200 -
2026-09-18 13:40:40,317 INFO "POST /v1/chat/completions HTTP/1.1" 200 -
2026-09-18 13:40:40,317 INFO "POST /v1/chat/completions HTTP/1.1" 200 -
2026-09-18 13:40:40,321 INFO "POST /v1/chat/completions HTTP/1.1" 200 -
2026-09-18 13:40:40,878 INFO "POST /v1/chat/completions HTTP/1.1" 200 -
2026-09-18 13:40:43,295 INFO "POST /v1/chat/completions HTTP/1.1" 200 -
2026-09-18 13:40:47,531 INFO "POST /v1/chat/completions HTTP/1.1" 200 -
2026-09-18 13:40:48,320 INFO "POST /v1/chat/completions HTTP/1.1" 200 -
2026-09-18 13:40:49,085 INFO "POST /v1/chat/completions HTTP/1.1" 200 -
2026-09-18 13:40:50,924 INFO "POST /v1/chat/completions HTTP/1.1" 200 -
2026-09-18 13:40:52,414 INFO "POST /v1/chat/completions HTTP/1.1" 200 -
2026-09-18 13:40:57,670 INFO "POST /v1/chat/completions HTTP/1.1" 200 -
2026-09-18 13:41:02,322 INFO "POST /v1/chat/completions HTTP/1.1" 200 -
2026-09-18 13:41:04,676 INFO "POST /v1/chat/completions HTTP/1.1" 200 -
2026-09-18 13:41:04,955 INFO "POST /v1/chat/completions HTTP/1.1" 200 -
2026-09-18 13:41:06,625 INFO "POST /v1/chat/completions HTTP/1.1" 200 -
2026-09-18 13:41:07,057 INFO "POST /v1/chat/completions HTTP/1.1" 200 -
2026-09-18 13:41:07,100 INFO "POST /v1/chat/completions HTTP/1.1" 200 -
2026-09-18 13:41:07,777 INFO "POST /v1/chat/completions HTTP/1.1" 200 -
2026-09-18 13:41:12,092 INFO "POST /v1/chat/completions HTTP/1.1" 200 -
2026-09-18 13:41:12,780 INFO "POST /v1/chat/completions HTTP/1.1" 200 -
2026-09-18 13:41:12,781 INFO "POST /v1/chat/completions HTTP/1.1" 200 -
2026-09-18 13:41:12,781 INFO "POST /v1/chat/completions HTTP/1.1" 200 -
2026-09-18 13:41:12,791 INFO "POST /v1/chat/completions HTTP/1.1" 200 -
2026-09-18 13:41:12,791 INFO "POST /v1/chat/completions HTTP/1.1" 200 -
2026-09-18 13:41:13,295 INFO "POST /v1/chat/completions HTTP/1.1" 200 -
2026-09-18 13:41:15,534 INFO "POST /v1/chat/completions HTTP/1.1" 200 -
2026-09-18 13:41:19,600 INFO "POST /v1/chat/completions HTTP/1.1" 200 -
2026-09-18 13:41:20,356 INFO "POST /v1/chat/completions HTTP/1.1" 200 -
2026-09-18 13:41:20,356 INFO "POST /v1/chat/completions HTTP/1.1" 200 -
2026-09-18 13:41:24,116 INFO "POST /v1/chat/completions HTTP/1.1" 200 -
2026-09-18 13:41:28,297 INFO "POST /v1/chat/completions HTTP/1.1" 200 -
2026-09-18 13:41:28,930 INFO "POST /v1/chat/completions HTTP/1.1" 200 -
2026-09-18 13:41:36,028 INFO "POST /v1/chat/completions HTTP/1.1" 200 -
2026-09-18 13:41:36,028 INFO "POST /v1/chat/completions HTTP/1.1" 200 -
2026-09-18 13:41:36,700 INFO "POST /v1/chat/completions HTTP/1.1" 200 -
2026-09-18 13:41:38,077 INFO "POST /v1/chat/completions HTTP/1.1" 200 -
2026-09-18 13:41:38,289 INFO "POST /v1/chat/completions HTTP/1.1" 200 -
2026-09-18 13:41:38,950 INFO "POST /v1/chat/completions HTTP/1.1" 200 -
2026-09-18 13:41:43,302 INFO "POST /v1/chat/completions HTTP/1.1" 200 -
2026-09-18 13:41:43,965 INFO "POST /v1/chat/completions HTTP/1.1" 200 -
2026-09-18 13:41:43,967 INFO "POST /v1/chat/completions HTTP/1.1" 200 -
2026-09-18 13:41:43,969 INFO "POST /v1/chat/completions HTTP/1.1" 200 -
2026-09-18 13:41:43,972 INFO "POST /v1/chat/completions HTTP/1.1" 200 -
2026-09-18 13:41:44,516 INFO "POST /v1/chat/completions HTTP/1.1" 200 -
2026-09-18 13:41:44,516 INFO "POST /v1/chat/completions HTTP/1.1" 200 -
2026-09-18 13:41:46,597 INFO "POST /v1/chat/completions HTTP/1.1" 200 -
2026-09-18 13:41:47,333 INFO "POST /v1/chat/completions HTTP/1.1" 200 -
2026-09-18 13:41:51,180 INFO "POST /v1/chat/completions HTTP/1.1" 200 -
2026-09-18 13:41:51,184 INFO "POST /v1/chat/completions HTTP/1.1" 200 -
2026-09-18 13:41:54,257 INFO "POST /v1/chat/completions HTTP/1.1" 200 -
2026-09-18 13:41:57,026 INFO "POST /v1/chat/completions HTTP/1.1" 200 -
2026-09-18 13:41:59,922 INFO "POST /v1/chat/completions HTTP/1.1" 200 -
2026-09-18 13:42:02,662 INFO "POST /v1/chat/completions HTTP/1.1" 200 -
2026-09-18 13:42:04,162 INFO "POST /v1/chat/completions HTTP/1.1" 200 -
2026-09-18 13:42:05,653 INFO "POST /v1/chat/completions HTTP/1.1" 200 -
2026-09-18 13:42:05,829 INFO "POST /v1/chat/completions HTTP/1.1" 200 -
2026-09-18 13:42:06,703 INFO "POST /v1/chat/completions HTTP/1.1" 200 -
2026-09-18 13:42:07,392 INFO "POST /v1/chat/completions HTTP/1.1" 200 -
2026-09-18 13:42:11,778 INFO "POST /v1/chat/completions HTTP/1.1" 200 -
2026-09-18 13:42:12,465 INFO "POST /v1/chat/completions HTTP/1.1" 200 -
2026-09-18 13:42:12,465 INFO "POST /v1/chat/completions HTTP/1.1" 200 -
2026-09-18 13:42:12,466 INFO "POST /v1/chat/completions HTTP/1.1" 200 -
2026-09-18 13:42:12,473 INFO "POST /v1/chat/completions HTTP/1.1" 200 -
2026-09-18 13:42:13,017 INFO "POST /v1/chat/completions HTTP/1.1" 200 -
2026-09-18 13:42:13,022 INFO "POST /v1/chat/completions HTTP/1.1" 200 -
2026-09-18 13:42:15,216 INFO "POST /v1/chat/completions HTTP/1.1" 200 -
2026-09-18 13:42:15,216 INFO "POST /v1/chat/completions HTTP/1.1" 200 -
2026-09-18 13:42:19,633 INFO "POST /v1/chat/completions HTTP/1.1" 200 -
2026-09-18 13:42:19,633 INFO "POST /v1/chat/completions HTTP/1.1" 200 -
2026-09-18 13:42:23,248 INFO "POST /v1/chat/completions HTTP/1.1" 200 -
2026-09-18 13:42:27,102 INFO "POST /v1/chat/completions HTTP/1.1" 200 -
2026-09-18 13:42:29,701 INFO "POST /v1/chat/completions HTTP/1.1" 200 -
2026-09-18 13:42:30,049 INFO "POST /v1/chat/completions HTTP/1.1" 200 -
2026-09-18 13:42:34,722 INFO "POST /v1/chat/completions HTTP/1.1" 200 -
2026-09-18 13:42:35,415 INFO "POST /v1/chat/completions HTTP/1.1" 200 -
2026-09-18 13:42:35,996 INFO "POST /v1/chat/completions HTTP/1.1" 200 -
2026-09-18 13:42:37,183 INFO "POST /v1/chat/completions HTTP/1.1" 200 -
2026-09-18 13:42:37,830 INFO "POST /v1/chat/completions HTTP/1.1" 200 -
2026-09-18 13:42:42,410 INFO "POST /v1/chat/completions HTTP/1.1" 200 -
2026-09-18 13:42:43,082 INFO "POST /v1/chat/completions HTTP/1.1" 200 -
2026-09-18 13:42:43,082 INFO "POST /v1/chat/completions HTTP/1.1" 200 -
2026-09-18 13:42:43,082 INFO "POST /v1/chat/completions HTTP/1.1" 200 -
2026-09-18 13:42:43,088 INFO "POST /v1/chat/completions HTTP/1.1" 200 -
2026-09-18 13:42:43,630 INFO "POST /v1/chat/completions HTTP/1.1" 200 -
2026-09-18 13:42:43,635 INFO "POST /v1/chat/completions HTTP/1.1" 200 -
2026-09-18 13:42:45,519 INFO "POST /v1/chat/completions HTTP/1.1" 200 -
2026-09-18 13:42:45,519 INFO "POST /v1/chat/completions HTTP/1.1" 200 -
2026-09-18 13:42:50,184 INFO "POST /v1/chat/completions HTTP/1.1" 200 -
2026-09-18 13:42:50,184 INFO "POST /v1/chat/completions HTTP/1.1" 200 -
2026-09-18 13:42:53,129 INFO "POST /v1/chat/completions HTTP/1.1" 200 -
2026-09-18 13:42:57,468 INFO "POST /v1/chat/completions HTTP/1.1" 200 -
2026-09-18 13:42:59,116 INFO "POST /v1/chat/completions HTTP/1.1" 200 -
2026-09-18 13:43:03,552 INFO "POST /v1/chat/completions HTTP/1.1" 200 -
2026-09-18 13:43:04,567 INFO "POST /v1/chat/completions HTTP/1.1" 200 -
2026-09-18 13:43:05,028 INFO "POST /v1/chat/completions HTTP/1.1" 200 -
2026-09-18 13:43:05,135 INFO "POST /v1/chat/completions HTTP/1.1" 200 -
2026-09-18 13:43:06,200 INFO "POST /v1/chat/completions HTTP/1.1" 200 -
2026-09-18 13:43:07,170 INFO "POST /v1/chat/completions HTTP/1.1" 200 -
2026-09-18 13:43:11,654 INFO "POST /v1/chat/completions HTTP/1.1" 200 -
2026-09-18 13:43:12,341 INFO "POST /v1/chat/completions HTTP/1.1" 200 -
2026-09-18 13:43:12,341 INFO "POST /v1/chat/completions HTTP/1.1" 200 -
2026-09-18 13:43:12,341 INFO "POST /v1/chat/completions HTTP/1.1" 200 -
2026-09-18 13:43:12,349 INFO "POST /v1/chat/completions HTTP/1.1" 200 -
2026-09-18 13:43:12,349 INFO "POST /v1/chat/completions HTTP/1.1" 200 -
2026-09-18 13:43:12,863 INFO "POST /v1/chat/completions HTTP/1.1" 200 -
2026-09-18 13:43:14,068 INFO "POST /v1/chat/completions HTTP/1.1" 200 -
2026-09-18 13:43:14,949 INFO "POST /v1/chat/completions HTTP/1.1" 200 -
2026-09-18 13:43:19,018 INFO "POST /v1/chat/completions HTTP/1.1" 200 -
2026-09-18 13:43:19,351 INFO "POST /v1/chat/completions HTTP/1.1" 200 -
2026-09-18 13:43:23,516 INFO "POST /v1/chat/completions HTTP/1.1" 200 -
2026-09-18 13:43:26,681 INFO "POST /v1/chat/completions HTTP/1.1" 200 -
2026-09-18 13:43:28,238 INFO "POST /v1/chat/completions HTTP/1.1" 200 -
2026-09-18 13:43:32,525 INFO "POST /v1/chat/completions HTTP/1.1" 200 -
2026-09-18 13:43:34,255 INFO "POST /v1/chat/completions HTTP/1.1" 200 -
2026-09-18 13:43:34,462 INFO "POST /v1/chat/completions HTTP/1.1" 200 -
2026-09-18 13:43:34,955 INFO "POST /v1/chat/completions HTTP/1.1" 200 -
2026-09-18 13:43:35,899 INFO "POST /v1/chat/completions HTTP/1.1" 200 -
2026-09-18 13:43:36,236 INFO "POST /v1/chat/completions HTTP/1.1" 200 -
2026-09-18 13:43:40,678 INFO "POST /v1/chat/completions HTTP/1.1" 200 -
2026-09-18 13:43:41,345 INFO "POST /v1/chat/completions HTTP/1.1" 200 -
2026-09-18 13:43:41,345 INFO "POST /v1/chat/completions HTTP/1.1" 200 -
2026-09-18 13:43:41,345 INFO "POST /v1/chat/completions HTTP/1.1" 200 -
2026-09-18 13:43:41,353 INFO "POST /v1/chat/completions HTTP/1.1" 200 -
2026-09-18 13:43:41,358 INFO "POST /v1/chat/completions HTTP/1.1" 200 -
2026-09-18 13:43:41,860 INFO "POST /v1/chat/completions HTTP/1.1" 200 -
2026-09-18 13:43:43,811 INFO "POST /v1/chat/completions HTTP/1.1" 200 -
2026-09-18 13:43:43,811 INFO "POST /v1/chat/completions HTTP/1.1" 200 -
2026-09-18 13:43:47,899 INFO "POST /v1/chat/completions HTTP/1.1" 200 -
2026-09-18 13:43:48,228 INFO "POST /v1/chat/completions HTTP/1.1" 200 -
2026-09-18 13:43:52,005 INFO "POST /v1/chat/completions HTTP/1.1" 200 -
2026-09-18 13:43:56,040 INFO "POST /v1/chat/completions HTTP/1.1" 200 -
2026-09-18 13:43:59,356 INFO "POST /v1/chat/completions HTTP/1.1" 200 -
2026-09-18 13:44:03,507 INFO "POST /v1/chat/completions HTTP/1.1" 200 -
2026-09-18 13:44:04,184 INFO "POST /v1/chat/completions HTTP/1.1" 200 -
2026-09-18 13:44:04,886 INFO "POST /v1/chat/completions HTTP/1.1" 200 -
2026-09-18 13:44:05,673 INFO "POST /v1/chat/completions HTTP/1.1" 200 -
2026-09-18 13:44:06,656 INFO "POST /v1/chat/completions HTTP/1.1" 200 -
2026-09-18 13:44:06,656 INFO "POST /v1/chat/completions HTTP/1.1" 200 -
2026-09-18 13:44:11,027 INFO "POST /v1/chat/completions HTTP/1.1" 200 -
2026-09-18 13:44:11,689 INFO "POST /v1/chat/completions HTTP/1.1" 200 -
2026-09-18 13:44:11,689 INFO "POST /v1/chat/completions HTTP/1.1" 200 -
2026-09-18 13:44:11,689 INFO "POST /v1/chat/completions HTTP/1.1" 200 -
2026-09-18 13:44:12,262 INFO "POST /v1/chat/completions HTTP/1.1" 200 -
2026-09-18 13:44:12,269 INFO "POST /v1/chat/completions HTTP/1.1" 200 -
2026-09-18 13:44:12,269 INFO "POST /v1/chat/completions HTTP/1.1" 200 -
2026-09-18 13:44:13,359 INFO "POST /v1/chat/completions HTTP/1.1" 200 -
2026-09-18 13:44:14,253 INFO "POST /v1/chat/completions HTTP/1.1" 200 -
2026-09-18 13:44:18,744 INFO "POST /v1/chat/completions HTTP/1.1" 200 -
2026-09-18 13:44:18,744 INFO "POST /v1/chat/completions HTTP/1.1" 200 -
2026-09-18 13:44:22,267 INFO "POST /v1/chat/completions HTTP/1.1" 200 -
2026-09-18 13:44:24,680 INFO "POST /v1/chat/completions HTTP/1.1" 200 -
2026-09-18 13:44:27,990 INFO "POST /v1/chat/completions HTTP/1.1" 200 -
2026-09-18 13:44:30,087 INFO "POST /v1/chat/completions HTTP/1.1" 200 -
2026-09-18 13:44:32,469 INFO "POST /v1/chat/completions HTTP/1.1" 200 -
2026-09-18 13:44:33,363 INFO "POST /v1/chat/completions HTTP/1.1" 200 -
2026-09-18 13:44:33,363 INFO "POST /v1/chat/completions HTTP/1.1" 200 -
2026-09-18 13:44:34,730 INFO "POST /v1/chat/completions HTTP/1.1" 200 -
2026-09-18 13:44:35,617 INFO "POST /v1/chat/completions HTTP/1.1" 200 -
2026-09-18 13:44:40,152 INFO "POST /v1/chat/completions HTTP/1.1" 200 -
2026-09-18 13:44:40,843 INFO "POST /v1/chat/completions HTTP/1.1" 200 -
2026-09-18 13:44:40,843 INFO "POST /v1/chat/completions HTTP/1.1" 200 -
2026-09-18 13:44:40,843 INFO "POST /v1/chat/completions HTTP/1.1" 200 -
2026-09-18 13:44:41,430 INFO "POST /v1/chat/completions HTTP/1.1" 200 -
2026-09-18 13:44:41,439 INFO "POST /v1/chat/completions HTTP/1.1" 200 -
2026-09-18 13:44:41,439 INFO "POST /v1/chat/completions HTTP/1.1" 200 -
2026-09-18 13:44:43,531 INFO "POST /v1/chat/completions HTTP/1.1" 200 -
2026-09-18 13:44:44,285 INFO "POST /v1/chat/completions HTTP/1.1" 200 -
2026-09-18 13:44:48,019 INFO "POST /v1/chat/completions HTTP/1.1" 200 -
2026-09-18 13:44:48,019 INFO "POST /v1/chat/completions HTTP/1.1" 200 -
2026-09-18 13:44:50,962 INFO "POST /v1/chat/completions HTTP/1.1" 200 -
2026-09-18 13:44:55,378 INFO "POST /v1/chat/completions HTTP/1.1" 200 -
2026-09-18 13:44:56,944 INFO "POST /v1/chat/completions HTTP/1.1" 200 -
2026-09-18 13:45:02,860 INFO "POST /v1/chat/completions HTTP/1.1" 200 -
2026-09-18 13:45:03,507 INFO "POST /v1/chat/completions HTTP/1.1" 200 -
2026-09-18 13:45:03,655 INFO "POST /v1/chat/completions HTTP/1.1" 200 -
2026-09-18 13:45:05,855 INFO "POST /v1/chat/completions HTTP/1.1" 200 -
2026-09-18 13:45:06,941 INFO "POST /v1/chat/completions HTTP/1.1" 200 -
2026-09-18 13:45:06,981 INFO "POST /v1/chat/completions HTTP/1.1" 200 -
2026-09-18 13:45:11,756 INFO "POST /v1/chat/completions HTTP/1.1" 200 -
2026-09-18 13:45:12,439 INFO "POST /v1/chat/completions HTTP/1.1" 200 -
2026-09-18 13:45:12,439 INFO "POST /v1/chat/completions HTTP/1.1" 200 -
2026-09-18 13:45:12,439 INFO "POST /v1/chat/completions HTTP/1.1" 200 -
2026-09-18 13:45:12,448 INFO "POST /v1/chat/completions HTTP/1.1" 200 -
2026-09-18 13:45:12,449 INFO "POST /v1/chat/completions HTTP/1.1" 200 -
2026-09-18 13:45:12,954 INFO "POST /v1/chat/completions HTTP/1.1" 200 -
2026-09-18 13:45:15,067 INFO "POST /v1/chat/completions HTTP/1.1" 200 -
2026-09-18 13:45:15,068 INFO "POST /v1/chat/completions HTTP/1.1" 200 -
2026-09-18 13:45:19,204 INFO "POST /v1/chat/completions HTTP/1.1" 200 -
2026-09-18 13:45:19,630 INFO "POST /v1/chat/completions HTTP/1.1" 200 -
2026-09-18 13:45:22,853 INFO "POST /v1/chat/completions HTTP/1.1" 200 -
2026-09-18 13:45:26,623 INFO "POST /v1/chat/completions HTTP/1.1" 200 -
2026-09-18 13:45:29,538 INFO "POST /v1/chat/completions HTTP/1.1" 200 -
2026-09-18 13:45:30,667 INFO "POST /v1/chat/completions HTTP/1.1" 200 -
2026-09-18 13:45:34,485 INFO "POST /v1/chat/completions HTTP/1.1" 200 -
2026-09-18 13:45:35,209 INFO "POST /v1/chat/completions HTTP/1.1" 200 -
2026-09-18 13:45:36,329 INFO "POST /v1/chat/completions HTTP/1.1" 200 -
2026-09-18 13:45:36,373 INFO "POST /v1/chat/completions HTTP/1.1" 200 -
2026-09-18 13:45:37,398 INFO "POST /v1/chat/completions HTTP/1.1" 200 -
2026-09-18 13:45:42,060 INFO "POST /v1/chat/completions HTTP/1.1" 200 -
2026-09-18 13:45:42,727 INFO "POST /v1/chat/completions HTTP/1.1" 200 -
2026-09-18 13:45:42,728 INFO "POST /v1/chat/completions HTTP/1.1" 200 -
2026-09-18 13:45:42,739 INFO "POST /v1/chat/completions HTTP/1.1" 200 -
2026-09-18 13:45:42,739 INFO "POST /v1/chat/completions HTTP/1.1" 200 -
2026-09-18 13:45:43,280 INFO "POST /v1/chat/completions HTTP/1.1" 200 -
2026-09-18 13:45:43,280 INFO "POST /v1/chat/completions HTTP/1.1" 200 -
2026-09-18 13:45:45,316 INFO "POST /v1/chat/completions HTTP/1.1" 200 -
2026-09-18 13:45:45,316 INFO "POST /v1/chat/completions HTTP/1.1" 200 -
2026-09-18 13:45:49,694 INFO "POST /v1/chat/completions HTTP/1.1" 200 -
2026-09-18 13:45:50,030 INFO "POST /v1/chat/completions HTTP/1.1" 200 -
2026-09-18 13:45:52,654 INFO "POST /v1/chat/completions HTTP/1.1" 200 -
2026-09-18 13:45:59,430 INFO "POST /v1/chat/completions HTTP/1.1" 200 -
2026-09-18 13:46:01,068 INFO "POST /v1/chat/completions HTTP/1.1" 200 -
2026-09-18 13:46:06,174 INFO "POST /v1/chat/completions HTTP/1.1" 200 -
2026-09-18 13:46:06,176 INFO "POST /v1/chat/completions HTTP/1.1" 200 -
2026-09-18 13:46:06,385 INFO "POST /v1/chat/completions HTTP/1.1" 200 -
2026-09-18 13:46:09,253 INFO "POST /v1/chat/completions HTTP/1.1" 200 -
2026-09-18 13:46:10,328 INFO "POST /v1/chat/completions HTTP/1.1" 200 -
2026-09-18 13:46:11,213 INFO "POST /v1/chat/completions HTTP/1.1" 200 -
2026-09-18 13:46:15,674 INFO "POST /v1/chat/completions HTTP/1.1" 200 -
2026-09-18 13:46:16,355 INFO "POST /v1/chat/completions HTTP/1.1" 200 -
2026-09-18 13:46:16,355 INFO "POST /v1/chat/completions HTTP/1.1" 200 -
2026-09-18 13:46:16,355 INFO "POST /v1/chat/completions HTTP/1.1" 200 -
2026-09-18 13:46:16,938 INFO "POST /v1/chat/completions HTTP/1.1" 200 -
2026-09-18 13:46:16,938 INFO "POST /v1/chat/completions HTTP/1.1" 200 -
2026-09-18 13:46:17,444 INFO "POST /v1/chat/completions HTTP/1.1" 200 -
2026-09-18 13:46:18,753 INFO "POST /v1/chat/completions HTTP/1.1" 200 -
2026-09-18 13:46:19,146 INFO "POST /v1/chat/completions HTTP/1.1" 200 -
2026-09-18 13:46:23,592 INFO "POST /v1/chat/completions HTTP/1.1" 200 -
2026-09-18 13:46:23,929 INFO "POST /v1/chat/completions HTTP/1.1" 200 -
2026-09-18 13:46:27,065 INFO "POST /v1/chat/completions HTTP/1.1" 200 -
2026-09-18 13:46:31,672 INFO "POST /v1/chat/completions HTTP/1.1" 200 -
2026-09-18 13:46:33,436 INFO "POST /v1/chat/completions HTTP/1.1" 200 -
2026-09-18 13:46:40,148 INFO "POST /v1/chat/completions HTTP/1.1" 200 -
2026-09-18 13:46:41,443 INFO "POST /v1/chat/completions HTTP/1.1" 200 -
2026-09-18 13:46:43,080 INFO "POST /v1/chat/completions HTTP/1.1" 200 -
2026-09-18 13:46:44,193 INFO "POST /v1/chat/completions HTTP/1.1" 200 -
2026-09-18 13:46:44,919 INFO "POST /v1/chat/completions HTTP/1.1" 200 -
2026-09-18 13:46:45,529 INFO "POST /v1/chat/completions HTTP/1.1" 200 -
2026-09-18 13:46:50,093 INFO "POST /v1/chat/completions HTTP/1.1" 200 -
2026-09-18 13:46:50,764 INFO "POST /v1/chat/completions HTTP/1.1" 200 -
2026-09-18 13:46:50,764 INFO "POST /v1/chat/completions HTTP/1.1" 200 -
2026-09-18 13:46:50,764 INFO "POST /v1/chat/completions HTTP/1.1" 200 -
2026-09-18 13:46:51,359 INFO "POST /v1/chat/completions HTTP/1.1" 200 -
2026-09-18 13:46:51,366 INFO "POST /v1/chat/completions HTTP/1.1" 200 -
2026-09-18 13:46:51,366 INFO "POST /v1/chat/completions HTTP/1.1" 200 -
2026-09-18 13:46:53,070 INFO "POST /v1/chat/completions HTTP/1.1" 200 -
2026-09-18 13:46:53,408 INFO "POST /v1/chat/completions HTTP/1.1" 200 -
2026-09-18 13:46:58,178 INFO "POST /v1/chat/completions HTTP/1.1" 200 -
2026-09-18 13:46:58,182 INFO "POST /v1/chat/completions HTTP/1.1" 200 -
2026-09-18 13:47:00,370 INFO "POST /v1/chat/completions HTTP/1.1" 200 -
2026-09-18 13:47:03,851 INFO "POST /v1/chat/completions HTTP/1.1" 200 -
2026-09-18 13:47:04,567 INFO "POST /v1/chat/completions HTTP/1.1" 200 -
2026-09-18 13:47:13,347 INFO "POST /v1/chat/completions HTTP/1.1" 200 -
2026-09-18 13:47:13,347 INFO "POST /v1/chat/completions HTTP/1.1" 200 -
2026-09-18 13:47:13,558 INFO "POST /v1/chat/completions HTTP/1.1" 200 -
2026-09-18 13:47:13,980 INFO "POST /v1/chat/completions HTTP/1.1" 200 -
2026-09-18 13:47:14,026 INFO "POST /v1/chat/completions HTTP/1.1" 200 -
2026-09-18 13:47:15,248 INFO "POST /v1/chat/completions HTTP/1.1" 200 -
2026-09-18 13:47:19,751 INFO "POST /v1/chat/completions HTTP/1.1" 200 -
2026-09-18 13:47:20,450 INFO "POST /v1/chat/completions HTTP/1.1" 200 -
2026-09-18 13:47:20,450 INFO "POST /v1/chat/completions HTTP/1.1" 200 -
2026-09-18 13:47:20,450 INFO "POST /v1/chat/completions HTTP/1.1" 200 -
2026-09-18 13:47:20,450 INFO "POST /v1/chat/completions HTTP/1.1" 200 -
2026-09-18 13:47:20,456 INFO "POST /v1/chat/completions HTTP/1.1" 200 -
2026-09-18 13:47:20,987 INFO "POST /v1/chat/completions HTTP/1.1" 200 -
2026-09-18 13:47:22,954 INFO "POST /v1/chat/completions HTTP/1.1" 200 -
2026-09-18 13:47:23,229 INFO "POST /v1/chat/completions HTTP/1.1" 200 -
2026-09-18 13:47:27,246 INFO "POST /v1/chat/completions HTTP/1.1" 200 -
2026-09-18 13:47:27,591 INFO "POST /v1/chat/completions HTTP/1.1" 200 -
2026-09-18 13:47:29,930 INFO "POST /v1/chat/completions HTTP/1.1" 200 -
2026-09-18 13:47:35,153 INFO "POST /v1/chat/completions HTTP/1.1" 200 -
2026-09-18 13:47:35,910 INFO "POST /v1/chat/completions HTTP/1.1" 200 -
2026-09-18 13:47:42,459 INFO "POST /v1/chat/completions HTTP/1.1" 200 -
2026-09-18 13:47:43,026 INFO "POST /v1/chat/completions HTTP/1.1" 200 -
2026-09-18 13:47:43,172 INFO "POST /v1/chat/completions HTTP/1.1" 200 -
2026-09-18 13:47:45,300 INFO "POST /v1/chat/completions HTTP/1.1" 200 -
2026-09-18 13:47:45,708 INFO "POST /v1/chat/completions HTTP/1.1" 200 -
2026-09-18 13:47:46,142 INFO "POST /v1/chat/completions HTTP/1.1" 200 -
2026-09-18 13:47:46,144 INFO "GET /v1/status HTTP/1.1" 200 -
2026-09-18 13:47:46,204 INFO "GET /health HTTP/1.1" 200 -
