[transformers] PyTorch was not found. Models won't be available and only tokenizers, configuration and file/data utilities can be used.
2026-09-18 14:55:24,163 INFO ubc_evict: evicted 5108.2 MB from UBC for ~/mlx-models/North-Mini-Code-1.0-mlx-4bit/model-00001-of-00004.safetensors
2026-09-18 14:55:24,185 INFO ubc_evict: evicted 5118.0 MB from UBC for ~/mlx-models/North-Mini-Code-1.0-mlx-4bit/model-00002-of-00004.safetensors
2026-09-18 14:55:24,213 INFO ubc_evict: evicted 5118.0 MB from UBC for ~/mlx-models/North-Mini-Code-1.0-mlx-4bit/model-00003-of-00004.safetensors
2026-09-18 14:55:24,220 INFO ubc_evict: evicted 1015.2 MB from UBC for ~/mlx-models/North-Mini-Code-1.0-mlx-4bit/model-00004-of-00004.safetensors
2026-09-18 14:55:24,220 INFO ubc_evict: pass complete total_mb=16359.3 elapsed_s=0.08
2026-09-18 14:55:25,068 INFO "GET /health HTTP/1.1" 200 -
2026-09-18 14:55:25,070 INFO "GET /health HTTP/1.1" 200 -
2026-09-18 14:55:25,110 INFO "GET /v1/status HTTP/1.1" 200 -
2026-09-18 14:55:28,595 INFO "POST /v1/chat/completions HTTP/1.1" 200 -
2026-09-18 14:55:28,993 INFO "POST /v1/chat/completions HTTP/1.1" 200 -
2026-09-18 14:55:28,993 INFO "POST /v1/chat/completions HTTP/1.1" 200 -
2026-09-18 14:55:28,997 INFO "POST /v1/chat/completions HTTP/1.1" 200 -
2026-09-18 14:55:29,186 INFO "POST /v1/chat/completions HTTP/1.1" 200 -
2026-09-18 14:55:29,837 INFO "POST /v1/chat/completions HTTP/1.1" 200 -
2026-09-18 14:55:29,992 INFO "POST /v1/chat/completions HTTP/1.1" 200 -
2026-09-18 14:55:29,993 INFO "POST /v1/chat/completions HTTP/1.1" 200 -
2026-09-18 14:55:30,326 INFO "POST /v1/chat/completions HTTP/1.1" 200 -
2026-09-18 14:55:31,070 INFO "POST /v1/chat/completions HTTP/1.1" 200 -
2026-09-18 14:55:31,073 INFO "POST /v1/chat/completions HTTP/1.1" 200 -
2026-09-18 14:55:31,722 INFO "POST /v1/chat/completions HTTP/1.1" 200 -
2026-09-18 14:55:32,036 INFO "POST /v1/chat/completions HTTP/1.1" 200 -
2026-09-18 14:55:32,476 INFO "POST /v1/chat/completions HTTP/1.1" 200 -
2026-09-18 14:55:34,385 INFO "POST /v1/chat/completions HTTP/1.1" 200 -
2026-09-18 14:55:36,321 INFO "POST /v1/chat/completions HTTP/1.1" 200 -
2026-09-18 14:55:36,503 INFO "POST /v1/chat/completions HTTP/1.1" 200 -
2026-09-18 14:55:37,602 INFO "POST /v1/chat/completions HTTP/1.1" 200 -
2026-09-18 14:55:37,863 INFO "POST /v1/chat/completions HTTP/1.1" 200 -
2026-09-18 14:55:38,364 INFO "POST /v1/chat/completions HTTP/1.1" 200 -
2026-09-18 14:55:39,675 INFO "POST /v1/chat/completions HTTP/1.1" 200 -
2026-09-18 14:55:40,056 INFO "POST /v1/chat/completions HTTP/1.1" 200 -
2026-09-18 14:55:40,056 INFO "POST /v1/chat/completions HTTP/1.1" 200 -
2026-09-18 14:55:40,056 INFO "POST /v1/chat/completions HTTP/1.1" 200 -
2026-09-18 14:55:40,242 INFO "POST /v1/chat/completions HTTP/1.1" 200 -
2026-09-18 14:55:40,246 INFO "POST /v1/chat/completions HTTP/1.1" 200 -
2026-09-18 14:55:40,843 INFO "POST /v1/chat/completions HTTP/1.1" 200 -
2026-09-18 14:55:40,843 INFO "POST /v1/chat/completions HTTP/1.1" 200 -
2026-09-18 14:55:40,998 INFO "POST /v1/chat/completions HTTP/1.1" 200 -
2026-09-18 14:55:41,223 INFO "POST /v1/chat/completions HTTP/1.1" 200 -
2026-09-18 14:55:41,703 INFO "POST /v1/chat/completions HTTP/1.1" 200 -
2026-09-18 14:55:41,862 INFO "POST /v1/chat/completions HTTP/1.1" 200 -
2026-09-18 14:55:42,742 INFO "POST /v1/chat/completions HTTP/1.1" 200 -
2026-09-18 14:55:45,036 INFO "POST /v1/chat/completions HTTP/1.1" 200 -
2026-09-18 14:55:46,825 INFO "POST /v1/chat/completions HTTP/1.1" 200 -
2026-09-18 14:55:48,025 INFO "POST /v1/chat/completions HTTP/1.1" 200 -
2026-09-18 14:55:48,599 INFO "POST /v1/chat/completions HTTP/1.1" 200 -
2026-09-18 14:55:49,498 INFO "POST /v1/chat/completions HTTP/1.1" 200 -
2026-09-18 14:55:49,529 INFO "POST /v1/chat/completions HTTP/1.1" 200 -
2026-09-18 14:55:50,049 INFO "POST /v1/chat/completions HTTP/1.1" 200 -
2026-09-18 14:55:51,371 INFO "POST /v1/chat/completions HTTP/1.1" 200 -
2026-09-18 14:55:51,730 INFO "POST /v1/chat/completions HTTP/1.1" 200 -
2026-09-18 14:55:51,730 INFO "POST /v1/chat/completions HTTP/1.1" 200 -
2026-09-18 14:55:51,924 INFO "POST /v1/chat/completions HTTP/1.1" 200 -
2026-09-18 14:55:52,598 INFO "POST /v1/chat/completions HTTP/1.1" 200 -
2026-09-18 14:55:52,756 INFO "POST /v1/chat/completions HTTP/1.1" 200 -
2026-09-18 14:55:52,885 INFO "POST /v1/chat/completions HTTP/1.1" 200 -
2026-09-18 14:55:52,885 INFO "POST /v1/chat/completions HTTP/1.1" 200 -
2026-09-18 14:55:53,098 INFO "POST /v1/chat/completions HTTP/1.1" 200 -
2026-09-18 14:55:53,770 INFO "POST /v1/chat/completions HTTP/1.1" 200 -
2026-09-18 14:55:54,443 INFO "POST /v1/chat/completions HTTP/1.1" 200 -
2026-09-18 14:55:54,698 INFO "POST /v1/chat/completions HTTP/1.1" 200 -
2026-09-18 14:55:54,776 INFO "POST /v1/chat/completions HTTP/1.1" 200 -
2026-09-18 14:55:55,478 INFO "POST /v1/chat/completions HTTP/1.1" 200 -
2026-09-18 14:55:57,025 INFO "POST /v1/chat/completions HTTP/1.1" 200 -
2026-09-18 14:55:58,627 INFO "POST /v1/chat/completions HTTP/1.1" 200 -
2026-09-18 14:55:59,170 INFO "POST /v1/chat/completions HTTP/1.1" 200 -
2026-09-18 14:56:00,237 INFO "POST /v1/chat/completions HTTP/1.1" 200 -
2026-09-18 14:56:00,658 INFO "POST /v1/chat/completions HTTP/1.1" 200 -
2026-09-18 14:56:01,036 INFO "POST /v1/chat/completions HTTP/1.1" 200 -
2026-09-18 14:56:02,480 INFO "POST /v1/chat/completions HTTP/1.1" 200 -
2026-09-18 14:56:02,836 INFO "POST /v1/chat/completions HTTP/1.1" 200 -
2026-09-18 14:56:02,836 INFO "POST /v1/chat/completions HTTP/1.1" 200 -
2026-09-18 14:56:02,843 INFO "POST /v1/chat/completions HTTP/1.1" 200 -
2026-09-18 14:56:03,024 INFO "POST /v1/chat/completions HTTP/1.1" 200 -
2026-09-18 14:56:03,655 INFO "POST /v1/chat/completions HTTP/1.1" 200 -
2026-09-18 14:56:03,801 INFO "POST /v1/chat/completions HTTP/1.1" 200 -
2026-09-18 14:56:03,801 INFO "POST /v1/chat/completions HTTP/1.1" 200 -
2026-09-18 14:56:04,101 INFO "POST /v1/chat/completions HTTP/1.1" 200 -
2026-09-18 14:56:04,591 INFO "POST /v1/chat/completions HTTP/1.1" 200 -
2026-09-18 14:56:04,764 INFO "POST /v1/chat/completions HTTP/1.1" 200 -
2026-09-18 14:56:05,373 INFO "POST /v1/chat/completions HTTP/1.1" 200 -
2026-09-18 14:56:05,665 INFO "POST /v1/chat/completions HTTP/1.1" 200 -
2026-09-18 14:56:06,893 INFO "POST /v1/chat/completions HTTP/1.1" 200 -
2026-09-18 14:56:08,816 INFO "POST /v1/chat/completions HTTP/1.1" 200 -
2026-09-18 14:56:10,431 INFO "POST /v1/chat/completions HTTP/1.1" 200 -
2026-09-18 14:56:10,739 INFO "POST /v1/chat/completions HTTP/1.1" 200 -
2026-09-18 14:56:11,900 INFO "POST /v1/chat/completions HTTP/1.1" 200 -
2026-09-18 14:56:12,113 INFO "POST /v1/chat/completions HTTP/1.1" 200 -
2026-09-18 14:56:12,476 INFO "POST /v1/chat/completions HTTP/1.1" 200 -
2026-09-18 14:56:13,811 INFO "POST /v1/chat/completions HTTP/1.1" 200 -
2026-09-18 14:56:14,162 INFO "POST /v1/chat/completions HTTP/1.1" 200 -
2026-09-18 14:56:14,162 INFO "POST /v1/chat/completions HTTP/1.1" 200 -
2026-09-18 14:56:14,167 INFO "POST /v1/chat/completions HTTP/1.1" 200 -
2026-09-18 14:56:14,349 INFO "POST /v1/chat/completions HTTP/1.1" 200 -
2026-09-18 14:56:14,962 INFO "POST /v1/chat/completions HTTP/1.1" 200 -
2026-09-18 14:56:14,962 INFO "POST /v1/chat/completions HTTP/1.1" 200 -
2026-09-18 14:56:15,107 INFO "POST /v1/chat/completions HTTP/1.1" 200 -
2026-09-18 14:56:15,445 INFO "POST /v1/chat/completions HTTP/1.1" 200 -
2026-09-18 14:56:16,080 INFO "POST /v1/chat/completions HTTP/1.1" 200 -
2026-09-18 14:56:16,080 INFO "POST /v1/chat/completions HTTP/1.1" 200 -
2026-09-18 14:56:16,689 INFO "POST /v1/chat/completions HTTP/1.1" 200 -
2026-09-18 14:56:16,993 INFO "POST /v1/chat/completions HTTP/1.1" 200 -
2026-09-18 14:56:18,274 INFO "POST /v1/chat/completions HTTP/1.1" 200 -
2026-09-18 14:56:20,770 INFO "POST /v1/chat/completions HTTP/1.1" 200 -
2026-09-18 14:56:21,341 INFO "POST /v1/chat/completions HTTP/1.1" 200 -
2026-09-18 14:56:21,666 INFO "POST /v1/chat/completions HTTP/1.1" 200 -
2026-09-18 14:56:22,408 INFO "POST /v1/chat/completions HTTP/1.1" 200 -
2026-09-18 14:56:23,031 INFO "POST /v1/chat/completions HTTP/1.1" 200 -
2026-09-18 14:56:23,430 INFO "POST /v1/chat/completions HTTP/1.1" 200 -
2026-09-18 14:56:24,792 INFO "POST /v1/chat/completions HTTP/1.1" 200 -
2026-09-18 14:56:25,152 INFO "POST /v1/chat/completions HTTP/1.1" 200 -
2026-09-18 14:56:25,152 INFO "POST /v1/chat/completions HTTP/1.1" 200 -
2026-09-18 14:56:25,352 INFO "POST /v1/chat/completions HTTP/1.1" 200 -
2026-09-18 14:56:25,356 INFO "POST /v1/chat/completions HTTP/1.1" 200 -
2026-09-18 14:56:26,013 INFO "POST /v1/chat/completions HTTP/1.1" 200 -
2026-09-18 14:56:26,014 INFO "POST /v1/chat/completions HTTP/1.1" 200 -
2026-09-18 14:56:26,163 INFO "POST /v1/chat/completions HTTP/1.1" 200 -
2026-09-18 14:56:26,474 INFO "POST /v1/chat/completions HTTP/1.1" 200 -
2026-09-18 14:56:27,134 INFO "POST /v1/chat/completions HTTP/1.1" 200 -
2026-09-18 14:56:27,858 INFO "POST /v1/chat/completions HTTP/1.1" 200 -
2026-09-18 14:56:28,359 INFO "POST /v1/chat/completions HTTP/1.1" 200 -
2026-09-18 14:56:30,483 INFO "POST /v1/chat/completions HTTP/1.1" 200 -
2026-09-18 14:56:30,550 INFO "POST /v1/chat/completions HTTP/1.1" 200 -
2026-09-18 14:56:31,839 INFO "POST /v1/chat/completions HTTP/1.1" 200 -
2026-09-18 14:56:32,697 INFO "POST /v1/chat/completions HTTP/1.1" 200 -
2026-09-18 14:56:33,359 INFO "POST /v1/chat/completions HTTP/1.1" 200 -
2026-09-18 14:56:33,835 INFO "POST /v1/chat/completions HTTP/1.1" 200 -
2026-09-18 14:56:34,338 INFO "POST /v1/chat/completions HTTP/1.1" 200 -
2026-09-18 14:56:34,747 INFO "POST /v1/chat/completions HTTP/1.1" 200 -
2026-09-18 14:56:36,010 INFO "POST /v1/chat/completions HTTP/1.1" 200 -
2026-09-18 14:56:36,367 INFO "POST /v1/chat/completions HTTP/1.1" 200 -
2026-09-18 14:56:36,367 INFO "POST /v1/chat/completions HTTP/1.1" 200 -
2026-09-18 14:56:36,562 INFO "POST /v1/chat/completions HTTP/1.1" 200 -
2026-09-18 14:56:37,245 INFO "POST /v1/chat/completions HTTP/1.1" 200 -
2026-09-18 14:56:37,395 INFO "POST /v1/chat/completions HTTP/1.1" 200 -
2026-09-18 14:56:37,401 INFO "POST /v1/chat/completions HTTP/1.1" 200 -
2026-09-18 14:56:37,523 INFO "POST /v1/chat/completions HTTP/1.1" 200 -
2026-09-18 14:56:37,757 INFO "POST /v1/chat/completions HTTP/1.1" 200 -
2026-09-18 14:56:38,421 INFO "POST /v1/chat/completions HTTP/1.1" 200 -
2026-09-18 14:56:39,106 INFO "POST /v1/chat/completions HTTP/1.1" 200 -
2026-09-18 14:56:39,414 INFO "POST /v1/chat/completions HTTP/1.1" 200 -
2026-09-18 14:56:40,692 INFO "POST /v1/chat/completions HTTP/1.1" 200 -
2026-09-18 14:56:42,088 INFO "POST /v1/chat/completions HTTP/1.1" 200 -
2026-09-18 14:56:43,226 INFO "POST /v1/chat/completions HTTP/1.1" 200 -
2026-09-18 14:56:44,099 INFO "POST /v1/chat/completions HTTP/1.1" 200 -
2026-09-18 14:56:44,180 INFO "POST /v1/chat/completions HTTP/1.1" 200 -
2026-09-18 14:56:45,404 INFO "POST /v1/chat/completions HTTP/1.1" 200 -
2026-09-18 14:56:45,454 INFO "POST /v1/chat/completions HTTP/1.1" 200 -
2026-09-18 14:56:45,725 INFO "POST /v1/chat/completions HTTP/1.1" 200 -
2026-09-18 14:56:47,051 INFO "POST /v1/chat/completions HTTP/1.1" 200 -
2026-09-18 14:56:47,404 INFO "POST /v1/chat/completions HTTP/1.1" 200 -
2026-09-18 14:56:47,404 INFO "POST /v1/chat/completions HTTP/1.1" 200 -
2026-09-18 14:56:47,601 INFO "POST /v1/chat/completions HTTP/1.1" 200 -
2026-09-18 14:56:47,606 INFO "POST /v1/chat/completions HTTP/1.1" 200 -
2026-09-18 14:56:48,253 INFO "POST /v1/chat/completions HTTP/1.1" 200 -
2026-09-18 14:56:48,389 INFO "POST /v1/chat/completions HTTP/1.1" 200 -
2026-09-18 14:56:48,492 INFO "POST /v1/chat/completions HTTP/1.1" 200 -
2026-09-18 14:56:48,715 INFO "POST /v1/chat/completions HTTP/1.1" 200 -
2026-09-18 14:56:49,395 INFO "POST /v1/chat/completions HTTP/1.1" 200 -
2026-09-18 14:56:49,924 INFO "POST /v1/chat/completions HTTP/1.1" 200 -
2026-09-18 14:56:50,112 INFO "POST /v1/chat/completions HTTP/1.1" 200 -
2026-09-18 14:56:50,503 INFO "POST /v1/chat/completions HTTP/1.1" 200 -
2026-09-18 14:56:51,170 INFO "POST /v1/chat/completions HTTP/1.1" 200 -
2026-09-18 14:56:53,448 INFO "POST /v1/chat/completions HTTP/1.1" 200 -
2026-09-18 14:56:55,173 INFO "POST /v1/chat/completions HTTP/1.1" 200 -
2026-09-18 14:56:55,222 INFO "POST /v1/chat/completions HTTP/1.1" 200 -
2026-09-18 14:56:55,863 INFO "POST /v1/chat/completions HTTP/1.1" 200 -
2026-09-18 14:56:56,247 INFO "POST /v1/chat/completions HTTP/1.1" 200 -
2026-09-18 14:56:56,760 INFO "POST /v1/chat/completions HTTP/1.1" 200 -
2026-09-18 14:56:58,142 INFO "POST /v1/chat/completions HTTP/1.1" 200 -
2026-09-18 14:56:58,500 INFO "POST /v1/chat/completions HTTP/1.1" 200 -
2026-09-18 14:56:58,500 INFO "POST /v1/chat/completions HTTP/1.1" 200 -
2026-09-18 14:56:58,505 INFO "POST /v1/chat/completions HTTP/1.1" 200 -
2026-09-18 14:56:58,690 INFO "POST /v1/chat/completions HTTP/1.1" 200 -
2026-09-18 14:56:59,349 INFO "POST /v1/chat/completions HTTP/1.1" 200 -
2026-09-18 14:56:59,635 INFO "POST /v1/chat/completions HTTP/1.1" 200 -
2026-09-18 14:56:59,636 INFO "POST /v1/chat/completions HTTP/1.1" 200 -
2026-09-18 14:56:59,850 INFO "POST /v1/chat/completions HTTP/1.1" 200 -
2026-09-18 14:57:00,509 INFO "POST /v1/chat/completions HTTP/1.1" 200 -
2026-09-18 14:57:01,223 INFO "POST /v1/chat/completions HTTP/1.1" 200 -
2026-09-18 14:57:01,630 INFO "POST /v1/chat/completions HTTP/1.1" 200 -
2026-09-18 14:57:02,807 INFO "POST /v1/chat/completions HTTP/1.1" 200 -
2026-09-18 14:57:05,778 INFO "POST /v1/chat/completions HTTP/1.1" 200 -
2026-09-18 14:57:05,884 INFO "POST /v1/chat/completions HTTP/1.1" 200 -
2026-09-18 14:57:05,941 INFO "POST /v1/chat/completions HTTP/1.1" 200 -
2026-09-18 14:57:06,620 INFO "POST /v1/chat/completions HTTP/1.1" 200 -
2026-09-18 14:57:07,842 INFO "POST /v1/chat/completions HTTP/1.1" 200 -
2026-09-18 14:57:07,977 INFO "POST /v1/chat/completions HTTP/1.1" 200 -
2026-09-18 14:57:08,530 INFO "POST /v1/chat/completions HTTP/1.1" 200 -
2026-09-18 14:57:09,802 INFO "POST /v1/chat/completions HTTP/1.1" 200 -
2026-09-18 14:57:10,161 INFO "POST /v1/chat/completions HTTP/1.1" 200 -
2026-09-18 14:57:10,166 INFO "POST /v1/chat/completions HTTP/1.1" 200 -
2026-09-18 14:57:10,372 INFO "POST /v1/chat/completions HTTP/1.1" 200 -
2026-09-18 14:57:10,586 INFO "POST /v1/chat/completions HTTP/1.1" 200 -
2026-09-18 14:57:11,082 INFO "POST /v1/chat/completions HTTP/1.1" 200 -
2026-09-18 14:57:11,082 INFO "POST /v1/chat/completions HTTP/1.1" 200 -
2026-09-18 14:57:11,338 INFO "POST /v1/chat/completions HTTP/1.1" 200 -
2026-09-18 14:57:11,572 INFO "POST /v1/chat/completions HTTP/1.1" 200 -
2026-09-18 14:57:11,934 INFO "POST /v1/chat/completions HTTP/1.1" 200 -
2026-09-18 14:57:12,184 INFO "POST /v1/chat/completions HTTP/1.1" 200 -
2026-09-18 14:57:12,819 INFO "POST /v1/chat/completions HTTP/1.1" 200 -
2026-09-18 14:57:13,239 INFO "POST /v1/chat/completions HTTP/1.1" 200 -
2026-09-18 14:57:14,808 INFO "POST /v1/chat/completions HTTP/1.1" 200 -
2026-09-18 14:57:15,467 INFO "POST /v1/chat/completions HTTP/1.1" 200 -
2026-09-18 14:57:18,411 INFO "POST /v1/chat/completions HTTP/1.1" 200 -
2026-09-18 14:57:19,929 INFO "POST /v1/chat/completions HTTP/1.1" 200 -
2026-09-18 14:57:20,079 INFO "POST /v1/chat/completions HTTP/1.1" 200 -
2026-09-18 14:57:20,258 INFO "POST /v1/chat/completions HTTP/1.1" 200 -
2026-09-18 14:57:20,670 INFO "POST /v1/chat/completions HTTP/1.1" 200 -
2026-09-18 14:57:22,039 INFO "POST /v1/chat/completions HTTP/1.1" 200 -
2026-09-18 14:57:22,417 INFO "POST /v1/chat/completions HTTP/1.1" 200 -
2026-09-18 14:57:22,417 INFO "POST /v1/chat/completions HTTP/1.1" 200 -
2026-09-18 14:57:22,634 INFO "POST /v1/chat/completions HTTP/1.1" 200 -
2026-09-18 14:57:23,318 INFO "POST /v1/chat/completions HTTP/1.1" 200 -
2026-09-18 14:57:23,460 INFO "POST /v1/chat/completions HTTP/1.1" 200 -
2026-09-18 14:57:23,460 INFO "POST /v1/chat/completions HTTP/1.1" 200 -
2026-09-18 14:57:23,560 INFO "POST /v1/chat/completions HTTP/1.1" 200 -
2026-09-18 14:57:23,754 INFO "POST /v1/chat/completions HTTP/1.1" 200 -
2026-09-18 14:57:24,412 INFO "POST /v1/chat/completions HTTP/1.1" 200 -
2026-09-18 14:57:25,090 INFO "POST /v1/chat/completions HTTP/1.1" 200 -
2026-09-18 14:57:25,425 INFO "POST /v1/chat/completions HTTP/1.1" 200 -
2026-09-18 14:57:27,259 INFO "POST /v1/chat/completions HTTP/1.1" 200 -
2026-09-18 14:57:27,331 INFO "POST /v1/chat/completions HTTP/1.1" 200 -
2026-09-18 14:57:29,215 INFO "POST /v1/chat/completions HTTP/1.1" 200 -
2026-09-18 14:57:30,197 INFO "POST /v1/chat/completions HTTP/1.1" 200 -
2026-09-18 14:57:31,879 INFO "POST /v1/chat/completions HTTP/1.1" 200 -
2026-09-18 14:57:32,114 INFO "POST /v1/chat/completions HTTP/1.1" 200 -
2026-09-18 14:57:32,535 INFO "POST /v1/chat/completions HTTP/1.1" 200 -
2026-09-18 14:57:32,559 INFO "POST /v1/chat/completions HTTP/1.1" 200 -
2026-09-18 14:57:33,809 INFO "POST /v1/chat/completions HTTP/1.1" 200 -
2026-09-18 14:57:34,188 INFO "POST /v1/chat/completions HTTP/1.1" 200 -
2026-09-18 14:57:34,188 INFO "POST /v1/chat/completions HTTP/1.1" 200 -
2026-09-18 14:57:34,390 INFO "POST /v1/chat/completions HTTP/1.1" 200 -
2026-09-18 14:57:34,565 INFO "POST /v1/chat/completions HTTP/1.1" 200 -
2026-09-18 14:57:35,007 INFO "POST /v1/chat/completions HTTP/1.1" 200 -
2026-09-18 14:57:35,007 INFO "POST /v1/chat/completions HTTP/1.1" 200 -
2026-09-18 14:57:35,275 INFO "POST /v1/chat/completions HTTP/1.1" 200 -
2026-09-18 14:57:35,481 INFO "POST /v1/chat/completions HTTP/1.1" 200 -
2026-09-18 14:57:36,128 INFO "POST /v1/chat/completions HTTP/1.1" 200 -
2026-09-18 14:57:36,827 INFO "POST /v1/chat/completions HTTP/1.1" 200 -
2026-09-18 14:57:37,232 INFO "POST /v1/chat/completions HTTP/1.1" 200 -
2026-09-18 14:57:38,508 INFO "POST /v1/chat/completions HTTP/1.1" 200 -
2026-09-18 14:57:40,451 INFO "POST /v1/chat/completions HTTP/1.1" 200 -
2026-09-18 14:57:41,263 INFO "POST /v1/chat/completions HTTP/1.1" 200 -
2026-09-18 14:57:41,267 INFO "POST /v1/chat/completions HTTP/1.1" 200 -
2026-09-18 14:57:41,909 INFO "POST /v1/chat/completions HTTP/1.1" 200 -
2026-09-18 14:57:44,391 INFO "POST /v1/chat/completions HTTP/1.1" 200 -
2026-09-18 14:57:44,412 INFO "POST /v1/chat/completions HTTP/1.1" 200 -
2026-09-18 14:57:44,412 INFO "POST /v1/chat/completions HTTP/1.1" 200 -
2026-09-18 14:57:45,793 INFO "POST /v1/chat/completions HTTP/1.1" 200 -
2026-09-18 14:57:46,153 INFO "POST /v1/chat/completions HTTP/1.1" 200 -
2026-09-18 14:57:46,153 INFO "POST /v1/chat/completions HTTP/1.1" 200 -
2026-09-18 14:57:46,160 INFO "POST /v1/chat/completions HTTP/1.1" 200 -
2026-09-18 14:57:46,333 INFO "POST /v1/chat/completions HTTP/1.1" 200 -
2026-09-18 14:57:46,963 INFO "POST /v1/chat/completions HTTP/1.1" 200 -
2026-09-18 14:57:46,963 INFO "POST /v1/chat/completions HTTP/1.1" 200 -
2026-09-18 14:57:47,099 INFO "POST /v1/chat/completions HTTP/1.1" 200 -
2026-09-18 14:57:47,396 INFO "POST /v1/chat/completions HTTP/1.1" 200 -
2026-09-18 14:57:47,895 INFO "POST /v1/chat/completions HTTP/1.1" 200 -
2026-09-18 14:57:48,038 INFO "POST /v1/chat/completions HTTP/1.1" 200 -
2026-09-18 14:57:48,682 INFO "POST /v1/chat/completions HTTP/1.1" 200 -
2026-09-18 14:57:48,973 INFO "POST /v1/chat/completions HTTP/1.1" 200 -
2026-09-18 14:57:49,624 INFO "POST /v1/chat/completions HTTP/1.1" 200 -
2026-09-18 14:57:51,498 INFO "POST /v1/chat/completions HTTP/1.1" 200 -
2026-09-18 14:57:53,121 INFO "POST /v1/chat/completions HTTP/1.1" 200 -
2026-09-18 14:57:53,418 INFO "POST /v1/chat/completions HTTP/1.1" 200 -
2026-09-18 14:57:54,465 INFO "POST /v1/chat/completions HTTP/1.1" 200 -
2026-09-18 14:57:55,273 INFO "POST /v1/chat/completions HTTP/1.1" 200 -
2026-09-18 14:57:55,273 INFO "POST /v1/chat/completions HTTP/1.1" 200 -
2026-09-18 14:57:56,547 INFO "POST /v1/chat/completions HTTP/1.1" 200 -
2026-09-18 14:57:56,902 INFO "POST /v1/chat/completions HTTP/1.1" 200 -
2026-09-18 14:57:56,903 INFO "POST /v1/chat/completions HTTP/1.1" 200 -
2026-09-18 14:57:57,093 INFO "POST /v1/chat/completions HTTP/1.1" 200 -
2026-09-18 14:57:57,777 INFO "POST /v1/chat/completions HTTP/1.1" 200 -
2026-09-18 14:57:57,778 INFO "POST /v1/chat/completions HTTP/1.1" 200 -
2026-09-18 14:57:57,778 INFO "POST /v1/chat/completions HTTP/1.1" 200 -
2026-09-18 14:57:57,916 INFO "POST /v1/chat/completions HTTP/1.1" 200 -
2026-09-18 14:57:58,217 INFO "POST /v1/chat/completions HTTP/1.1" 200 -
2026-09-18 14:57:58,866 INFO "POST /v1/chat/completions HTTP/1.1" 200 -
2026-09-18 14:57:59,575 INFO "POST /v1/chat/completions HTTP/1.1" 200 -
2026-09-18 14:57:59,892 INFO "POST /v1/chat/completions HTTP/1.1" 200 -
2026-09-18 14:58:01,091 INFO "POST /v1/chat/completions HTTP/1.1" 200 -
2026-09-18 14:58:01,830 INFO "POST /v1/chat/completions HTTP/1.1" 200 -
2026-09-18 14:58:02,009 INFO "POST /v1/chat/completions HTTP/1.1" 200 -
2026-09-18 14:58:04,522 INFO "POST /v1/chat/completions HTTP/1.1" 200 -
2026-09-18 14:58:04,658 INFO "POST /v1/chat/completions HTTP/1.1" 200 -
2026-09-18 14:58:05,606 INFO "POST /v1/chat/completions HTTP/1.1" 200 -
2026-09-18 14:58:05,636 INFO "POST /v1/chat/completions HTTP/1.1" 200 -
2026-09-18 14:58:06,265 INFO "POST /v1/chat/completions HTTP/1.1" 200 -
2026-09-18 14:58:07,618 INFO "POST /v1/chat/completions HTTP/1.1" 200 -
2026-09-18 14:58:07,984 INFO "POST /v1/chat/completions HTTP/1.1" 200 -
2026-09-18 14:58:07,984 INFO "POST /v1/chat/completions HTTP/1.1" 200 -
2026-09-18 14:58:08,367 INFO "POST /v1/chat/completions HTTP/1.1" 200 -
2026-09-18 14:58:08,873 INFO "POST /v1/chat/completions HTTP/1.1" 200 -
2026-09-18 14:58:08,873 INFO "POST /v1/chat/completions HTTP/1.1" 200 -
2026-09-18 14:58:09,147 INFO "POST /v1/chat/completions HTTP/1.1" 200 -
2026-09-18 14:58:09,150 INFO "POST /v1/chat/completions HTTP/1.1" 200 -
2026-09-18 14:58:09,391 INFO "POST /v1/chat/completions HTTP/1.1" 200 -
2026-09-18 14:58:09,958 INFO "POST /v1/chat/completions HTTP/1.1" 200 -
2026-09-18 14:58:10,034 INFO "POST /v1/chat/completions HTTP/1.1" 200 -
2026-09-18 14:58:10,655 INFO "POST /v1/chat/completions HTTP/1.1" 200 -
2026-09-18 14:58:11,045 INFO "POST /v1/chat/completions HTTP/1.1" 200 -
2026-09-18 14:58:12,296 INFO "POST /v1/chat/completions HTTP/1.1" 200 -
2026-09-18 14:58:12,360 INFO "POST /v1/chat/completions HTTP/1.1" 200 -
2026-09-18 14:58:14,108 INFO "POST /v1/chat/completions HTTP/1.1" 200 -
2026-09-18 14:58:15,236 INFO "POST /v1/chat/completions HTTP/1.1" 200 -
2026-09-18 14:58:16,274 INFO "POST /v1/chat/completions HTTP/1.1" 200 -
2026-09-18 14:58:16,385 INFO "POST /v1/chat/completions HTTP/1.1" 200 -
2026-09-18 14:58:16,964 INFO "POST /v1/chat/completions HTTP/1.1" 200 -
2026-09-18 14:58:18,268 INFO "POST /v1/chat/completions HTTP/1.1" 200 -
2026-09-18 14:58:18,626 INFO "POST /v1/chat/completions HTTP/1.1" 200 -
2026-09-18 14:58:18,626 INFO "POST /v1/chat/completions HTTP/1.1" 200 -
2026-09-18 14:58:18,821 INFO "POST /v1/chat/completions HTTP/1.1" 200 -
2026-09-18 14:58:18,828 INFO "POST /v1/chat/completions HTTP/1.1" 200 -
2026-09-18 14:58:19,448 INFO "POST /v1/chat/completions HTTP/1.1" 200 -
2026-09-18 14:58:19,450 INFO "POST /v1/chat/completions HTTP/1.1" 200 -
2026-09-18 14:58:19,703 INFO "POST /v1/chat/completions HTTP/1.1" 200 -
2026-09-18 14:58:19,915 INFO "POST /v1/chat/completions HTTP/1.1" 200 -
2026-09-18 14:58:20,470 INFO "POST /v1/chat/completions HTTP/1.1" 200 -
2026-09-18 14:58:20,569 INFO "POST /v1/chat/completions HTTP/1.1" 200 -
2026-09-18 14:58:21,181 INFO "POST /v1/chat/completions HTTP/1.1" 200 -
2026-09-18 14:58:21,559 INFO "POST /v1/chat/completions HTTP/1.1" 200 -
2026-09-18 14:58:23,136 INFO "POST /v1/chat/completions HTTP/1.1" 200 -
2026-09-18 14:58:23,256 INFO "POST /v1/chat/completions HTTP/1.1" 200 -
2026-09-18 14:58:25,913 INFO "POST /v1/chat/completions HTTP/1.1" 200 -
2026-09-18 14:58:26,076 INFO "POST /v1/chat/completions HTTP/1.1" 200 -
2026-09-18 14:58:27,004 INFO "POST /v1/chat/completions HTTP/1.1" 200 -
2026-09-18 14:58:27,814 INFO "POST /v1/chat/completions HTTP/1.1" 200 -
2026-09-18 14:58:28,016 INFO "POST /v1/chat/completions HTTP/1.1" 200 -
2026-09-18 14:58:29,334 INFO "POST /v1/chat/completions HTTP/1.1" 200 -
2026-09-18 14:58:29,721 INFO "POST /v1/chat/completions HTTP/1.1" 200 -
2026-09-18 14:58:29,721 INFO "POST /v1/chat/completions HTTP/1.1" 200 -
2026-09-18 14:58:29,726 INFO "POST /v1/chat/completions HTTP/1.1" 200 -
2026-09-18 14:58:29,918 INFO "POST /v1/chat/completions HTTP/1.1" 200 -
2026-09-18 14:58:30,546 INFO "POST /v1/chat/completions HTTP/1.1" 200 -
2026-09-18 14:58:30,698 INFO "POST /v1/chat/completions HTTP/1.1" 200 -
2026-09-18 14:58:31,010 INFO "POST /v1/chat/completions HTTP/1.1" 200 -
2026-09-18 14:58:31,725 INFO "POST /v1/chat/completions HTTP/1.1" 200 -
2026-09-18 14:58:32,368 INFO "POST /v1/chat/completions HTTP/1.1" 200 -
2026-09-18 14:58:32,610 INFO "POST /v1/chat/completions HTTP/1.1" 200 -
2026-09-18 14:58:32,702 INFO "POST /v1/chat/completions HTTP/1.1" 200 -
2026-09-18 14:58:32,932 INFO "POST /v1/chat/completions HTTP/1.1" 200 -
2026-09-18 14:58:34,391 INFO "POST /v1/chat/completions HTTP/1.1" 200 -
2026-09-18 14:58:35,974 INFO "POST /v1/chat/completions HTTP/1.1" 200 -
2026-09-18 14:58:37,762 INFO "POST /v1/chat/completions HTTP/1.1" 200 -
2026-09-18 14:58:38,669 INFO "POST /v1/chat/completions HTTP/1.1" 200 -
2026-09-18 14:58:39,596 INFO "POST /v1/chat/completions HTTP/1.1" 200 -
2026-09-18 14:58:39,641 INFO "POST /v1/chat/completions HTTP/1.1" 200 -
2026-09-18 14:58:39,707 INFO "POST /v1/chat/completions HTTP/1.1" 200 -
2026-09-18 14:58:41,062 INFO "POST /v1/chat/completions HTTP/1.1" 200 -
2026-09-18 14:58:41,448 INFO "POST /v1/chat/completions HTTP/1.1" 200 -
2026-09-18 14:58:41,448 INFO "POST /v1/chat/completions HTTP/1.1" 200 -
2026-09-18 14:58:41,448 INFO "POST /v1/chat/completions HTTP/1.1" 200 -
2026-09-18 14:58:41,649 INFO "POST /v1/chat/completions HTTP/1.1" 200 -
2026-09-18 14:58:41,848 INFO "POST /v1/chat/completions HTTP/1.1" 200 -
2026-09-18 14:58:42,314 INFO "POST /v1/chat/completions HTTP/1.1" 200 -
2026-09-18 14:58:42,446 INFO "POST /v1/chat/completions HTTP/1.1" 200 -
2026-09-18 14:58:42,565 INFO "POST /v1/chat/completions HTTP/1.1" 200 -
2026-09-18 14:58:42,742 INFO "POST /v1/chat/completions HTTP/1.1" 200 -
2026-09-18 14:58:43,477 INFO "POST /v1/chat/completions HTTP/1.1" 200 -
2026-09-18 14:58:44,585 INFO "POST /v1/chat/completions HTTP/1.1" 200 -
2026-09-18 14:58:45,252 INFO "POST /v1/chat/completions HTTP/1.1" 200 -
2026-09-18 14:58:46,756 INFO "POST /v1/chat/completions HTTP/1.1" 200 -
2026-09-18 14:58:47,570 INFO "POST /v1/chat/completions HTTP/1.1" 200 -
2026-09-18 14:58:49,646 INFO "POST /v1/chat/completions HTTP/1.1" 200 -
2026-09-18 14:58:51,246 INFO "POST /v1/chat/completions HTTP/1.1" 200 -
2026-09-18 14:58:51,629 INFO "POST /v1/chat/completions HTTP/1.1" 200 -
2026-09-18 14:58:51,936 INFO "POST /v1/chat/completions HTTP/1.1" 200 -
2026-09-18 14:58:52,263 INFO "POST /v1/chat/completions HTTP/1.1" 200 -
2026-09-18 14:58:53,594 INFO "POST /v1/chat/completions HTTP/1.1" 200 -
2026-09-18 14:58:53,947 INFO "POST /v1/chat/completions HTTP/1.1" 200 -
2026-09-18 14:58:53,947 INFO "POST /v1/chat/completions HTTP/1.1" 200 -
2026-09-18 14:58:54,857 INFO "POST /v1/chat/completions HTTP/1.1" 200 -
2026-09-18 14:58:55,003 INFO "POST /v1/chat/completions HTTP/1.1" 200 -
2026-09-18 14:58:55,125 INFO "POST /v1/chat/completions HTTP/1.1" 200 -
2026-09-18 14:58:55,125 INFO "POST /v1/chat/completions HTTP/1.1" 200 -
2026-09-18 14:58:55,130 INFO "POST /v1/chat/completions HTTP/1.1" 200 -
2026-09-18 14:58:55,352 INFO "POST /v1/chat/completions HTTP/1.1" 200 -
2026-09-18 14:58:55,876 INFO "POST /v1/chat/completions HTTP/1.1" 200 -
2026-09-18 14:58:56,020 INFO "POST /v1/chat/completions HTTP/1.1" 200 -
2026-09-18 14:58:56,657 INFO "POST /v1/chat/completions HTTP/1.1" 200 -
2026-09-18 14:58:57,020 INFO "POST /v1/chat/completions HTTP/1.1" 200 -
2026-09-18 14:58:58,124 INFO "POST /v1/chat/completions HTTP/1.1" 200 -
2026-09-18 14:58:59,375 INFO "POST /v1/chat/completions HTTP/1.1" 200 -
2026-09-18 14:59:01,689 INFO "POST /v1/chat/completions HTTP/1.1" 200 -
2026-09-18 14:59:01,689 INFO "POST /v1/chat/completions HTTP/1.1" 200 -
2026-09-18 14:59:02,554 INFO "POST /v1/chat/completions HTTP/1.1" 200 -
2026-09-18 14:59:02,862 INFO "POST /v1/chat/completions HTTP/1.1" 200 -
2026-09-18 14:59:03,186 INFO "POST /v1/chat/completions HTTP/1.1" 200 -
2026-09-18 14:59:04,533 INFO "POST /v1/chat/completions HTTP/1.1" 200 -
2026-09-18 14:59:04,906 INFO "POST /v1/chat/completions HTTP/1.1" 200 -
2026-09-18 14:59:04,906 INFO "POST /v1/chat/completions HTTP/1.1" 200 -
2026-09-18 14:59:05,105 INFO "POST /v1/chat/completions HTTP/1.1" 200 -
2026-09-18 14:59:05,111 INFO "POST /v1/chat/completions HTTP/1.1" 200 -
2026-09-18 14:59:05,750 INFO "POST /v1/chat/completions HTTP/1.1" 200 -
2026-09-18 14:59:05,904 INFO "POST /v1/chat/completions HTTP/1.1" 200 -
2026-09-18 14:59:05,904 INFO "POST /v1/chat/completions HTTP/1.1" 200 -
2026-09-18 14:59:06,242 INFO "POST /v1/chat/completions HTTP/1.1" 200 -
2026-09-18 14:59:06,827 INFO "POST /v1/chat/completions HTTP/1.1" 200 -
2026-09-18 14:59:06,905 INFO "POST /v1/chat/completions HTTP/1.1" 200 -
2026-09-18 14:59:07,531 INFO "POST /v1/chat/completions HTTP/1.1" 200 -
2026-09-18 14:59:07,837 INFO "POST /v1/chat/completions HTTP/1.1" 200 -
2026-09-18 14:59:09,596 INFO "POST /v1/chat/completions HTTP/1.1" 200 -
2026-09-18 14:59:10,980 INFO "POST /v1/chat/completions HTTP/1.1" 200 -
2026-09-18 14:59:13,051 INFO "POST /v1/chat/completions HTTP/1.1" 200 -
2026-09-18 14:59:13,157 INFO "POST /v1/chat/completions HTTP/1.1" 200 -
2026-09-18 14:59:14,301 INFO "POST /v1/chat/completions HTTP/1.1" 200 -
2026-09-18 14:59:14,577 INFO "POST /v1/chat/completions HTTP/1.1" 200 -
2026-09-18 14:59:14,787 INFO "POST /v1/chat/completions HTTP/1.1" 200 -
2026-09-18 14:59:14,789 INFO "GET /v1/status HTTP/1.1" 200 -
2026-09-18 14:59:14,815 INFO "GET /health HTTP/1.1" 200 -
