unit_tests: PASS
hermes_client: PASS
logprobs: PASS
sampling_controls: PASS
sampling_defaults: PASS
cold_text: PASS
warm_prefix: PASS
structured_output: PASS
structured_output_sampled: PASS
structured_output_thinking: PASS
stream: PASS
tools: PASS
tool_roundtrip: PASS
reasoning: PASS
stop: PASS
seed_repeat: PASS
batch: PASS
mixed_warm: PASS
shared_cohort_priming: PASS
shared_warm_requests: PASS
context: PASS
context_bound: PASS
cancel: PASS
recovery: PASS
quiescence: PASS
apcv2_reuse: PASS
apcv2_stores: PASS
feature_prompt_lookup: PASS
feature_prompt_lookup_proposals: PASS
feature_prompt_lookup_rollback: PASS
cache_leases: PASS
runtime_stable: PASS
Evidence: qualification/runs/xing4-0-gpu-20260918/debug/x6-pld-qualification.json
