unit_tests: PASS
hermes_client: PASS
logprobs: PASS
sampling_controls: PASS
cold_text: PASS
warm_prefix: PASS
stream: PASS
tools: PASS
tool_roundtrip: PASS
reasoning: PASS
stop: PASS
seed_repeat: PASS
batch: PASS
mixed_warm: PASS
context: PASS
shared_cohort_priming: PASS
shared_warm_requests: PASS
context_bound: PASS
cancel: PASS
recovery: PASS
quiescence: PASS
apcv2_reuse: PASS
apcv2_stores: PASS
mtp_segmented_attention: PASS
mtp_transaction_branches: PASS
mtp_committed_cycles: PASS
mtp_true_batching: PASS
mtp_zero_full_prefix_materializations: PASS
mtp_zero_physical_b2: PASS
mtp_zero_failures: PASS
mtp_execution: PASS
feature_async_promotion: PASS
feature_compiled_ple: PASS
feature_eager_dispatch: PASS
feature_file_backed_ple: PASS
feature_fused_gdn_decode: PASS
feature_fused_gdn_verify: PASS
feature_fused_moe: PASS
feature_indexed_qsa: PASS
feature_known_tail_prefetch: PASS
feature_pooled_qsa: PASS
feature_private_delta: PASS
feature_scatter_qsa: PASS
feature_shared_qsa: PASS
cache_leases: PASS
runtime_stable: PASS
Evidence: ~/Desktop/mlx2/qualification/runs/macos-26.7/flash-next/mtp/route-qualification-c59a29e8.json
