unit_tests: PASS
hermes_client: PASS
logprobs: PASS
sampling_controls: PASS
sampling_defaults: PASS
cold_text: PASS
warm_prefix: PASS
structured_output: PASS
structured_output_sampled: PASS
structured_output_thinking: FAIL
Evidence: /private/tmp/mlx2-xing/qualification/runs/xing4-0-gpu-20260918/x16-mtp1-qualification.json
Traceback (most recent call last):
  File "/private/tmp/mlx2-xing/scripts/qualify_serving.py", line 1171, in <module>
    main()
  File "/private/tmp/mlx2-xing/scripts/qualify_serving.py", line 837, in main
    check("structured_output_thinking", thinking_passed, thinking_evidence)
  File "/private/tmp/mlx2-xing/scripts/qualify_serving.py", line 688, in check
    assert condition, name
           ^^^^^^^^^
AssertionError: structured_output_thinking
