2026-09-18 17:42:46,223 INFO ubc_evict: evicted 4068.1 MB from UBC for ~/mlx-models/Xing4.0-29B-A4B-mlx-6bit/model-00001-of-00006.safetensors
2026-09-18 17:42:46,256 INFO ubc_evict: evicted 4048.2 MB from UBC for ~/mlx-models/Xing4.0-29B-A4B-mlx-6bit/model-00002-of-00006.safetensors
2026-09-18 17:42:46,291 INFO ubc_evict: evicted 4048.2 MB from UBC for ~/mlx-models/Xing4.0-29B-A4B-mlx-6bit/model-00003-of-00006.safetensors
2026-09-18 17:42:46,324 INFO ubc_evict: evicted 4048.2 MB from UBC for ~/mlx-models/Xing4.0-29B-A4B-mlx-6bit/model-00004-of-00006.safetensors
2026-09-18 17:42:46,356 INFO ubc_evict: evicted 4048.2 MB from UBC for ~/mlx-models/Xing4.0-29B-A4B-mlx-6bit/model-00005-of-00006.safetensors
2026-09-18 17:42:46,384 INFO ubc_evict: evicted 3464.2 MB from UBC for ~/mlx-models/Xing4.0-29B-A4B-mlx-6bit/model-00006-of-00006.safetensors
2026-09-18 17:42:46,384 INFO ubc_evict: pass complete total_mb=23725.2 elapsed_s=0.19
[transformers] PyTorch was not found. Models won't be available and only tokenizers, configuration and file/data utilities can be used.
2026-09-18 17:42:47,215 INFO "GET /health HTTP/1.1" 503 -
2026-09-18 17:42:47,513 INFO int8 NAX prefill installed on 240 projections (scope all, threshold 512, cache auto, 40 skipped)
2026-09-18 17:42:47,513 INFO int8 NAX prefill bound: 240 projections, 0 cached copies (0.0 MiB), decode/verify bound 8 rows < threshold 512
2026-09-18 17:42:50,224 INFO "GET /health HTTP/1.1" 200 -
2026-09-18 17:42:50,225 INFO "GET /health HTTP/1.1" 200 -
2026-09-18 17:42:50,773 INFO "POST /v1/chat/completions HTTP/1.1" 200 -
2026-09-18 17:42:58,228 INFO "POST /v1/chat/completions HTTP/1.1" 200 -
2026-09-18 17:42:58,653 INFO "POST /v1/chat/completions HTTP/1.1" 200 -
2026-09-18 17:43:14,002 INFO "POST /v1/chat/completions HTTP/1.1" 200 -
2026-09-18 17:43:29,469 INFO "POST /v1/chat/completions HTTP/1.1" 200 -
2026-09-18 17:43:29,469 INFO "POST /v1/chat/completions HTTP/1.1" 200 -
2026-09-18 17:43:29,557 INFO "POST /v1/chat/completions HTTP/1.1" 200 -
2026-09-18 17:43:29,557 INFO "POST /v1/chat/completions HTTP/1.1" 200 -
2026-09-18 17:43:33,554 INFO "POST /v1/chat/completions HTTP/1.1" 200 -
2026-09-18 17:43:33,555 INFO "GET /v1/status HTTP/1.1" 200 -
2026-09-18 17:43:33,555 INFO "GET /v1/status HTTP/1.1" 200 -
2026-09-18 17:43:33,587 INFO "GET /health HTTP/1.1" 200 -
