2026-09-18 17:41:55,037 INFO ubc_evict: evicted 4068.1 MB from UBC for ~/mlx-models/Xing4.0-29B-A4B-mlx-6bit/model-00001-of-00006.safetensors
2026-09-18 17:41:55,069 INFO ubc_evict: evicted 4048.2 MB from UBC for ~/mlx-models/Xing4.0-29B-A4B-mlx-6bit/model-00002-of-00006.safetensors
2026-09-18 17:41:55,102 INFO ubc_evict: evicted 4048.2 MB from UBC for ~/mlx-models/Xing4.0-29B-A4B-mlx-6bit/model-00003-of-00006.safetensors
2026-09-18 17:41:55,134 INFO ubc_evict: evicted 4048.2 MB from UBC for ~/mlx-models/Xing4.0-29B-A4B-mlx-6bit/model-00004-of-00006.safetensors
2026-09-18 17:41:55,168 INFO ubc_evict: evicted 4048.2 MB from UBC for ~/mlx-models/Xing4.0-29B-A4B-mlx-6bit/model-00005-of-00006.safetensors
2026-09-18 17:41:55,196 INFO ubc_evict: evicted 3464.2 MB from UBC for ~/mlx-models/Xing4.0-29B-A4B-mlx-6bit/model-00006-of-00006.safetensors
2026-09-18 17:41:55,196 INFO ubc_evict: pass complete total_mb=23725.2 elapsed_s=0.19
[transformers] PyTorch was not found. Models won't be available and only tokenizers, configuration and file/data utilities can be used.
2026-09-18 17:41:56,023 INFO "GET /health HTTP/1.1" 503 -
2026-09-18 17:41:56,398 INFO int8 NAX prefill installed on 120 projections (scope mlp, threshold 512, cache auto, 0 skipped)
2026-09-18 17:41:56,399 INFO int8 NAX prefill bound: 120 projections, 0 cached copies (0.0 MiB), decode/verify bound 8 rows < threshold 512
2026-09-18 17:41:59,032 INFO "GET /health HTTP/1.1" 200 -
2026-09-18 17:41:59,033 INFO "GET /health HTTP/1.1" 200 -
2026-09-18 17:41:59,598 INFO "POST /v1/chat/completions HTTP/1.1" 200 -
2026-09-18 17:42:05,482 INFO "POST /v1/chat/completions HTTP/1.1" 200 -
2026-09-18 17:42:05,885 INFO "POST /v1/chat/completions HTTP/1.1" 200 -
2026-09-18 17:42:20,954 INFO "POST /v1/chat/completions HTTP/1.1" 200 -
2026-09-18 17:42:36,685 INFO "POST /v1/chat/completions HTTP/1.1" 200 -
2026-09-18 17:42:36,691 INFO "POST /v1/chat/completions HTTP/1.1" 200 -
2026-09-18 17:42:36,777 INFO "POST /v1/chat/completions HTTP/1.1" 200 -
2026-09-18 17:42:36,779 INFO "POST /v1/chat/completions HTTP/1.1" 200 -
2026-09-18 17:42:40,786 INFO "POST /v1/chat/completions HTTP/1.1" 200 -
2026-09-18 17:42:40,787 INFO "GET /v1/status HTTP/1.1" 200 -
2026-09-18 17:42:40,787 INFO "GET /v1/status HTTP/1.1" 200 -
2026-09-18 17:42:40,817 INFO "GET /health HTTP/1.1" 200 -
