unit_tests: PASS
hermes_client: PASS
logprobs: PASS
sampling_controls: PASS
cold_text: PASS
warm_prefix: PASS
stream: PASS
tools: PASS
tool_roundtrip: PASS
reasoning: PASS
stop: PASS
seed_repeat: PASS
batch: PASS
mixed_warm: PASS
shared_cohort_priming: PASS
shared_warm_requests: PASS
context: PASS
context_bound: PASS
cancel: PASS
recovery: PASS
quiescence: PASS
apcv2_reuse: PASS
apcv2_stores: PASS
feature_prompt_lookup: PASS
feature_prompt_lookup_proposals: PASS
feature_prompt_lookup_rollback: PASS
feature_prompt_lookup_rotating_replay: PASS
cache_leases: PASS
runtime_stable: PASS
Evidence: ~/Desktop/mlx2/qualification/runs/integration-gpu-20260918/muse-pld-rotating-qualification.json
