2026-09-18 19:02:51,743 INFO ubc_evict: evicted 4068.1 MB from UBC for ~/mlx-models/Xing4.0-29B-A4B-mlx-6bit/model-00001-of-00006.safetensors
2026-09-18 19:02:51,774 INFO ubc_evict: evicted 4048.2 MB from UBC for ~/mlx-models/Xing4.0-29B-A4B-mlx-6bit/model-00002-of-00006.safetensors
2026-09-18 19:02:51,807 INFO ubc_evict: evicted 4048.2 MB from UBC for ~/mlx-models/Xing4.0-29B-A4B-mlx-6bit/model-00003-of-00006.safetensors
2026-09-18 19:02:51,838 INFO ubc_evict: evicted 4048.2 MB from UBC for ~/mlx-models/Xing4.0-29B-A4B-mlx-6bit/model-00004-of-00006.safetensors
2026-09-18 19:02:51,870 INFO ubc_evict: evicted 4048.2 MB from UBC for ~/mlx-models/Xing4.0-29B-A4B-mlx-6bit/model-00005-of-00006.safetensors
2026-09-18 19:02:51,898 INFO ubc_evict: evicted 3464.2 MB from UBC for ~/mlx-models/Xing4.0-29B-A4B-mlx-6bit/model-00006-of-00006.safetensors
2026-09-18 19:02:51,898 INFO ubc_evict: pass complete total_mb=23725.2 elapsed_s=0.18
[transformers] PyTorch was not found. Models won't be available and only tokenizers, configuration and file/data utilities can be used.
2026-09-18 19:02:52,748 INFO "GET /health HTTP/1.1" 503 -
2026-09-18 19:02:55,755 INFO "GET /health HTTP/1.1" 200 -
2026-09-18 19:02:55,756 INFO "GET /health HTTP/1.1" 200 -
2026-09-18 19:02:56,246 INFO "POST /v1/chat/completions HTTP/1.1" 200 -
2026-09-18 19:03:00,866 INFO "POST /v1/chat/completions HTTP/1.1" 200 -
2026-09-18 19:03:05,595 INFO "POST /v1/chat/completions HTTP/1.1" 200 -
2026-09-18 19:03:13,462 INFO "POST /v1/chat/completions HTTP/1.1" 200 -
2026-09-18 19:03:25,195 INFO "POST /v1/chat/completions HTTP/1.1" 200 -
2026-09-18 19:03:25,681 INFO "POST /v1/chat/completions HTTP/1.1" 200 -
2026-09-18 19:03:25,683 INFO "POST /v1/chat/completions HTTP/1.1" 200 -
2026-09-18 19:03:25,738 INFO "POST /v1/chat/completions HTTP/1.1" 200 -
2026-09-18 19:03:27,555 INFO "POST /v1/chat/completions HTTP/1.1" 200 -
2026-09-18 19:03:27,556 INFO "GET /v1/status HTTP/1.1" 200 -
2026-09-18 19:03:27,557 INFO "GET /v1/status HTTP/1.1" 200 -
2026-09-18 19:03:27,618 INFO "GET /v1/status HTTP/1.1" 200 -
2026-09-18 19:03:27,905 INFO "POST /v1/chat/completions HTTP/1.1" 200 -
2026-09-18 19:03:28,087 INFO "POST /v1/chat/completions HTTP/1.1" 200 -
2026-09-18 19:03:28,232 INFO "POST /v1/chat/completions HTTP/1.1" 200 -
2026-09-18 19:03:28,265 INFO "POST /v1/chat/completions HTTP/1.1" 200 -
2026-09-18 19:03:28,819 INFO "POST /v1/chat/completions HTTP/1.1" 200 -
2026-09-18 19:03:29,206 INFO "POST /v1/chat/completions HTTP/1.1" 200 -
2026-09-18 19:03:29,589 INFO "POST /v1/chat/completions HTTP/1.1" 200 -
2026-09-18 19:03:29,972 INFO "POST /v1/chat/completions HTTP/1.1" 200 -
2026-09-18 19:03:30,123 INFO "POST /v1/chat/completions HTTP/1.1" 200 -
2026-09-18 19:03:30,231 INFO "POST /v1/chat/completions HTTP/1.1" 200 -
2026-09-18 19:03:30,936 INFO "POST /v1/chat/completions HTTP/1.1" 200 -
2026-09-18 19:03:31,056 INFO "POST /v1/chat/completions HTTP/1.1" 200 -
2026-09-18 19:03:32,241 INFO "POST /v1/chat/completions HTTP/1.1" 200 -
2026-09-18 19:03:32,274 INFO "POST /v1/chat/completions HTTP/1.1" 200 -
2026-09-18 19:03:32,882 INFO "POST /v1/chat/completions HTTP/1.1" 200 -
2026-09-18 19:03:33,316 INFO "POST /v1/chat/completions HTTP/1.1" 200 -
2026-09-18 19:03:34,173 INFO "POST /v1/chat/completions HTTP/1.1" 200 -
2026-09-18 19:03:34,257 INFO "POST /v1/chat/completions HTTP/1.1" 200 -
2026-09-18 19:03:35,293 INFO "POST /v1/chat/completions HTTP/1.1" 200 -
2026-09-18 19:03:36,314 INFO "POST /v1/chat/completions HTTP/1.1" 200 -
2026-09-18 19:03:40,755 INFO "POST /v1/chat/completions HTTP/1.1" 200 -
2026-09-18 19:03:40,755 INFO "POST /v1/chat/completions HTTP/1.1" 200 -
2026-09-18 19:03:40,755 INFO "POST /v1/chat/completions HTTP/1.1" 200 -
2026-09-18 19:03:40,755 INFO "POST /v1/chat/completions HTTP/1.1" 200 -
2026-09-18 19:03:41,756 INFO "POST /v1/chat/completions HTTP/1.1" 200 -
2026-09-18 19:03:42,734 INFO "POST /v1/chat/completions HTTP/1.1" 200 -
2026-09-18 19:03:43,986 INFO "POST /v1/chat/completions HTTP/1.1" 200 -
2026-09-18 19:03:44,016 INFO "POST /v1/chat/completions HTTP/1.1" 200 -
2026-09-18 19:04:21,737 INFO "POST /v1/chat/completions HTTP/1.1" 200 -
2026-09-18 19:04:24,812 INFO "POST /v1/chat/completions HTTP/1.1" 200 -
2026-09-18 19:04:24,820 INFO "POST /v1/chat/completions HTTP/1.1" 200 -
2026-09-18 19:04:26,513 INFO "POST /v1/chat/completions HTTP/1.1" 200 -
2026-09-18 19:04:28,208 INFO "POST /v1/chat/completions HTTP/1.1" 200 -
2026-09-18 19:04:28,273 INFO "POST /v1/chat/completions HTTP/1.1" 400 -
2026-09-18 19:04:28,275 INFO "GET /v1/status HTTP/1.1" 200 -
2026-09-18 19:04:28,370 INFO "POST /v1/chat/completions HTTP/1.1" 200 -
2026-09-18 19:04:28,375 INFO "GET /v1/status HTTP/1.1" 200 -
2026-09-18 19:04:28,583 INFO "GET /v1/status HTTP/1.1" 200 -
2026-09-18 19:04:28,706 INFO "POST /v1/chat/completions HTTP/1.1" 200 -
2026-09-18 19:04:28,707 INFO "GET /health HTTP/1.1" 200 -
2026-09-18 19:04:28,708 INFO "GET /v1/status HTTP/1.1" 200 -
2026-09-18 19:04:28,890 INFO "GET /health HTTP/1.1" 200 -
