2026-09-18 19:27:54,254 INFO ubc_evict: evicted 4068.1 MB from UBC for ~/mlx-models/Xing4.0-29B-A4B-mlx-6bit/model-00001-of-00006.safetensors
2026-09-18 19:27:54,287 INFO ubc_evict: evicted 4048.2 MB from UBC for ~/mlx-models/Xing4.0-29B-A4B-mlx-6bit/model-00002-of-00006.safetensors
2026-09-18 19:27:54,319 INFO ubc_evict: evicted 4048.2 MB from UBC for ~/mlx-models/Xing4.0-29B-A4B-mlx-6bit/model-00003-of-00006.safetensors
2026-09-18 19:27:54,352 INFO ubc_evict: evicted 4048.2 MB from UBC for ~/mlx-models/Xing4.0-29B-A4B-mlx-6bit/model-00004-of-00006.safetensors
2026-09-18 19:27:54,384 INFO ubc_evict: evicted 4048.2 MB from UBC for ~/mlx-models/Xing4.0-29B-A4B-mlx-6bit/model-00005-of-00006.safetensors
2026-09-18 19:27:54,413 INFO ubc_evict: evicted 3464.2 MB from UBC for ~/mlx-models/Xing4.0-29B-A4B-mlx-6bit/model-00006-of-00006.safetensors
2026-09-18 19:27:54,413 INFO ubc_evict: pass complete total_mb=23725.2 elapsed_s=0.19
2026-09-18 19:27:55,231 INFO "GET /health HTTP/1.1" 503 -
2026-09-18 19:27:58,235 INFO "GET /health HTTP/1.1" 200 -
2026-09-18 19:27:58,236 INFO "GET /health HTTP/1.1" 200 -
2026-09-18 19:27:58,589 INFO "POST /v1/chat/completions HTTP/1.1" 200 -
2026-09-18 19:28:04,279 INFO "POST /v1/chat/completions HTTP/1.1" 200 -
2026-09-18 19:28:04,552 INFO "POST /v1/chat/completions HTTP/1.1" 200 -
2026-09-18 19:28:13,312 INFO "POST /v1/chat/completions HTTP/1.1" 200 -
2026-09-18 19:28:23,489 INFO "POST /v1/chat/completions HTTP/1.1" 200 -
2026-09-18 19:28:23,489 INFO "POST /v1/chat/completions HTTP/1.1" 200 -
2026-09-18 19:28:23,552 INFO "POST /v1/chat/completions HTTP/1.1" 200 -
2026-09-18 19:28:23,555 INFO "POST /v1/chat/completions HTTP/1.1" 200 -
2026-09-18 19:28:25,902 INFO "POST /v1/chat/completions HTTP/1.1" 200 -
2026-09-18 19:28:25,903 INFO "GET /v1/status HTTP/1.1" 200 -
2026-09-18 19:28:25,904 INFO "GET /v1/status HTTP/1.1" 200 -
2026-09-18 19:28:25,954 INFO "GET /v1/status HTTP/1.1" 200 -
2026-09-18 19:28:26,265 INFO "POST /v1/chat/completions HTTP/1.1" 200 -
2026-09-18 19:28:26,487 INFO "POST /v1/chat/completions HTTP/1.1" 200 -
2026-09-18 19:28:26,673 INFO "POST /v1/chat/completions HTTP/1.1" 200 -
2026-09-18 19:28:26,732 INFO "POST /v1/chat/completions HTTP/1.1" 200 -
2026-09-18 19:28:27,395 INFO "POST /v1/chat/completions HTTP/1.1" 200 -
2026-09-18 19:28:27,900 INFO "POST /v1/chat/completions HTTP/1.1" 200 -
2026-09-18 19:28:28,404 INFO "POST /v1/chat/completions HTTP/1.1" 200 -
2026-09-18 19:28:28,919 INFO "POST /v1/chat/completions HTTP/1.1" 200 -
2026-09-18 19:28:29,099 INFO "POST /v1/chat/completions HTTP/1.1" 200 -
2026-09-18 19:28:29,250 INFO "POST /v1/chat/completions HTTP/1.1" 200 -
2026-09-18 19:28:30,005 INFO "POST /v1/chat/completions HTTP/1.1" 200 -
2026-09-18 19:28:30,179 INFO "POST /v1/chat/completions HTTP/1.1" 200 -
2026-09-18 19:28:32,222 INFO "POST /v1/chat/completions HTTP/1.1" 200 -
2026-09-18 19:28:32,283 INFO "POST /v1/chat/completions HTTP/1.1" 200 -
2026-09-18 19:28:32,989 INFO "POST /v1/chat/completions HTTP/1.1" 200 -
2026-09-18 19:28:33,463 INFO "POST /v1/chat/completions HTTP/1.1" 200 -
2026-09-18 19:28:34,867 INFO "POST /v1/chat/completions HTTP/1.1" 200 -
2026-09-18 19:28:34,990 INFO "POST /v1/chat/completions HTTP/1.1" 200 -
2026-09-18 19:28:36,154 INFO "POST /v1/chat/completions HTTP/1.1" 200 -
2026-09-18 19:28:37,269 INFO "POST /v1/chat/completions HTTP/1.1" 200 -
2026-09-18 19:28:41,239 INFO "POST /v1/chat/completions HTTP/1.1" 200 -
2026-09-18 19:28:41,239 INFO "POST /v1/chat/completions HTTP/1.1" 200 -
2026-09-18 19:28:41,295 INFO "POST /v1/chat/completions HTTP/1.1" 200 -
2026-09-18 19:28:41,295 INFO "POST /v1/chat/completions HTTP/1.1" 200 -
2026-09-18 19:28:42,435 INFO "POST /v1/chat/completions HTTP/1.1" 200 -
2026-09-18 19:28:43,600 INFO "POST /v1/chat/completions HTTP/1.1" 200 -
2026-09-18 19:28:44,952 INFO "POST /v1/chat/completions HTTP/1.1" 200 -
2026-09-18 19:28:44,952 INFO "POST /v1/chat/completions HTTP/1.1" 200 -
2026-09-18 19:29:25,024 INFO "POST /v1/chat/completions HTTP/1.1" 200 -
2026-09-18 19:29:28,545 INFO "POST /v1/chat/completions HTTP/1.1" 200 -
2026-09-18 19:29:28,558 INFO "POST /v1/chat/completions HTTP/1.1" 200 -
2026-09-18 19:29:30,182 INFO "POST /v1/chat/completions HTTP/1.1" 200 -
2026-09-18 19:29:31,766 INFO "POST /v1/chat/completions HTTP/1.1" 200 -
2026-09-18 19:29:31,819 INFO "POST /v1/chat/completions HTTP/1.1" 400 -
2026-09-18 19:29:31,820 INFO "GET /v1/status HTTP/1.1" 200 -
2026-09-18 19:29:31,945 INFO "POST /v1/chat/completions HTTP/1.1" 200 -
2026-09-18 19:29:31,946 INFO "GET /v1/status HTTP/1.1" 200 -
2026-09-18 19:29:32,153 INFO "GET /v1/status HTTP/1.1" 200 -
2026-09-18 19:29:32,321 INFO "POST /v1/chat/completions HTTP/1.1" 200 -
2026-09-18 19:29:32,322 INFO "GET /health HTTP/1.1" 200 -
2026-09-18 19:29:32,322 INFO "GET /v1/status HTTP/1.1" 200 -
2026-09-18 19:29:32,379 INFO "GET /v1/status HTTP/1.1" 200 -
2026-09-18 19:29:32,432 INFO "GET /v1/status HTTP/1.1" 200 -
2026-09-18 19:29:32,485 INFO "GET /v1/status HTTP/1.1" 200 -
2026-09-18 19:29:32,543 INFO "GET /v1/status HTTP/1.1" 200 -
2026-09-18 19:29:32,601 INFO "GET /v1/status HTTP/1.1" 200 -
2026-09-18 19:29:32,756 INFO "GET /health HTTP/1.1" 200 -
