unit_tests: PASS
hermes_client: PASS
logprobs: PASS
sampling_controls: PASS
cold_text: PASS
warm_prefix: PASS
stream: PASS
tools: PASS
tool_roundtrip: PASS
reasoning: PASS
stop: PASS
seed_repeat: PASS
batch: PASS
mixed_warm: PASS
context: PASS
shared_warm_requests: PASS
context_bound: PASS
cancel: PASS
recovery: PASS
quiescence: PASS
apcv2_reuse: PASS
apcv2_stores: PASS
feature_external_draft: PASS
feature_paired_draft_cache: PASS
feature_proposal_distribution: PASS
feature_segmented_transaction: PASS
cache_leases: PASS
runtime_stable: PASS
Evidence: ~/Desktop/mlx2/qualification/runs/macos-26.7/muse-glimmer/dflash2/route-qualification-ad7fdc5c.json
