[grid] L28-a0.2               explain_9        run_on   OK  think=  323 close=True rep4=0.056 | 'The ninth optimization pass in a typical\u202f-O2 pip'
[grid] L28-a0.2               explain_13       run_on   OK  think=  586 close=True rep4=0.16 | 'Optimization\u202f13 in a typical\u202f-O2 pipeline is usu'
[grid] L28-a0.2               explain_15       run_on   OK  think=  325 close=True rep4=0.081 | 'Optimization\u202f15 is usually a loop‑oriented trans'
[grid] L28-a0.2               explain_18       run_on   OK  think=  508 close=True rep4=0.131 | 'Optimization\u202f18 in a typical\u202f-O2 pipeline is usu'
[grid] L28-a0.2               translate_house  run_on   OK  think=   93 close=True rep4=0.011 | '**Traduction :**\n- Anglais : *house* → Français '
[grid] L28-a0.2               capital_hungary  run_on   OK  think=   79 close=True rep4=0.132 | 'Budapest'
[grid] L28-a0.2               add_62_130       control  OK  think=   51 close=True rep4=0.042 | '192'
[grid] L28-a0.2               add_44_88        control  OK  think=   41 close=True rep4=0.0 | '132'
[grid] L28-a0.2               paris_coastal    control  OK  think=   55 close=True rep4=0.0 | 'No.'
[grid] L28-a0.2               primes_below_60  hard     OK  think=   87 close=True rep4=0.0 | '17'
[grid] L28-a0.2               digit_sum        hard     OK  think=   44 close=True rep4=0.0 | '31'
[grid] L28-a0.2               train_meet       hard     OK  think=   47 close=True rep4=0.023 | '2'
[grid] L28-a0.2               sort_words       hard     OK  think=   39 close=True rep4=0.0 | 'apple, banana, cherry, fig, mango, pear'
[grid] L28-a0.2               mod_pow          hard     OK  think=  160 close=True rep4=0.089 | '11'
[grid] L28-a0.2               count_r          hard     OK  think=  156 close=True rep4=0.176 | '3'
[grid] L28-a0.2               bat_ball         hard     OK  think=  100 close=True rep4=0.124 | '5'
== L28-a0.2: closed 16/16 correct 16/16 think_tokens 2694
[grid] L32-random-a0.2        explain_9        run_on   OK  think=  636 close=True rep4=0.226 | 'Optimization\u202f#9 in a typical\u202f-O2 pipeline is usu'
[grid] L32-random-a0.2        explain_13       run_on   OK  think=  860 close=True rep4=0.223 | 'The 13th optimization in a typical\u202f-O2 pipeline '
[grid] L32-random-a0.2        explain_15       run_on   OK  think=  682 close=True rep4=0.116 | 'At\u202f‑O2 the compiler runs a long chain of optimiz'
[grid] L32-random-a0.2        explain_18       run_on   OK  think= 1375 close=True rep4=0.27 | 'Optimization\u202f18 in a typical\u202f-O2 pipeline is usu'
[grid] L32-random-a0.2        translate_house  run_on   OK  think=  157 close=True rep4=0.052 | '**Traduction :** maison\n\n**Exemples de phrases :'
[grid] L32-random-a0.2        capital_hungary  run_on   --- think= 2400 close=False rep4=0.951 | ''
[grid] L32-random-a0.2        add_62_130       control  OK  think=   68 close=True rep4=0.062 | '192'
[grid] L32-random-a0.2        add_44_88        control  OK  think=   49 close=True rep4=0.0 | '132'
[grid] L32-random-a0.2        paris_coastal    control  OK  think=   54 close=True rep4=0.0 | 'No.'
[grid] L32-random-a0.2        primes_below_60  hard     OK  think=  172 close=True rep4=0.0 | '17'
[grid] L32-random-a0.2        digit_sum        hard     OK  think=  109 close=True rep4=0.085 | '31'
[grid] L32-random-a0.2        train_meet       hard     OK  think=   70 close=True rep4=0.0 | '2'
[grid] L32-random-a0.2        sort_words       hard     OK  think=   40 close=True rep4=0.0 | 'apple, banana, cherry, fig, mango, pear'
[grid] L32-random-a0.2        mod_pow          hard     OK  think=  293 close=True rep4=0.145 | '11'
[grid] L32-random-a0.2        count_r          hard     OK  think=  106 close=True rep4=0.019 | '3'
[grid] L32-random-a0.2        bat_ball         hard     OK  think=   98 close=True rep4=0.095 | '5'
== L32-random-a0.2: closed 15/16 correct 15/16 think_tokens 7169
