[trace]  0 close@   49 n=   53 correct=True rep4=0.0   0.6s | '95'
[trace]  1 close@   51 n=   55 correct=True rep4=0.0   0.5s | '168'
[trace]  2 close@   53 n=   57 correct=True rep4=0.0   0.5s | '623'
[trace]  3 close@   48 n=   52 correct=True rep4=0.022   0.5s | '366'
[trace]  4 close@   33 n=   37 correct=True rep4=0.0   0.4s | 'Tokyo'
[trace]  5 close@   29 n=   33 correct=True rep4=0.0   0.3s | 'Ottawa'
[trace]  6 close@   52 n=   56 correct=True rep4=0.041   0.5s | 'Au'
[trace]  7 close@   45 n=   49 correct=True rep4=0.024   0.4s | '6'
[trace]  8 close@   90 n=   94 correct=True rep4=0.057   0.8s | '37'
[trace]  9 close@  164 n=  169 correct=True rep4=0.292   1.3s | '1024'
[trace] 10 close@  100 n=  104 correct=True rep4=0.124   0.9s | '12'
[trace] 11 close@   46 n=   50 correct=True rep4=0.0   0.5s | '30'
[trace] 12 close@   70 n=   74 correct=True rep4=0.015   0.6s | '60'
[trace] 13 close@   86 n=   90 correct=True rep4=0.024   0.8s | '24'
[trace] 14 close@   55 n=   59 correct=True rep4=0.038   0.5s | '210'
[trace] 15 close@   49 n=   53 correct=True rep4=0.0   0.5s | 'agua'
[trace] 16 close@   57 n=   63 correct=True rep4=0.037   0.6s | '0.7'
[trace] 17 close@   60 n=   64 correct=True rep4=0.0   0.6s | '14'
[trace] 18 close@  151 n=  155 correct=True rep4=0.068   1.2s | '5'
[trace] 19 close@   70 n=   74 correct=True rep4=0.03   0.6s | '36'
[trace] 20 close@  112 n=  225 correct=True rep4=0.009   1.8s | 'Loop unrolling (or loop unrolling) is a compiler o'
[trace] 21 close@   28 n=  108 correct=True rep4=0.0   0.9s | 'The sky looks blue because molecules in the Earth’'
[trace] 22 close@   57 n=   70 correct=True rep4=0.0   0.6s | 'def double(x):\n    return 2 * x'
[trace] 23 close@  113 n=  129 correct=True rep4=0.073   1.1s | '1, 4, 9, 16, 25'
