[grid] off                    explain_9        run_on   OK  think=  351 close=True rep4=0.124 | 'Optimization\u202f9 in a typical\u202f-O2 pipeline is usua'
[grid] off                    explain_13       run_on   OK  think=  256 close=True rep4=0.075 | 'Compiler optimization\u202f13 in a typical\u202f-O2 pipeli'
[grid] off                    explain_15       run_on   OK  think=  933 close=True rep4=0.27 | 'Optimization\u202f#15 in a typical\u202f-O2 pipeline is us'
[grid] off                    explain_18       run_on   OK  think=  326 close=True rep4=0.121 | 'Optimization\u202f18 in a typical\u202f-O2 pipeline is usu'
[grid] off                    translate_house  run_on   --- think= 2400 close=False rep4=0.916 | ''
[grid] off                    capital_hungary  run_on   --- think= 2400 close=False rep4=0.957 | ''
[grid] off                    add_62_130       control  OK  think=   50 close=True rep4=0.043 | '192'
[grid] off                    add_44_88        control  OK  think=   49 close=True rep4=0.0 | '132'
[grid] off                    paris_coastal    control  OK  think=   56 close=True rep4=0.0 | 'No.'
[grid] off                    primes_below_60  hard     OK  think=  171 close=True rep4=0.0 | '17'
[grid] off                    digit_sum        hard     OK  think=  109 close=True rep4=0.085 | '31'
[grid] off                    train_meet       hard     OK  think=   67 close=True rep4=0.0 | '2'
[grid] off                    sort_words       hard     OK  think=   38 close=True rep4=0.0 | 'apple, banana, cherry, fig, mango, pear'
[grid] off                    mod_pow          hard     OK  think=  290 close=True rep4=0.195 | '11'
[grid] off                    count_r          hard     OK  think=   89 close=True rep4=0.023 | '3'
[grid] off                    bat_ball         hard     OK  think=   98 close=True rep4=0.095 | '5'
== off: closed 14/16 correct 14/16 think_tokens 7683
[grid] L32-a0.2               explain_9        run_on   OK  think=  347 close=True rep4=0.108 | 'Optimization\u202f9 in a typical\u202f‑O2 pipeline is ofte'
[grid] L32-a0.2               explain_13       run_on   OK  think=  433 close=True rep4=0.205 | 'Optimization\u202f13 in a typical\u202f-O2 pipeline is usu'
[grid] L32-a0.2               explain_15       run_on   OK  think=  278 close=True rep4=0.131 | 'Optimization\u202f15 of a typical\u202f-O2 pipeline is usu'
[grid] L32-a0.2               explain_18       run_on   OK  think=  310 close=True rep4=0.088 | 'Optimization\u202f18 is typically a **loop‑unrolling*'
[grid] L32-a0.2               translate_house  run_on   OK  think=   91 close=True rep4=0.011 | '**Traduction :**\n- Anglais : house → Français : '
[grid] L32-a0.2               capital_hungary  run_on   OK  think=   77 close=True rep4=0.149 | 'Budapest'
[grid] L32-a0.2               add_62_130       control  OK  think=   45 close=True rep4=0.048 | '192'
[grid] L32-a0.2               add_44_88        control  OK  think=   45 close=True rep4=0.0 | '132'
[grid] L32-a0.2               paris_coastal    control  OK  think=   55 close=True rep4=0.0 | 'No.'
[grid] L32-a0.2               primes_below_60  hard     OK  think=  178 close=True rep4=0.006 | '17'
[grid] L32-a0.2               digit_sum        hard     OK  think=   44 close=True rep4=0.0 | '31'
[grid] L32-a0.2               train_meet       hard     OK  think=   55 close=True rep4=0.0 | '2'
[grid] L32-a0.2               sort_words       hard     OK  think=   38 close=True rep4=0.0 | 'apple, banana, cherry, fig, mango, pear'
[grid] L32-a0.2               mod_pow          hard     OK  think=  192 close=True rep4=0.111 | '11'
[grid] L32-a0.2               count_r          hard     OK  think=  117 close=True rep4=0.0 | '3'
[grid] L32-a0.2               bat_ball         hard     OK  think=   99 close=True rep4=0.125 | '5'
== L32-a0.2: closed 16/16 correct 16/16 think_tokens 2404
