2026-09-19 23:46:29,683 WARNING no reasoning signing key configured; using a random per-process reasoning signing key
2026-09-19 23:46:32,612 INFO "GET /health HTTP/1.1" 503 -
2026-09-19 23:46:32,676 INFO ubc_evict: evicted 5108.2 MB from UBC for ~/mlx-models/North-Mini-Code-1.0-mlx-4bit/model-00001-of-00004.safetensors
2026-09-19 23:46:32,719 INFO ubc_evict: evicted 5118.0 MB from UBC for ~/mlx-models/North-Mini-Code-1.0-mlx-4bit/model-00002-of-00004.safetensors
2026-09-19 23:46:32,763 INFO ubc_evict: evicted 5118.0 MB from UBC for ~/mlx-models/North-Mini-Code-1.0-mlx-4bit/model-00003-of-00004.safetensors
2026-09-19 23:46:32,772 INFO ubc_evict: evicted 1015.2 MB from UBC for ~/mlx-models/North-Mini-Code-1.0-mlx-4bit/model-00004-of-00004.safetensors
2026-09-19 23:46:32,772 INFO ubc_evict: pass complete total_mb=16359.3 elapsed_s=0.14
2026-09-19 23:46:35,622 INFO "GET /health HTTP/1.1" 200 -
2026-09-19 23:46:35,623 INFO "GET /health HTTP/1.1" 200 -
2026-09-19 23:46:35,624 INFO "GET /v1/status HTTP/1.1" 200 -
2026-09-19 23:46:35,756 INFO "GET /v1/status HTTP/1.1" 200 -
2026-09-19 23:46:36,283 INFO "POST /v1/chat/completions HTTP/1.1" 200 -
2026-09-19 23:46:36,877 INFO "POST /v1/chat/completions HTTP/1.1" 200 -
2026-09-19 23:46:37,495 INFO "POST /v1/chat/completions HTTP/1.1" 200 -
2026-09-19 23:46:37,539 INFO "POST /v1/chat/completions HTTP/1.1" 200 -
2026-09-19 23:46:38,837 INFO "POST /v1/chat/completions HTTP/1.1" 200 -
2026-09-19 23:46:39,352 INFO "POST /v1/chat/completions HTTP/1.1" 200 -
2026-09-19 23:46:39,804 INFO "POST /v1/chat/completions HTTP/1.1" 200 -
2026-09-19 23:46:40,243 INFO "POST /v1/chat/completions HTTP/1.1" 200 -
2026-09-19 23:46:40,784 INFO "POST /v1/chat/completions HTTP/1.1" 200 -
2026-09-19 23:46:41,320 INFO "POST /v1/chat/completions HTTP/1.1" 200 -
2026-09-19 23:46:41,837 INFO "POST /v1/chat/completions HTTP/1.1" 200 -
2026-09-19 23:46:41,838 INFO "POST /v1/apc/sessions/qualification-1789876001/park HTTP/1.1" 200 -
2026-09-19 23:46:41,904 INFO "GET /v1/apc/sessions/qualification-1789876001 HTTP/1.1" 200 -
2026-09-19 23:46:41,905 INFO "POST /v1/apc/sessions/qualification-1789876001/resume HTTP/1.1" 202 -
2026-09-19 23:46:41,905 INFO "GET /v1/apc/sessions/qualification-1789876001 HTTP/1.1" 200 -
2026-09-19 23:46:41,968 INFO "GET /v1/apc/sessions/qualification-1789876001 HTTP/1.1" 200 -
2026-09-19 23:46:42,406 INFO "POST /v1/chat/completions HTTP/1.1" 200 -
2026-09-19 23:46:44,258 INFO "POST /v1/chat/completions HTTP/1.1" 200 -
2026-09-19 23:46:45,176 INFO "POST /v1/chat/completions HTTP/1.1" 200 -
2026-09-19 23:46:45,770 INFO "POST /v1/chat/completions HTTP/1.1" 200 -
2026-09-19 23:46:45,806 INFO "POST /v1/chat/completions HTTP/1.1" 200 -
2026-09-19 23:46:46,854 INFO "POST /v1/chat/completions HTTP/1.1" 200 -
2026-09-19 23:46:47,551 INFO "POST /v1/chat/completions HTTP/1.1" 200 -
2026-09-19 23:46:47,939 INFO "POST /v1/chat/completions HTTP/1.1" 200 -
2026-09-19 23:46:48,387 INFO "POST /v1/chat/completions HTTP/1.1" 200 -
2026-09-19 23:46:49,748 INFO "POST /v1/chat/completions HTTP/1.1" 200 -
2026-09-19 23:46:51,159 INFO "POST /v1/chat/completions HTTP/1.1" 200 -
2026-09-19 23:46:53,188 INFO "POST /v1/chat/completions HTTP/1.1" 200 -
2026-09-19 23:46:53,191 INFO "POST /v1/chat/completions HTTP/1.1" 200 -
2026-09-19 23:46:53,232 INFO "POST /v1/chat/completions HTTP/1.1" 200 -
2026-09-19 23:46:53,232 INFO "POST /v1/chat/completions HTTP/1.1" 200 -
2026-09-19 23:47:01,485 INFO "POST /v1/chat/completions HTTP/1.1" 200 -
2026-09-19 23:47:13,895 INFO "POST /v1/chat/completions HTTP/1.1" 200 -
2026-09-19 23:47:28,105 INFO "POST /v1/chat/completions HTTP/1.1" 200 -
2026-09-19 23:47:29,772 INFO "POST /v1/chat/completions HTTP/1.1" 200 -
2026-09-19 23:47:41,596 INFO "POST /v1/chat/completions HTTP/1.1" 200 -
2026-09-19 23:47:42,815 INFO "POST /v1/chat/completions HTTP/1.1" 200 -
2026-09-19 23:47:42,823 INFO "POST /v1/chat/completions HTTP/1.1" 200 -
2026-09-19 23:47:43,641 INFO "POST /v1/chat/completions HTTP/1.1" 200 -
2026-09-19 23:47:44,446 INFO "POST /v1/chat/completions HTTP/1.1" 200 -
2026-09-19 23:47:44,483 INFO "POST /v1/chat/completions HTTP/1.1" 400 -
2026-09-19 23:47:44,484 INFO "GET /v1/status HTTP/1.1" 200 -
2026-09-19 23:47:44,576 INFO "POST /v1/chat/completions HTTP/1.1" 200 -
2026-09-19 23:47:44,577 INFO "GET /v1/status HTTP/1.1" 200 -
2026-09-19 23:47:44,790 INFO "GET /v1/status HTTP/1.1" 200 -
2026-09-19 23:47:45,186 INFO "POST /v1/chat/completions HTTP/1.1" 200 -
2026-09-19 23:47:45,187 INFO "GET /health HTTP/1.1" 200 -
2026-09-19 23:47:45,188 INFO "GET /v1/status HTTP/1.1" 200 -
2026-09-19 23:47:45,250 INFO "GET /v1/status HTTP/1.1" 200 -
2026-09-19 23:47:45,307 INFO "GET /v1/status HTTP/1.1" 200 -
2026-09-19 23:47:45,367 INFO "GET /v1/status HTTP/1.1" 200 -
2026-09-19 23:47:45,421 INFO "GET /v1/status HTTP/1.1" 200 -
2026-09-19 23:47:45,478 INFO "GET /v1/status HTTP/1.1" 200 -
2026-09-19 23:47:45,539 INFO "GET /v1/status HTTP/1.1" 200 -
2026-09-19 23:47:45,595 INFO "GET /v1/status HTTP/1.1" 200 -
2026-09-19 23:47:45,657 INFO "GET /v1/status HTTP/1.1" 200 -
2026-09-19 23:47:45,712 INFO "GET /v1/status HTTP/1.1" 200 -
2026-09-19 23:47:45,770 INFO "GET /v1/status HTTP/1.1" 200 -
2026-09-19 23:47:45,832 INFO "GET /v1/status HTTP/1.1" 200 -
2026-09-19 23:47:45,889 INFO "GET /v1/status HTTP/1.1" 200 -
