[transformers] PyTorch was not found. Models won't be available and only tokenizers, configuration and file/data utilities can be used.
[trace]  0 close@   49 n=   53 correct=True rep4=0.0   0.9s | '95'
[trace]  1 close@   50 n=   54 correct=True rep4=0.0   0.6s | '168'
[trace]  2 close@   53 n=   57 correct=True rep4=0.0   0.6s | '623'
[trace]  3 close@   48 n=   52 correct=True rep4=0.022   0.6s | '366'
[trace]  4 close@   36 n=   40 correct=True rep4=0.0   0.5s | 'Tokyo'
[trace]  5 close@   29 n=   33 correct=True rep4=0.0   0.4s | 'Ottawa'
[trace]  6 close@   59 n=   63 correct=True rep4=0.036   0.7s | 'Au'
[trace]  7 close@   45 n=   49 correct=True rep4=0.024   0.6s | '6'
[trace]  8 close@   90 n=   94 correct=True rep4=0.057   1.0s | '37'
[trace]  9 close@  301 n=  306 correct=True rep4=0.436   3.0s | '1024'
[trace] 10 close@  108 n=  112 correct=True rep4=0.143   1.2s | '12'
[trace] 11 close@   44 n=   48 correct=True rep4=0.0   0.6s | '30'
[trace] 12 close@   78 n=   82 correct=True rep4=0.013   0.9s | '60'
[trace] 13 close@   74 n=   78 correct=True rep4=0.0   0.9s | '24'
[trace] 14 close@   59 n=   63 correct=True rep4=0.036   0.8s | '210'
[trace] 15 close@   49 n=   53 correct=True rep4=0.0   0.7s | 'agua'
[trace] 16 close@   57 n=   63 correct=True rep4=0.037   0.8s | '0.7'
[trace] 17 close@   59 n=   63 correct=True rep4=0.0   0.8s | '14'
[trace] 18 close@  151 n=  155 correct=True rep4=0.068   1.7s | '5'
[trace] 19 close@   69 n=   73 correct=True rep4=0.03   0.8s | '36'
[trace] 20 close@  189 n=  275 correct=True rep4=0.027   2.9s | 'Loop unrolling is a compiler optimization that rep'
[trace] 21 close@   47 n=  112 correct=True rep4=0.0   1.1s | 'The sky looks blue because molecules in the atmosp'
[trace] 22 close@   58 n=   71 correct=True rep4=0.0   0.7s | 'def double(x):\n    return 2 * x'
[trace] 23 close@  114 n=  130 correct=True rep4=0.054   1.3s | '1, 4, 9, 16, 25'
finished
