unit_tests: PASS
hermes_client: PASS
logprobs: PASS
sampling_controls: PASS
sampling_defaults: PASS
cold_text: PASS
warm_prefix: PASS
structured_output: PASS
structured_output_sampled: PASS
structured_output_thinking: PASS
stream: PASS
tools: PASS
tool_roundtrip: PASS
reasoning: PASS
stop: PASS
seed_repeat: PASS
batch: PASS
mixed_warm: PASS
shared_cohort_priming: PASS
shared_warm_requests: PASS
context: PASS
context_bound: PASS
cancel: PASS
recovery: PASS
quiescence: PASS
apcv2_reuse: PASS
apcv2_stores: PASS
mtp_segmented_attention: PASS
mtp_transaction_branches: PASS
mtp_committed_cycles: PASS
mtp_true_batching: PASS
mtp_zero_full_prefix_materializations: PASS
mtp_zero_physical_b2: PASS
mtp_zero_failures: PASS
mtp_execution: PASS
feature_apc_sessions: FAIL
Evidence: /private/tmp/mlx2-xing/qualification/runs/xing4-0-gpu-20260918/x6-mtp1-qualification.json
Traceback (most recent call last):
  File "/private/tmp/mlx2-xing/scripts/qualify_serving.py", line 1294, in <module>
    main()
  File "/private/tmp/mlx2-xing/scripts/qualify_serving.py", line 1270, in main
    check("feature_" + feature, observed[feature] > 0, execution)
  File "/private/tmp/mlx2-xing/scripts/qualify_serving.py", line 769, in check
    assert condition, name
           ^^^^^^^^^
AssertionError: feature_apc_sessions
