2026-09-18 21:27:58,627 INFO ubc_evict: evicted 4068.1 MB from UBC for ~/mlx-models/Xing4.0-29B-A4B-mlx-6bit/model-00001-of-00006.safetensors
2026-09-18 21:27:58,657 INFO ubc_evict: evicted 4048.2 MB from UBC for ~/mlx-models/Xing4.0-29B-A4B-mlx-6bit/model-00002-of-00006.safetensors
2026-09-18 21:27:58,687 INFO ubc_evict: evicted 4048.2 MB from UBC for ~/mlx-models/Xing4.0-29B-A4B-mlx-6bit/model-00003-of-00006.safetensors
2026-09-18 21:27:58,717 INFO ubc_evict: evicted 4048.2 MB from UBC for ~/mlx-models/Xing4.0-29B-A4B-mlx-6bit/model-00004-of-00006.safetensors
2026-09-18 21:27:58,748 INFO ubc_evict: evicted 4048.2 MB from UBC for ~/mlx-models/Xing4.0-29B-A4B-mlx-6bit/model-00005-of-00006.safetensors
2026-09-18 21:27:58,775 INFO ubc_evict: evicted 3464.2 MB from UBC for ~/mlx-models/Xing4.0-29B-A4B-mlx-6bit/model-00006-of-00006.safetensors
2026-09-18 21:27:58,775 INFO ubc_evict: pass complete total_mb=23725.2 elapsed_s=0.18
2026-09-18 21:27:59,638 INFO "GET /health HTTP/1.1" 503 -
2026-09-18 21:28:02,648 INFO "GET /health HTTP/1.1" 200 -
2026-09-18 21:28:02,650 INFO "GET /health HTTP/1.1" 200 -
2026-09-18 21:28:02,720 INFO "GET /v1/status HTTP/1.1" 200 -
2026-09-18 21:28:03,050 INFO "POST /v1/chat/completions HTTP/1.1" 200 -
2026-09-18 21:28:09,248 INFO "POST /v1/chat/completions HTTP/1.1" 200 -
2026-09-18 21:28:15,657 INFO "POST /v1/chat/completions HTTP/1.1" 200 -
2026-09-18 21:28:15,691 INFO "POST /v1/chat/completions HTTP/1.1" 200 -
2026-09-18 21:28:24,728 INFO "POST /v1/chat/completions HTTP/1.1" 200 -
2026-09-18 21:28:27,296 INFO "POST /v1/chat/completions HTTP/1.1" 200 -
2026-09-18 21:28:30,206 INFO "POST /v1/chat/completions HTTP/1.1" 200 -
2026-09-18 21:28:33,087 INFO "POST /v1/chat/completions HTTP/1.1" 200 -
2026-09-18 21:28:34,943 INFO "POST /v1/chat/completions HTTP/1.1" 200 -
2026-09-18 21:28:36,760 INFO "POST /v1/chat/completions HTTP/1.1" 200 -
2026-09-18 21:28:38,398 INFO "POST /v1/chat/completions HTTP/1.1" 200 -
2026-09-18 21:28:42,430 INFO "POST /v1/chat/completions HTTP/1.1" 200 -
2026-09-18 21:28:43,565 INFO "POST /v1/chat/completions HTTP/1.1" 200 -
2026-09-18 21:28:43,597 INFO "POST /v1/chat/completions HTTP/1.1" 200 -
2026-09-18 21:28:46,263 INFO "POST /v1/chat/completions HTTP/1.1" 200 -
2026-09-18 21:28:46,918 INFO "POST /v1/chat/completions HTTP/1.1" 200 -
2026-09-18 21:28:47,733 INFO "POST /v1/chat/completions HTTP/1.1" 200 -
2026-09-18 21:28:49,563 INFO "POST /v1/chat/completions HTTP/1.1" 200 -
2026-09-18 21:29:00,860 INFO "POST /v1/chat/completions HTTP/1.1" 200 -
2026-09-18 21:29:12,173 INFO "POST /v1/chat/completions HTTP/1.1" 200 -
2026-09-18 21:29:16,468 INFO "POST /v1/chat/completions HTTP/1.1" 200 -
2026-09-18 21:29:16,468 INFO "POST /v1/chat/completions HTTP/1.1" 200 -
2026-09-18 21:29:16,468 INFO "POST /v1/chat/completions HTTP/1.1" 200 -
2026-09-18 21:29:16,468 INFO "POST /v1/chat/completions HTTP/1.1" 200 -
2026-09-18 21:29:50,651 INFO "POST /v1/chat/completions HTTP/1.1" 200 -
2026-09-18 21:30:15,028 INFO "POST /v1/chat/completions HTTP/1.1" 200 -
2026-09-18 21:30:50,190 INFO "POST /v1/chat/completions HTTP/1.1" 200 -
2026-09-18 21:30:59,935 INFO "POST /v1/chat/completions HTTP/1.1" 200 -
2026-09-18 21:31:39,840 INFO "POST /v1/chat/completions HTTP/1.1" 200 -
2026-09-18 21:31:42,719 INFO "POST /v1/chat/completions HTTP/1.1" 200 -
2026-09-18 21:31:42,721 INFO "POST /v1/chat/completions HTTP/1.1" 200 -
2026-09-18 21:31:44,334 INFO "POST /v1/chat/completions HTTP/1.1" 200 -
2026-09-18 21:31:45,923 INFO "POST /v1/chat/completions HTTP/1.1" 200 -
2026-09-18 21:31:45,975 INFO "POST /v1/chat/completions HTTP/1.1" 400 -
2026-09-18 21:31:45,976 INFO "GET /v1/status HTTP/1.1" 200 -
2026-09-18 21:31:46,072 INFO "POST /v1/chat/completions HTTP/1.1" 200 -
2026-09-18 21:31:46,077 INFO "GET /v1/status HTTP/1.1" 200 -
2026-09-18 21:31:46,288 INFO "GET /v1/status HTTP/1.1" 200 -
2026-09-18 21:31:48,132 INFO "POST /v1/chat/completions HTTP/1.1" 200 -
2026-09-18 21:31:48,133 INFO "GET /health HTTP/1.1" 200 -
2026-09-18 21:31:48,134 INFO "GET /v1/status HTTP/1.1" 200 -
2026-09-18 21:31:48,196 INFO "GET /v1/status HTTP/1.1" 200 -
2026-09-18 21:31:48,258 INFO "GET /v1/status HTTP/1.1" 200 -
2026-09-18 21:31:48,316 INFO "GET /v1/status HTTP/1.1" 200 -
2026-09-18 21:31:48,372 INFO "GET /v1/status HTTP/1.1" 200 -
2026-09-18 21:31:48,427 INFO "GET /v1/status HTTP/1.1" 200 -
2026-09-18 21:31:48,484 INFO "GET /v1/status HTTP/1.1" 200 -
2026-09-18 21:31:48,541 INFO "GET /v1/status HTTP/1.1" 200 -
2026-09-18 21:31:48,597 INFO "GET /v1/status HTTP/1.1" 200 -
2026-09-18 21:31:48,658 INFO "GET /v1/status HTTP/1.1" 200 -
2026-09-18 21:31:48,820 INFO "GET /health HTTP/1.1" 200 -
