2026-09-18 21:36:04,727 INFO ubc_evict: evicted 4068.1 MB from UBC for ~/mlx-models/Xing4.0-29B-A4B-mlx-6bit/model-00001-of-00006.safetensors
2026-09-18 21:36:04,760 INFO ubc_evict: evicted 4048.2 MB from UBC for ~/mlx-models/Xing4.0-29B-A4B-mlx-6bit/model-00002-of-00006.safetensors
2026-09-18 21:36:04,792 INFO ubc_evict: evicted 4048.2 MB from UBC for ~/mlx-models/Xing4.0-29B-A4B-mlx-6bit/model-00003-of-00006.safetensors
2026-09-18 21:36:04,824 INFO ubc_evict: evicted 4048.2 MB from UBC for ~/mlx-models/Xing4.0-29B-A4B-mlx-6bit/model-00004-of-00006.safetensors
2026-09-18 21:36:04,858 INFO ubc_evict: evicted 4048.2 MB from UBC for ~/mlx-models/Xing4.0-29B-A4B-mlx-6bit/model-00005-of-00006.safetensors
2026-09-18 21:36:04,892 INFO ubc_evict: evicted 3464.2 MB from UBC for ~/mlx-models/Xing4.0-29B-A4B-mlx-6bit/model-00006-of-00006.safetensors
2026-09-18 21:36:04,893 INFO ubc_evict: pass complete total_mb=23725.2 elapsed_s=0.20
2026-09-18 21:36:05,704 INFO "GET /health HTTP/1.1" 503 -
2026-09-18 21:36:08,711 INFO "GET /health HTTP/1.1" 200 -
2026-09-18 21:36:08,712 INFO "GET /health HTTP/1.1" 200 -
2026-09-18 21:36:08,784 INFO "GET /v1/status HTTP/1.1" 200 -
2026-09-18 21:36:09,277 INFO "POST /v1/chat/completions HTTP/1.1" 200 -
2026-09-18 21:36:18,149 INFO "POST /v1/chat/completions HTTP/1.1" 200 -
2026-09-18 21:36:27,178 INFO "POST /v1/chat/completions HTTP/1.1" 200 -
2026-09-18 21:36:27,214 INFO "POST /v1/chat/completions HTTP/1.1" 200 -
2026-09-18 21:36:40,946 INFO "POST /v1/chat/completions HTTP/1.1" 200 -
2026-09-18 21:36:45,651 INFO "POST /v1/chat/completions HTTP/1.1" 200 -
2026-09-18 21:36:49,616 INFO "POST /v1/chat/completions HTTP/1.1" 200 -
2026-09-18 21:36:53,594 INFO "POST /v1/chat/completions HTTP/1.1" 200 -
2026-09-18 21:36:56,277 INFO "POST /v1/chat/completions HTTP/1.1" 200 -
2026-09-18 21:36:58,927 INFO "POST /v1/chat/completions HTTP/1.1" 200 -
2026-09-18 21:37:04,316 INFO "POST /v1/chat/completions HTTP/1.1" 200 -
2026-09-18 21:37:08,638 INFO "POST /v1/chat/completions HTTP/1.1" 200 -
2026-09-18 21:37:11,068 INFO "POST /v1/chat/completions HTTP/1.1" 200 -
2026-09-18 21:37:11,105 INFO "POST /v1/chat/completions HTTP/1.1" 200 -
2026-09-18 21:37:15,031 INFO "POST /v1/chat/completions HTTP/1.1" 200 -
2026-09-18 21:37:15,985 INFO "POST /v1/chat/completions HTTP/1.1" 200 -
2026-09-18 21:37:17,547 INFO "POST /v1/chat/completions HTTP/1.1" 200 -
2026-09-18 21:37:20,204 INFO "POST /v1/chat/completions HTTP/1.1" 200 -
2026-09-18 21:37:31,771 INFO "POST /v1/chat/completions HTTP/1.1" 200 -
2026-09-18 21:37:43,298 INFO "POST /v1/chat/completions HTTP/1.1" 200 -
2026-09-18 21:37:49,410 INFO "POST /v1/chat/completions HTTP/1.1" 200 -
2026-09-18 21:37:49,410 INFO "POST /v1/chat/completions HTTP/1.1" 200 -
2026-09-18 21:37:49,410 INFO "POST /v1/chat/completions HTTP/1.1" 200 -
2026-09-18 21:37:49,410 INFO "POST /v1/chat/completions HTTP/1.1" 200 -
2026-09-18 21:38:29,337 INFO "POST /v1/chat/completions HTTP/1.1" 200 -
2026-09-18 21:39:14,451 INFO "POST /v1/chat/completions HTTP/1.1" 200 -
2026-09-18 21:40:19,778 INFO "POST /v1/chat/completions HTTP/1.1" 200 -
2026-09-18 21:40:22,691 INFO "POST /v1/chat/completions HTTP/1.1" 200 -
2026-09-18 21:41:06,014 INFO "POST /v1/chat/completions HTTP/1.1" 200 -
2026-09-18 21:41:12,124 INFO "POST /v1/chat/completions HTTP/1.1" 200 -
2026-09-18 21:41:12,134 INFO "POST /v1/chat/completions HTTP/1.1" 200 -
2026-09-18 21:41:14,352 INFO "POST /v1/chat/completions HTTP/1.1" 200 -
2026-09-18 21:41:16,565 INFO "POST /v1/chat/completions HTTP/1.1" 200 -
2026-09-18 21:41:16,617 INFO "POST /v1/chat/completions HTTP/1.1" 400 -
2026-09-18 21:41:16,626 INFO "GET /v1/status HTTP/1.1" 200 -
2026-09-18 21:41:16,724 INFO "POST /v1/chat/completions HTTP/1.1" 200 -
2026-09-18 21:41:16,725 INFO "GET /v1/status HTTP/1.1" 200 -
2026-09-18 21:41:16,936 INFO "GET /v1/status HTTP/1.1" 200 -
2026-09-18 21:41:19,687 INFO "POST /v1/chat/completions HTTP/1.1" 200 -
2026-09-18 21:41:19,691 INFO "GET /health HTTP/1.1" 200 -
2026-09-18 21:41:19,692 INFO "GET /v1/status HTTP/1.1" 200 -
2026-09-18 21:41:19,754 INFO "GET /v1/status HTTP/1.1" 200 -
2026-09-18 21:41:19,816 INFO "GET /v1/status HTTP/1.1" 200 -
2026-09-18 21:41:19,878 INFO "GET /v1/status HTTP/1.1" 200 -
2026-09-18 21:41:19,939 INFO "GET /v1/status HTTP/1.1" 200 -
2026-09-18 21:41:20,000 INFO "GET /v1/status HTTP/1.1" 200 -
2026-09-18 21:41:20,062 INFO "GET /v1/status HTTP/1.1" 200 -
2026-09-18 21:41:20,124 INFO "GET /v1/status HTTP/1.1" 200 -
2026-09-18 21:41:20,186 INFO "GET /v1/status HTTP/1.1" 200 -
2026-09-18 21:41:20,246 INFO "GET /v1/status HTTP/1.1" 200 -
2026-09-18 21:41:20,305 INFO "GET /v1/status HTTP/1.1" 200 -
2026-09-18 21:41:20,367 INFO "GET /v1/status HTTP/1.1" 200 -
2026-09-18 21:41:20,429 INFO "GET /v1/status HTTP/1.1" 200 -
2026-09-18 21:41:20,489 INFO "GET /v1/status HTTP/1.1" 200 -
2026-09-18 21:41:20,687 INFO "GET /health HTTP/1.1" 200 -
