unit_tests: PASS
hermes_client: PASS
logprobs: PASS
sampling_controls: PASS
cold_text: PASS
warm_prefix: PASS
stream: PASS
tools: PASS
tool_roundtrip: PASS
reasoning: PASS
stop: PASS
seed_repeat: PASS
batch: PASS
mixed_warm: PASS
context: FAIL
Evidence: ~/Desktop/mlx2/qualification/runs/macos-26.7/flash-next/mtp/route-qualification-84a08d12.json
Traceback (most recent call last):
  File "~/Desktop/mlx2/scripts/qualify_serving.py", line 645, in <module>
    main()
  File "~/Desktop/mlx2/scripts/qualify_serving.py", line 525, in main
    check(
  File "~/Desktop/mlx2/scripts/qualify_serving.py", line 311, in check
    assert condition, name
           ^^^^^^^^^
AssertionError: context
