[transformers] PyTorch was not found. Models won't be available and only tokenizers, configuration and file/data utilities can be used.
2026-09-16 00:30:49,163 INFO "GET /v1/status HTTP/1.1" 200 -
2026-09-16 00:30:50,199 INFO "GET /v1/status HTTP/1.1" 200 -
2026-09-16 00:30:50,264 INFO ubc_evict: evicted 5090.2 MB from UBC for ~/mlx-models/Muse-Glimmer-30B-mlx-4bit/model-00001-of-00004.safetensors
2026-09-16 00:30:50,285 INFO ubc_evict: evicted 5117.7 MB from UBC for ~/mlx-models/Muse-Glimmer-30B-mlx-4bit/model-00002-of-00004.safetensors
2026-09-16 00:30:50,306 INFO ubc_evict: evicted 5111.0 MB from UBC for ~/mlx-models/Muse-Glimmer-30B-mlx-4bit/model-00003-of-00004.safetensors
2026-09-16 00:30:50,315 INFO ubc_evict: evicted 5040.1 MB from UBC for ~/mlx-models/Muse-Glimmer-30B-mlx-4bit/model-00004-of-00004.safetensors
2026-09-16 00:30:50,315 INFO ubc_evict: pass complete total_mb=20359.0 elapsed_s=0.07
[transformers] You are using a model of type `muse_glimmer` to instantiate a model of type ``. This may be expected if you are loading a checkpoint that shares a subset of the architecture (e.g., loading a `sam2_video` checkpoint into `Sam2Model`), but is otherwise not supported and can yield errors. Please verify that the checkpoint is compatible with the model you are instantiating.
2026-09-16 00:30:51,235 INFO "GET /v1/status HTTP/1.1" 200 -
2026-09-16 00:30:52,263 INFO "GET /v1/status HTTP/1.1" 200 -
2026-09-16 00:30:52,280 INFO "GET /v1/status HTTP/1.1" 200 -
2026-09-16 00:30:52,345 INFO "GET /v1/status HTTP/1.1" 200 -
2026-09-16 00:30:52,410 INFO "GET /v1/status HTTP/1.1" 200 -
2026-09-16 00:31:02,424 INFO "POST /v1/chat/completions HTTP/1.1" 200 -
2026-09-16 00:31:02,766 INFO "POST /v1/chat/completions HTTP/1.1" 200 -
2026-09-16 00:31:02,774 ERROR generation worker failed
Traceback (most recent call last):
  File "~/Desktop/mlx2/src/mlx2/serving.py", line 598, in _run
    prompts, responses = batch.next()
                         ^^^^^^^^^^^^
  File "~/Desktop/mlx2/src/mlx2/runtime/external_speculative.py", line 336, in next
    prompts.append(self._prefill(lane)); break
                   ^^^^^^^^^^^^^^^^^^^
  File "~/Desktop/mlx2/src/mlx2/runtime/external_speculative.py", line 161, in _prefill
    self.boundaries[lane.uid] = {"committed_only": True, "tokens": list(lane.history), "target_cache": copy.deepcopy(lane.cache), "covered_tokens": len(lane.history), "cache_sidecar": self._sidecar(lane)}
                                                                                                       ^^^^^^^^^^^^^^^^^^^^^^^^^
  File "~/.local/share/uv/python/cpython-3.12.13-macos-aarch64-none/lib/python3.12/copy.py", line 136, in deepcopy
    y = copier(x, memo)
        ^^^^^^^^^^^^^^^
  File "~/.local/share/uv/python/cpython-3.12.13-macos-aarch64-none/lib/python3.12/copy.py", line 196, in _deepcopy_list
    append(deepcopy(a, memo))
           ^^^^^^^^^^^^^^^^^
  File "~/.local/share/uv/python/cpython-3.12.13-macos-aarch64-none/lib/python3.12/copy.py", line 162, in deepcopy
    y = _reconstruct(x, memo, *rv)
        ^^^^^^^^^^^^^^^^^^^^^^^^^^
  File "~/.local/share/uv/python/cpython-3.12.13-macos-aarch64-none/lib/python3.12/copy.py", line 259, in _reconstruct
    state = deepcopy(state, memo)
            ^^^^^^^^^^^^^^^^^^^^^
  File "~/.local/share/uv/python/cpython-3.12.13-macos-aarch64-none/lib/python3.12/copy.py", line 136, in deepcopy
    y = copier(x, memo)
        ^^^^^^^^^^^^^^^
  File "~/.local/share/uv/python/cpython-3.12.13-macos-aarch64-none/lib/python3.12/copy.py", line 221, in _deepcopy_dict
    y[deepcopy(key, memo)] = deepcopy(value, memo)
                             ^^^^^^^^^^^^^^^^^^^^^
  File "~/.local/share/uv/python/cpython-3.12.13-macos-aarch64-none/lib/python3.12/copy.py", line 136, in deepcopy
    y = copier(x, memo)
        ^^^^^^^^^^^^^^^
  File "~/.local/share/uv/python/cpython-3.12.13-macos-aarch64-none/lib/python3.12/copy.py", line 221, in _deepcopy_dict
    y[deepcopy(key, memo)] = deepcopy(value, memo)
                             ^^^^^^^^^^^^^^^^^^^^^
  File "~/.local/share/uv/python/cpython-3.12.13-macos-aarch64-none/lib/python3.12/copy.py", line 162, in deepcopy
    y = _reconstruct(x, memo, *rv)
        ^^^^^^^^^^^^^^^^^^^^^^^^^^
  File "~/.local/share/uv/python/cpython-3.12.13-macos-aarch64-none/lib/python3.12/copy.py", line 259, in _reconstruct
    state = deepcopy(state, memo)
            ^^^^^^^^^^^^^^^^^^^^^
  File "~/.local/share/uv/python/cpython-3.12.13-macos-aarch64-none/lib/python3.12/copy.py", line 136, in deepcopy
    y = copier(x, memo)
        ^^^^^^^^^^^^^^^
  File "~/.local/share/uv/python/cpython-3.12.13-macos-aarch64-none/lib/python3.12/copy.py", line 221, in _deepcopy_dict
    y[deepcopy(key, memo)] = deepcopy(value, memo)
                             ^^^^^^^^^^^^^^^^^^^^^
  File "~/.local/share/uv/python/cpython-3.12.13-macos-aarch64-none/lib/python3.12/copy.py", line 162, in deepcopy
    y = _reconstruct(x, memo, *rv)
        ^^^^^^^^^^^^^^^^^^^^^^^^^^
  File "~/.local/share/uv/python/cpython-3.12.13-macos-aarch64-none/lib/python3.12/copy.py", line 259, in _reconstruct
    state = deepcopy(state, memo)
            ^^^^^^^^^^^^^^^^^^^^^
  File "~/.local/share/uv/python/cpython-3.12.13-macos-aarch64-none/lib/python3.12/copy.py", line 136, in deepcopy
    y = copier(x, memo)
        ^^^^^^^^^^^^^^^
  File "~/.local/share/uv/python/cpython-3.12.13-macos-aarch64-none/lib/python3.12/copy.py", line 221, in _deepcopy_dict
    y[deepcopy(key, memo)] = deepcopy(value, memo)
                             ^^^^^^^^^^^^^^^^^^^^^
  File "~/.local/share/uv/python/cpython-3.12.13-macos-aarch64-none/lib/python3.12/copy.py", line 151, in deepcopy
    rv = reductor(4)
         ^^^^^^^^^^^
TypeError: cannot pickle '_thread.lock' object
2026-09-16 00:31:02,784 INFO "POST /v1/chat/completions HTTP/1.1" 503 -
TypeError: cannot pickle '_thread.lock' object
