unit_tests: PASS
hermes_client: PASS
logprobs: PASS
sampling_controls: PASS
cold_text: PASS
warm_prefix: PASS
stream: PASS
tools: PASS
tool_roundtrip: PASS
reasoning: PASS
stop: PASS
seed_repeat: PASS
batch: PASS
mixed_warm: PASS
context: PASS
shared_cohort_priming: PASS
shared_warm_requests: PASS
context_bound: PASS
cancel: PASS
recovery: PASS
quiescence: PASS
apcv2_reuse: PASS
apcv2_stores: PASS
feature_compiled_ple: PASS
feature_eager_dispatch: PASS
feature_file_backed_ple: PASS
feature_fused_gdn_decode: PASS
feature_fused_moe: PASS
feature_pooled_qsa: PASS
feature_scatter_qsa: PASS
cache_leases: PASS
runtime_stable: PASS
Evidence: ~/Desktop/mlx2/qualification/runs/macos-26.7/flash-next/ordinary/route-qualification-c59a29e8.json
