unit_tests: PASS
Evidence: ~/Desktop/mlx2/qualification/runs/macos-26.7/flash-next/ordinary/route-qualification-d529504e-private-delta-v6.json
Traceback (most recent call last):
  File "~/.local/share/uv/python/cpython-3.12.13-macos-aarch64-none/lib/python3.12/urllib/request.py", line 1344, in do_open
    h.request(req.get_method(), req.selector, req.data, headers,
  File "~/.local/share/uv/python/cpython-3.12.13-macos-aarch64-none/lib/python3.12/http/client.py", line 1358, in request
    self._send_request(method, url, body, headers, encode_chunked)
  File "~/.local/share/uv/python/cpython-3.12.13-macos-aarch64-none/lib/python3.12/http/client.py", line 1404, in _send_request
    self.endheaders(body, encode_chunked=encode_chunked)
  File "~/.local/share/uv/python/cpython-3.12.13-macos-aarch64-none/lib/python3.12/http/client.py", line 1353, in endheaders
    self._send_output(message_body, encode_chunked=encode_chunked)
  File "~/.local/share/uv/python/cpython-3.12.13-macos-aarch64-none/lib/python3.12/http/client.py", line 1113, in _send_output
    self.send(msg)
  File "~/.local/share/uv/python/cpython-3.12.13-macos-aarch64-none/lib/python3.12/http/client.py", line 1057, in send
    self.connect()
  File "~/.local/share/uv/python/cpython-3.12.13-macos-aarch64-none/lib/python3.12/http/client.py", line 1023, in connect
    self.sock = self._create_connection(
                ^^^^^^^^^^^^^^^^^^^^^^^^
  File "~/.local/share/uv/python/cpython-3.12.13-macos-aarch64-none/lib/python3.12/socket.py", line 865, in create_connection
    raise exceptions[0]
  File "~/.local/share/uv/python/cpython-3.12.13-macos-aarch64-none/lib/python3.12/socket.py", line 850, in create_connection
    sock.connect(sa)
ConnectionRefusedError: [Errno 61] Connection refused

During handling of the above exception, another exception occurred:

Traceback (most recent call last):
  File "/private/tmp/mlx2-flash-next-d529504e-20260916/qualify-serving-thermal-barrier.py", line 505, in <module>
    main()
  File "/private/tmp/mlx2-flash-next-d529504e-20260916/qualify-serving-thermal-barrier.py", line 497, in main
    qualifier.main()
  File "~/Desktop/mlx2/scripts/qualify_serving.py", line 318, in main
    hermes = post(prompt("Reply with exactly HERMES_READY", options={"num_ctx": 262144}, reasoning_effort="none", think=False))
             ^^^^^^^^^^^^^^^^^^^^^^^^^^^^^^^^^^^^^^^^^^^^^^^^^^^^^^^^^^^^^^^^^^^^^^^^^^^^^^^^^^^^^^^^^^^^^^^^^^^^^^^^^^^^^^^^^^
  File "~/Desktop/mlx2/scripts/qualify_serving.py", line 275, in post
    response = urlopen(
               ^^^^^^^^
  File "/private/tmp/mlx2-flash-next-d529504e-20260916/qualify-serving-thermal-barrier.py", line 477, in gated_urlopen
    status = read_status() if body is not None else None
             ^^^^^^^^^^^^^
  File "/private/tmp/mlx2-flash-next-d529504e-20260916/qualify-serving-thermal-barrier.py", line 285, in read_status
    with original_urlopen(base_url + "/v1/status", timeout=30) as response:
         ^^^^^^^^^^^^^^^^^^^^^^^^^^^^^^^^^^^^^^^^^^^^^^^^^^^^^
  File "~/.local/share/uv/python/cpython-3.12.13-macos-aarch64-none/lib/python3.12/urllib/request.py", line 215, in urlopen
    return opener.open(url, data, timeout)
           ^^^^^^^^^^^^^^^^^^^^^^^^^^^^^^^
  File "~/.local/share/uv/python/cpython-3.12.13-macos-aarch64-none/lib/python3.12/urllib/request.py", line 515, in open
    response = self._open(req, data)
               ^^^^^^^^^^^^^^^^^^^^^
  File "~/.local/share/uv/python/cpython-3.12.13-macos-aarch64-none/lib/python3.12/urllib/request.py", line 532, in _open
    result = self._call_chain(self.handle_open, protocol, protocol +
             ^^^^^^^^^^^^^^^^^^^^^^^^^^^^^^^^^^^^^^^^^^^^^^^^^^^^^^^
  File "~/.local/share/uv/python/cpython-3.12.13-macos-aarch64-none/lib/python3.12/urllib/request.py", line 492, in _call_chain
    result = func(*args)
             ^^^^^^^^^^^
  File "~/.local/share/uv/python/cpython-3.12.13-macos-aarch64-none/lib/python3.12/urllib/request.py", line 1373, in http_open
    return self.do_open(http.client.HTTPConnection, req)
           ^^^^^^^^^^^^^^^^^^^^^^^^^^^^^^^^^^^^^^^^^^^^^
  File "~/.local/share/uv/python/cpython-3.12.13-macos-aarch64-none/lib/python3.12/urllib/request.py", line 1347, in do_open
    raise URLError(err)
urllib.error.URLError: <urlopen error [Errno 61] Connection refused>
